[Licensing::Module] Trying to connect to existing licensing client channel...
[Licensing::IpcConnector] Successfully connected to: "LicenseClient-tyler" at "2026-06-21T06:27:01.9729179Z"
Built from '6000.5/staging' branch; Version is '6000.5.0f1 (88b47c5e7076) revision 8959100'; Using compiler version '194234433'; Build Type 'Release'
OS: 'Windows 11  (10.0.26220) Core' Language: 'en' Physical Memory: 16299 MB
BatchMode: 1, IsHumanControllingUs: 0, StartBugReporterOnCrash: 0, Is64bit: 1
System  architecture: x64
Process architecture: x64
Date: 2026-06-21T06:27:01Z

COMMAND LINE ARGUMENTS:
C:\Program Files\Unity\Hub\Editor\6000.5.0f1\Editor\Unity.exe
-adb2
-batchMode
-noUpm
-name
AssetImportWorkerHW9
-projectPath
C:/Users/tyler/Documents/GitHub/Game-Dev-III/My project
-logFile
Logs/AssetImportWorkerHW9.log
-srvPort
65500
-parentPid
3256
-analyticsCloudUserId
16768056786696
-analyticsCloudProjectId
655af935-c563-4d7e-a444-bc081339ca92
-analyticsLocalProjectId
f1b9c14d5627bcc44b85b92b47ef70cd
-noDiagnosticSwitchPersistentStore
-job-worker-count
5
-background-job-worker-count
8
-asset-garbage-collectors
1
-force-d3d12
-name
AssetImport
Successfully changed project path to: C:/Users/tyler/Documents/GitHub/Game-Dev-III/My project
C:/Users/tyler/Documents/GitHub/Game-Dev-III/My project
[UnityMemory] Configuration Parameters - Can be set up in boot.config
    "memorysetup-temp-allocator-size-gi-baking-worker=262144"
    "memorysetup-temp-allocator-size-gi-baking-worker=262144"
    "memorysetup-temp-allocator-size-gi-baking-worker=262144"
    "memorysetup-temp-allocator-size-gi-baking-worker=262144"
    "memorysetup-temp-allocator-size-gi-baking-worker=262144"
    "memorysetup-temp-allocator-size-nav-mesh-worker=65536"
    "memorysetup-temp-allocator-size-audio-worker=65536"
    "memorysetup-temp-allocator-size-cloud-worker=32768"
    "memorysetup-temp-allocator-size-gfx=262144"
    "memorysetup-temp-allocator-size-preload-manager=33554432"
    "memorysetup-allocator-temp-initial-block-size-main=262144"
    "memorysetup-allocator-temp-initial-block-size-worker=262144"
    "memorysetup-temp-allocator-size-job-worker=262144"
    "memorysetup-temp-allocator-size-background-worker=32768"
    "memorysetup-bucket-allocator-granularity=16"
    "memorysetup-bucket-allocator-bucket-count=8"
    "memorysetup-bucket-allocator-block-size=33554432"
    "memorysetup-bucket-allocator-block-count=8"
    "memorysetup-main-allocator-block-size=16777216"
    "memorysetup-thread-allocator-block-size=16777216"
    "memorysetup-main-allocator-mimalloc-enabled=0"
    "memorysetup-gfx-main-allocator-block-size=16777216"
    "memorysetup-gfx-thread-allocator-block-size=16777216"
    "memorysetup-cache-allocator-block-size=4194304"
    "memorysetup-typetree-allocator-block-size=2097152"
    "memorysetup-profiler-bucket-allocator-granularity=16"
    "memorysetup-profiler-bucket-allocator-bucket-count=8"
    "memorysetup-profiler-bucket-allocator-block-size=33554432"
    "memorysetup-profiler-bucket-allocator-block-count=8"
    "memorysetup-profiler-allocator-block-size=16777216"
    "memorysetup-profiler-editor-allocator-block-size=1048576"
    "memorysetup-temp-allocator-size-main=16777216"
    "memorysetup-job-temp-allocator-block-size=2097152"
    "memorysetup-job-temp-allocator-block-size-background=1048576"
    "memorysetup-job-temp-allocator-reduction-small-platforms=262144"
Player connection [19648]  Target information:

Player connection [19648]  * "[IP] 172.20.10.4 [Port] 0 [Flags] 2 [Guid] 966720285 [EditorId] 966720285 [Version] 1048832 [Id] WindowsEditor(7,DESKTOP-ONOH9UU) [Debug] 1 [PackageName] WindowsEditor [ProjectName] Editor" 

Player connection [19648] Host joined multi-casting on [225.0.0.222:54997]...
Player connection [19648] Host joined alternative multi-casting on [225.0.0.222:34997]...
JobSystem: Creating JobQueue using job-worker-count value 5
Input System module state changed to: Initialized.
[Physics::Module] Initialized fallback backend.
[Physics::Module] Id: 0xdecafbad
Library Redirect Path: Library/
[Physics::Module] Selected backend.
[Physics::Module] Name: PhysX
[Physics::Module] Id: 0xf2b8ea05
[Physics::Module] SDK Version: 4.1.2
[Physics::Module] Integration Version: 1.0.0
[Physics::Module] Threading Mode: Multi-Threaded
Refreshing native plugins compatible for Editor in 14.54 ms, found 4 plugins.
Initialize engine version: 6000.5.0f1 (88b47c5e7076)
[Subsystems] Discovering subsystems at path C:/Program Files/Unity/Hub/Editor/6000.5.0f1/Editor/Data/Resources/UnitySubsystems
[Subsystems] Discovering subsystems at path C:/Users/tyler/Documents/GitHub/Game-Dev-III/My project/Assets
Forcing GfxDevice: Direct3D 12
GfxDevice: creating device client; kGfxThreadingModeNonThreaded
d3d12: failed to query info queue interface (0x80004002).
Direct3D:
    Version:         Direct3D 12 [level 12.1]
    Renderer:        NVIDIA GeForce GTX 1070 (ID=0x1b81)
    Vendor:          NVIDIA
    VRAM:            8067 MB
    App VRAM Budget: 7299 MB
    Driver:          32.0.15.8228
Initialize mono
Mono path[0] = 'C:/Program Files/Unity/Hub/Editor/6000.5.0f1/Editor/Data/Managed'
Mono path[1] = 'C:/Program Files/Unity/Hub/Editor/6000.5.0f1/Editor/Data/BCLExtensions/runtime/netstandard2.1'
Mono path[2] = 'C:/Program Files/Unity/Hub/Editor/6000.5.0f1/Editor/Data/MonoBleedingEdge/lib/mono/unityjit-win32'
Mono config path = 'C:/Program Files/Unity/Hub/Editor/6000.5.0f1/Editor/Data/MonoBleedingEdge/etc'
Using monoOptions --debugger-agent=transport=dt_socket,embedding=1,server=y,suspend=n,address=127.0.0.1:56740
CodeReloadManager initialized
Begin MonoManager ReloadAssembly
Registering precompiled unity dll's ...
Register platform support module: C:/Program Files/Unity/Hub/Editor/6000.5.0f1/Editor/Data/PlaybackEngines/WebGLSupport/UnityEditor.WebGL.Extensions.dll
Register platform support module: C:/Program Files/Unity/Hub/Editor/6000.5.0f1/Editor/Data/PlaybackEngines/WindowsStandaloneSupport/UnityEditor.WindowsStandalone.Extensions.dll
Registered in 0.002431 seconds.
[Licensing::Client] Error: HandshakeResponse reported an error:
	ResponseCode: 505
	ResponseStatus: Unsupported protocol version '1.18.1'.
[Licensing::Module] Error: Failed to handshake to channel: "LicenseClient-tyler"
[Licensing::IpcConnector] LicenseClient-tyler channel disconnected successfully.
[Licensing::IpcConnector] Successfully connected to: "LicenseClient-tyler-6000.5.0" at "2026-06-21T06:27:04.0367823Z"
[Licensing::Client] Code 10 while verifying Licensing Client signature (process Id: 3132, path: "C:/Program Files/Unity/Hub/Editor/6000.5.0f1/Editor/Data/Resources/Licensing/Client/Unity.Licensing.Client.exe")
[Licensing::Module] LicensingClient has failed validation; ignoring
[Licensing::Client] Handshaking with LicensingClient:
  Version:                 1.18.1+9fbee8e
  Session Id:              4c41435c68ed44ad91c317376238ebba
  Correlation Id:          96b3fbc6361fbea4da6afb0858b9961b
  External correlation Id: 7200469203083617482
  Machine Id:              B5zBSgBVrNKhZO/DEt1/zZ3MoTs=
[Licensing::Module] Successfully connected to LicensingClient on channel: "LicenseClient-tyler-6000.5.0" (connect: 0.00s, validation: 0.00s, handshake: 0.01s)
[Licensing::IpcConnector] Successfully connected to: "LicenseClient-tyler-6000.5.0-notifications" at "2026-06-21T06:27:04.0476327Z"
[Licensing::Module] Licensing Background thread has ended after 2.08s
Native extension for WindowsStandalone target not found
Native extension for WebGL target not found
Package Manager log level set to [2]
[Package Manager] Failed to launch server process. Reason: Unity was launched with the -noUpm command-line argument
[Package Manager] Unable to send message (not connected to server process).
[Package Manager] Cannot connect to Unity Package Manager local server
ScheduleIndexationOnStartup MainProcess:False IndexOnStartup:True
Mono: successfully reloaded assembly
- Finished resetting the current domain, in  0.489 seconds
Domain Reload Profiling: 1236ms
	BeginReloadAssembly (211ms)
	RebuildCommonClasses (6ms)
	RebuildNativeTypeToScriptingClass (21ms)
	initialDomainReloadingComplete (89ms)
	LoadAllAssembliesAndSetupDomain (418ms)
		LoadAssemblies (206ms)
		AnalyzeDomain (310ms)
			TypeCache.Refresh (308ms)
				TypeCache.ScanAssembly (280ms)
	FinalizeReload (491ms)
		SetupLoadedEditorAssemblies (0ms)
			InitializePlatformSupportModulesInManaged (3ms)
			BeforeProcessingInitializeOnLoad (117ms)
			ProcessInitializeOnLoadAttributes (124ms)
			ProcessInitializeOnLoadMethodAttributes (147ms)
Initializing Unity extensions:
[Licensing::Client] Successfully resolved entitlement details
[Licensing::Module] License group:
  Id: 16768056786696-UnityPersXXXX
  Product: Unity Personal
  Type: Assigned
  Expiration: Unlimited
Curl error 3: URL rejected: Malformed input to a URL function
========================================================================
Worker process is ready to serve import requests
Import Worker Mode flag is 0x00
Begin MonoManager ReloadAssembly
Native extension for WindowsStandalone target not found
Native extension for WebGL target not found
[Package Manager] Failed to launch server process. Reason: Unity was launched with the -noUpm command-line argument
[Package Manager] Unable to send message (not connected to server process).
[Package Manager] Cannot connect to Unity Package Manager local server
[Package Manager] Failed to launch server process. Reason: Unity was launched with the -noUpm command-line argument
[Package Manager] Unable to send message (not connected to server process).
[Package Manager] Cannot connect to Unity Package Manager local server
ScheduleIndexationOnStartup MainProcess:False IndexOnStartup:True
Mono: successfully reloaded assembly
- Finished resetting the current domain, in  0.876 seconds
Domain Reload Profiling: 2063ms
	BeginReloadAssembly (249ms)
		DisableScriptedObjects (7ms)
		CreateAndSetChildDomain (37ms)
	RebuildCommonClasses (10ms)
	RebuildNativeTypeToScriptingClass (21ms)
	initialDomainReloadingComplete (83ms)
	LoadAllAssembliesAndSetupDomain (822ms)
		LoadAssemblies (462ms)
		AnalyzeDomain (349ms)
			TypeCache.Refresh (232ms)
				TypeCache.ScanAssembly (212ms)
			BuildScriptInfoCaches (106ms)
			ResolveRequiredComponents (9ms)
	FinalizeReload (877ms)
		SetupLoadedEditorAssemblies (0ms)
			InitializePlatformSupportModulesInManaged (3ms)
			BeforeProcessingInitializeOnLoad (113ms)
			ProcessInitializeOnLoadAttributes (352ms)
			ProcessInitializeOnLoadMethodAttributes (139ms)
			AfterProcessingInitializeOnLoad (8ms)
		AwakeInstancesAfterBackupRestoration (3ms)
AcceleratorClientConnectionCallback - disconnected - :0
Launched and connected shader compiler UnityShaderCompiler.exe after 0.02 seconds
Unloading 22 Unused Serialized files (Serialized files now loaded: 0)
Curl error 3: URL rejected: Malformed input to a URL function
Unloading 6434 unused Assets / (5.8 MB). Loaded Objects now: 7259.
Memory consumption went from 318.4 MB to 312.5 MB.
Total: 12.828400 ms (FindLiveObjects: 1.322000 ms CreateObjectMapping: 2.484100 ms MarkObjects: 5.505500 ms  DeleteObjects: 3.513500 ms)

========================================================================
Received Prepare
AcceleratorClientConnectionCallback - disconnected - :0
Refreshing native plugins compatible for Editor in 3.31 ms, found 4 plugins.
Unloading 22 Unused Serialized files (Serialized files now loaded: 0)
Unloading 6419 unused Assets / (5.5 MB). Loaded Objects now: 7259.
Memory consumption went from 316.0 MB to 310.4 MB.
Total: 18.748900 ms (FindLiveObjects: 1.441200 ms CreateObjectMapping: 3.061900 ms MarkObjects: 9.463100 ms  DeleteObjects: 4.781400 ms)

Prepare: number of updated asset objects reloaded= 0
========================================================================
Received Import Request.
  Time of request: 2026-06-21T06:27:22.6070405Z
  Time since last request: 10458.49699829999918 seconds.
  importAddress: GUID: 7bc251a7285632341a306c70a8f1cfbe - Path: Assets/Assets/Prototype 1/Tutorial/Course Library/Pickups/Star_01.prefab - Importer: ScriptedImporter/UnityEditor.QuickSearchModule:UnityEditor.Search:ASIAI0B
Importing 'GUID: 7bc251a7285632341a306c70a8f1cfbe - Path: Assets/Assets/Prototype 1/Tutorial/Course Library/Pickups/Star_01.prefab - Importer: ScriptedImporter/UnityEditor.QuickSearchModule:UnityEditor.Search:ASIAI0B' with importer (ScriptedImporter : UnityEditor.QuickSearchModule:UnityEditor.Search:ASIAI0B)
Imported 'GUID: 7bc251a7285632341a306c70a8f1cfbe' -> (Import Result ID: '6ec8c54aae4c1a321d34dc1ae205896b') in 0.847 seconds [static and dynamic dependencies]. Details - ImportResultOutputID=988954be063b6da153c84ad9e8b49b60 DependenciesID=a5ea231b194d43bb64abf247ca1d7538 StaticDependenciesID=c9eef216d619549146d584446e2bc1a1 
Number of updated asset objects reloaded before import = 0
Number of asset objects unloaded after import = 8
========================================================================
Received Import Request.
  Time of request: 2026-06-21T06:27:23.4753351Z
  Time since last request: 0.0015652 seconds.
  importAddress: GUID: ad5d390831542d44ab1c4843a8cdd74d - Path: Assets/Assets/Prototype 1/Tutorial/Scripts/Enemy.cs - Importer: ScriptedImporter/UnityEditor.QuickSearchModule:UnityEditor.Search:ASIAI0B
Importing 'GUID: ad5d390831542d44ab1c4843a8cdd74d - Path: Assets/Assets/Prototype 1/Tutorial/Scripts/Enemy.cs - Importer: ScriptedImporter/UnityEditor.QuickSearchModule:UnityEditor.Search:ASIAI0B' with importer (ScriptedImporter : UnityEditor.QuickSearchModule:UnityEditor.Search:ASIAI0B)
Imported 'GUID: ad5d390831542d44ab1c4843a8cdd74d' -> (Import Result ID: 'ddef67248532cc9d21245b32d44ed6ca') in 0.093 seconds [static and dynamic dependencies]. Details - ImportResultOutputID=e086d867d443ac352b704522c47adc73 DependenciesID=1cea37964f7c480c2dde0d6fb3130673 StaticDependenciesID=4184ba4288791ae7ba21617ce6d34ac6 
Number of updated asset objects reloaded before import = 0
Number of asset objects unloaded after import = 0
========================================================================
Received Import Request.
  Time of request: 2026-06-21T06:27:23.6255213Z
  Time since last request: 0.0012683 seconds.
  importAddress: GUID: bbe7d787b124aa64481203efb7463c45 - Path: Assets/Assets/Prototype 1/Tutorial/Course Library/_Source_Files/FBX/SM_Icon_Potion_02.fbx - Importer: ScriptedImporter/UnityEditor.QuickSearchModule:UnityEditor.Search:ASIAI0B
Importing 'GUID: bbe7d787b124aa64481203efb7463c45 - Path: Assets/Assets/Prototype 1/Tutorial/Course Library/_Source_Files/FBX/SM_Icon_Potion_02.fbx - Importer: ScriptedImporter/UnityEditor.QuickSearchModule:UnityEditor.Search:ASIAI0B' with importer (ScriptedImporter : UnityEditor.QuickSearchModule:UnityEditor.Search:ASIAI0B)
Imported 'GUID: bbe7d787b124aa64481203efb7463c45' -> (Import Result ID: '669eeb243ca6ad66e32a80b7d3c7174b') in 0.247 seconds [static and dynamic dependencies]. Details - ImportResultOutputID=87a443000085a442f1d313adae357ab2 DependenciesID=0dde1cfaa9dc9448a18172007247469a StaticDependenciesID=201d1b134b638b3c90d4b61c06b2e7b0 
Number of updated asset objects reloaded before import = 0
Number of asset objects unloaded after import = 7
========================================================================
Received Import Request.
  Time of request: 2026-06-21T06:27:23.9275668Z
  Time since last request: 0.0020237 seconds.
  importAddress: GUID: 970401e3cf0ca1b4e8a4c14d30d566ca - Path: Assets/Assets/Prototype 1/Tutorial/Course Library/Materials/PolygonPrototype_Texture_Grid_Glass_01.mat - Importer: ScriptedImporter/UnityEditor.QuickSearchModule:UnityEditor.Search:ASIAI0B
Importing 'GUID: 970401e3cf0ca1b4e8a4c14d30d566ca - Path: Assets/Assets/Prototype 1/Tutorial/Course Library/Materials/PolygonPrototype_Texture_Grid_Glass_01.mat - Importer: ScriptedImporter/UnityEditor.QuickSearchModule:UnityEditor.Search:ASIAI0B' with importer (ScriptedImporter : UnityEditor.QuickSearchModule:UnityEditor.Search:ASIAI0B)
Imported 'GUID: 970401e3cf0ca1b4e8a4c14d30d566ca' -> (Import Result ID: 'c544202ba26e2a0a5f5d9b1b34faeb91') in 0.167 seconds [static and dynamic dependencies]. Details - ImportResultOutputID=633f04db3363453cda04dc13a8d64aa0 DependenciesID=b5cddc1cfe8de305c2b8b5de5f0f4197 StaticDependenciesID=a09ffd54a6b6f2f5f92960b9e117ca66 
Number of updated asset objects reloaded before import = 0
Number of asset objects unloaded after import = 3
========================================================================
Received Import Request.
  Time of request: 2026-06-21T06:27:24.1937164Z
  Time since last request: 0.0068285 seconds.
  importAddress: GUID: 64f14742378b85b4ba87441822264580 - Path: Assets/Assets/Prototype 1/Tutorial/Course Library/_Source_Files/FBX/SM_Icon_SelectionRing_03.fbx - Importer: ScriptedImporter/UnityEditor.QuickSearchModule:UnityEditor.Search:ASIAI0B
Importing 'GUID: 64f14742378b85b4ba87441822264580 - Path: Assets/Assets/Prototype 1/Tutorial/Course Library/_Source_Files/FBX/SM_Icon_SelectionRing_03.fbx - Importer: ScriptedImporter/UnityEditor.QuickSearchModule:UnityEditor.Search:ASIAI0B' with importer (ScriptedImporter : UnityEditor.QuickSearchModule:UnityEditor.Search:ASIAI0B)
Imported 'GUID: 64f14742378b85b4ba87441822264580' -> (Import Result ID: 'f7b632ab22387de45e5547f02e79a2f8') in 0.063 seconds [static and dynamic dependencies]. Details - ImportResultOutputID=2786b3c9f95e3faa8a5974be1aa96a65 DependenciesID=09c4db14ac0918136e7b91853fc7c8e7 StaticDependenciesID=d3e3412c65cb7f9659e36fb32e2b12fc 
Number of updated asset objects reloaded before import = 0
Number of asset objects unloaded after import = 7
========================================================================
Received Import Request.
  Time of request: 2026-06-21T06:27:24.330681Z
  Time since last request: 0.0225337 seconds.
  importAddress: GUID: 8634f8cf5ba74134c972fb2d36355077 - Path: Assets/Assets/Prototype 1/Tutorial/Course Library/Textures/PolygonPrototype_Texture_Grid_05.png - Importer: ScriptedImporter/UnityEditor.QuickSearchModule:UnityEditor.Search:ASIAI0B
Importing 'GUID: 8634f8cf5ba74134c972fb2d36355077 - Path: Assets/Assets/Prototype 1/Tutorial/Course Library/Textures/PolygonPrototype_Texture_Grid_05.png - Importer: ScriptedImporter/UnityEditor.QuickSearchModule:UnityEditor.Search:ASIAI0B' with importer (ScriptedImporter : UnityEditor.QuickSearchModule:UnityEditor.Search:ASIAI0B)
Imported 'GUID: 8634f8cf5ba74134c972fb2d36355077' -> (Import Result ID: 'd134d063e522f4405db2a9ee77a14a5f') in 0.146 seconds [static and dynamic dependencies]. Details - ImportResultOutputID=d7d5cea41cbd5ce07188da09598574f6 DependenciesID=e71abb6fa7deed826f9343034846f256 StaticDependenciesID=a7d6e49cee3348bd8e408a5f305b814b 
Number of updated asset objects reloaded before import = 0
Number of asset objects unloaded after import = 1
========================================================================
Received Import Request.
  Time of request: 2026-06-21T06:27:24.4982749Z
  Time since last request: 0.0011454 seconds.
  importAddress: GUID: c7c5239ae4b2ace4d8774918a50a940a - Path: Assets/Assets/Prototype 1/Tutorial/Course Library/Textures/PolygonPrototype_Texture_Grid_04.png - Importer: ScriptedImporter/UnityEditor.QuickSearchModule:UnityEditor.Search:ASIAI0B
Importing 'GUID: c7c5239ae4b2ace4d8774918a50a940a - Path: Assets/Assets/Prototype 1/Tutorial/Course Library/Textures/PolygonPrototype_Texture_Grid_04.png - Importer: ScriptedImporter/UnityEditor.QuickSearchModule:UnityEditor.Search:ASIAI0B' with importer (ScriptedImporter : UnityEditor.QuickSearchModule:UnityEditor.Search:ASIAI0B)
Imported 'GUID: c7c5239ae4b2ace4d8774918a50a940a' -> (Import Result ID: '5bc0aa20aee54fa7bee7488faa96ee84') in 0.060 seconds [static and dynamic dependencies]. Details - ImportResultOutputID=0c416d5ed4fa277c40adb7cc175c8333 DependenciesID=0d875d77bf258acaeb108be37ac35b73 StaticDependenciesID=2dfde2c7d4bf96cfa2d6ee1c58b8534e 
Number of updated asset objects reloaded before import = 0
Number of asset objects unloaded after import = 1
========================================================================
Received Import Request.
  Time of request: 2026-06-21T06:27:24.6121711Z
  Time since last request: 0.0078283 seconds.
  importAddress: GUID: 44cb397c8b73c2f40bfa05c2199ffa2b - Path: Assets/Assets/Prototype 1/Tutorial/Course Library/_Source_Files/FBX/SI_PowerIcon.fbx - Importer: ScriptedImporter/UnityEditor.QuickSearchModule:UnityEditor.Search:ASIAI0B
Importing 'GUID: 44cb397c8b73c2f40bfa05c2199ffa2b - Path: Assets/Assets/Prototype 1/Tutorial/Course Library/_Source_Files/FBX/SI_PowerIcon.fbx - Importer: ScriptedImporter/UnityEditor.QuickSearchModule:UnityEditor.Search:ASIAI0B' with importer (ScriptedImporter : UnityEditor.QuickSearchModule:UnityEditor.Search:ASIAI0B)
Imported 'GUID: 44cb397c8b73c2f40bfa05c2199ffa2b' -> (Import Result ID: '5614044a5839acc8401a613139b91a9f') in 0.055 seconds [static and dynamic dependencies]. Details - ImportResultOutputID=5e6dac7756be48799a855b75383fdf46 DependenciesID=130c64257746281c44772ce5e38e48dc StaticDependenciesID=397656de2740fbdaf4f89e483b2797a1 
Number of updated asset objects reloaded before import = 0
Number of asset objects unloaded after import = 7
========================================================================
Received Import Request.
  Time of request: 2026-06-21T06:27:24.7004046Z
  Time since last request: 0.0006341 seconds.
  importAddress: GUID: bbc54c0e722a346408cd09eef6dc0cd6 - Path: Assets/Assets/Prototype 1/Tutorial/Course Library/Textures/PolygonPrototype_Texture_Grid_06.png - Importer: ScriptedImporter/UnityEditor.QuickSearchModule:UnityEditor.Search:ASIAI0B
Importing 'GUID: bbc54c0e722a346408cd09eef6dc0cd6 - Path: Assets/Assets/Prototype 1/Tutorial/Course Library/Textures/PolygonPrototype_Texture_Grid_06.png - Importer: ScriptedImporter/UnityEditor.QuickSearchModule:UnityEditor.Search:ASIAI0B' with importer (ScriptedImporter : UnityEditor.QuickSearchModule:UnityEditor.Search:ASIAI0B)
Imported 'GUID: bbc54c0e722a346408cd09eef6dc0cd6' -> (Import Result ID: 'd83c19329ca494423a07796c705a109d') in 0.069 seconds [static and dynamic dependencies]. Details - ImportResultOutputID=35258a234513d7115eb3f1d7a5fcd7da DependenciesID=f06848d53a35e67aad10d559a919e6e4 StaticDependenciesID=c12df31e097c369ab1d18d06f638966e 
Number of updated asset objects reloaded before import = 0
Number of asset objects unloaded after import = 1
========================================================================
Received Prepare
AcceleratorClientConnectionCallback - disconnected - :0
Begin MonoManager ReloadAssembly
Refreshing native plugins compatible for Editor in 2.65 ms, found 4 plugins.
Native extension for WindowsStandalone target not found
Native extension for WebGL target not found
[Package Manager] Failed to launch server process. Reason: Unity was launched with the -noUpm command-line argument
[Package Manager] Unable to send message (not connected to server process).
[Package Manager] Cannot connect to Unity Package Manager local server
[Package Manager] Failed to launch server process. Reason: Unity was launched with the -noUpm command-line argument
[Package Manager] Unable to send message (not connected to server process).
[Package Manager] Cannot connect to Unity Package Manager local server
ScheduleIndexationOnStartup MainProcess:False IndexOnStartup:True
Mono: successfully reloaded assembly
- Finished resetting the current domain, in  1.840 seconds
Domain Reload Profiling: 4554ms
	BeginReloadAssembly (538ms)
		DisableScriptedObjects (11ms)
		CreateAndSetChildDomain (123ms)
	RebuildCommonClasses (20ms)
	RebuildNativeTypeToScriptingClass (37ms)
	initialDomainReloadingComplete (354ms)
	LoadAllAssembliesAndSetupDomain (1755ms)
		LoadAssemblies (1281ms)
		AnalyzeDomain (572ms)
			TypeCache.Refresh (64ms)
			BuildScriptInfoCaches (485ms)
			ResolveRequiredComponents (17ms)
	FinalizeReload (1850ms)
		SetupLoadedEditorAssemblies (0ms)
			InitializePlatformSupportModulesInManaged (4ms)
			BeforeProcessingInitializeOnLoad (162ms)
			ProcessInitializeOnLoadAttributes (618ms)
			ProcessInitializeOnLoadMethodAttributes (213ms)
			AfterProcessingInitializeOnLoad (12ms)
		AwakeInstancesAfterBackupRestoration (38ms)
Refreshing native plugins compatible for Editor in 3.73 ms, found 4 plugins.
Unloading 22 Unused Serialized files (Serialized files now loaded: 0)
Unloading 6430 unused Assets / (3.0 MB). Loaded Objects now: 7306.
Memory consumption went from 327.1 MB to 324.1 MB.
Total: 73.969600 ms (FindLiveObjects: 3.840200 ms CreateObjectMapping: 7.248800 ms MarkObjects: 55.386300 ms  DeleteObjects: 7.490900 ms)

Prepare: number of updated asset objects reloaded= 0
========================================================================
Received Prepare
AcceleratorClientConnectionCallback - disconnected - :0
Refreshing native plugins compatible for Editor in 3.29 ms, found 4 plugins.
Unloading 22 Unused Serialized files (Serialized files now loaded: 0)
Unloading 6419 unused Assets / (5.7 MB). Loaded Objects now: 7306.
Memory consumption went from 329.2 MB to 323.5 MB.
Total: 32.702300 ms (FindLiveObjects: 2.899200 ms CreateObjectMapping: 4.393400 ms MarkObjects: 15.777900 ms  DeleteObjects: 9.629500 ms)

Prepare: number of updated asset objects reloaded= 0
========================================================================
Received Prepare
AcceleratorClientConnectionCallback - disconnected - :0
Begin MonoManager ReloadAssembly
Refreshing native plugins compatible for Editor in 2.89 ms, found 4 plugins.
Native extension for WindowsStandalone target not found
Native extension for WebGL target not found
[Package Manager] Failed to launch server process. Reason: Unity was launched with the -noUpm command-line argument
[Package Manager] Unable to send message (not connected to server process).
[Package Manager] Cannot connect to Unity Package Manager local server
[Package Manager] Failed to launch server process. Reason: Unity was launched with the -noUpm command-line argument
[Package Manager] Unable to send message (not connected to server process).
[Package Manager] Cannot connect to Unity Package Manager local server
ScheduleIndexationOnStartup MainProcess:False IndexOnStartup:True
Mono: successfully reloaded assembly
- Finished resetting the current domain, in  1.214 seconds
Domain Reload Profiling: 3269ms
	BeginReloadAssembly (495ms)
		DisableScriptedObjects (13ms)
		CreateAndSetChildDomain (137ms)
	RebuildCommonClasses (17ms)
	RebuildNativeTypeToScriptingClass (37ms)
	initialDomainReloadingComplete (144ms)
	LoadAllAssembliesAndSetupDomain (1359ms)
		LoadAssemblies (957ms)
		AnalyzeDomain (400ms)
			TypeCache.Refresh (31ms)
			BuildScriptInfoCaches (350ms)
			ResolveRequiredComponents (14ms)
	FinalizeReload (1217ms)
		SetupLoadedEditorAssemblies (0ms)
			InitializePlatformSupportModulesInManaged (3ms)
			BeforeProcessingInitializeOnLoad (154ms)
			ProcessInitializeOnLoadAttributes (466ms)
			ProcessInitializeOnLoadMethodAttributes (195ms)
			AfterProcessingInitializeOnLoad (12ms)
		AwakeInstancesAfterBackupRestoration (38ms)
Refreshing native plugins compatible for Editor in 2.06 ms, found 4 plugins.
Unloading 22 Unused Serialized files (Serialized files now loaded: 0)
Unloading 6430 unused Assets / (6.1 MB). Loaded Objects now: 7309.
Memory consumption went from 329.4 MB to 323.3 MB.
Total: 14.180400 ms (FindLiveObjects: 0.918700 ms CreateObjectMapping: 2.688100 ms MarkObjects: 5.935700 ms  DeleteObjects: 4.636200 ms)

Prepare: number of updated asset objects reloaded= 0
========================================================================
Received Prepare
AcceleratorClientConnectionCallback - disconnected - :0
Refreshing native plugins compatible for Editor in 3.02 ms, found 4 plugins.
Unloading 22 Unused Serialized files (Serialized files now loaded: 0)
Unloading 6419 unused Assets / (4.7 MB). Loaded Objects now: 7309.
Memory consumption went from 331.5 MB to 326.8 MB.
Total: 32.252400 ms (FindLiveObjects: 2.135700 ms CreateObjectMapping: 6.217900 ms MarkObjects: 14.424600 ms  DeleteObjects: 9.470600 ms)

Prepare: number of updated asset objects reloaded= 0
========================================================================
Received Prepare
AcceleratorClientConnectionCallback - disconnected - :0
Begin MonoManager ReloadAssembly
Refreshing native plugins compatible for Editor in 3.36 ms, found 4 plugins.
Native extension for WindowsStandalone target not found
Native extension for WebGL target not found
[Package Manager] Failed to launch server process. Reason: Unity was launched with the -noUpm command-line argument
[Package Manager] Unable to send message (not connected to server process).
[Package Manager] Cannot connect to Unity Package Manager local server
[Package Manager] Failed to launch server process. Reason: Unity was launched with the -noUpm command-line argument
[Package Manager] Unable to send message (not connected to server process).
[Package Manager] Cannot connect to Unity Package Manager local server
ScheduleIndexationOnStartup MainProcess:False IndexOnStartup:True
Mono: successfully reloaded assembly
- Finished resetting the current domain, in  1.094 seconds
Domain Reload Profiling: 2971ms
	BeginReloadAssembly (463ms)
		DisableScriptedObjects (15ms)
		CreateAndSetChildDomain (129ms)
	RebuildCommonClasses (19ms)
	RebuildNativeTypeToScriptingClass (38ms)
	initialDomainReloadingComplete (128ms)
	LoadAllAssembliesAndSetupDomain (1227ms)
		LoadAssemblies (814ms)
		AnalyzeDomain (415ms)
			TypeCache.Refresh (40ms)
			BuildScriptInfoCaches (357ms)
			ResolveRequiredComponents (14ms)
	FinalizeReload (1096ms)
		SetupLoadedEditorAssemblies (0ms)
			InitializePlatformSupportModulesInManaged (4ms)
			BeforeProcessingInitializeOnLoad (136ms)
			ProcessInitializeOnLoadAttributes (389ms)
			ProcessInitializeOnLoadMethodAttributes (169ms)
			AfterProcessingInitializeOnLoad (13ms)
		AwakeInstancesAfterBackupRestoration (40ms)
Refreshing native plugins compatible for Editor in 2.11 ms, found 4 plugins.
Unloading 22 Unused Serialized files (Serialized files now loaded: 0)
Unloading 6430 unused Assets / (5.7 MB). Loaded Objects now: 7312.
Memory consumption went from 333.5 MB to 327.8 MB.
Total: 19.001500 ms (FindLiveObjects: 1.923200 ms CreateObjectMapping: 3.722400 ms MarkObjects: 8.470700 ms  DeleteObjects: 4.882600 ms)

Prepare: number of updated asset objects reloaded= 0
Editor requested this worker to shutdown with reason: Scaling down because of idle timeout
AcceleratorClientConnectionCallback - disconnected - :0
AssetImportWorker is now disconnected from the server
Process exiting
Exiting without the bug reporter. Application will terminate with return code 0