[Licensing::Module] Trying to connect to existing licensing client channel...
Built from '6000.5/staging' branch; Version is '6000.5.0f1 (88b47c5e7076) revision 8959100'; Using compiler version '194234433'; Build Type 'Release'
OS: 'Windows 11  (10.0.26220) Core' Language: 'en' Physical Memory: 16299 MB
[Licensing::IpcConnector] Successfully connected to: "LicenseClient-tyler" at "2026-09-15T06:42:31.1269098Z"
BatchMode: 1, IsHumanControllingUs: 0, StartBugReporterOnCrash: 0, Is64bit: 1
System  architecture: x64
Process architecture: x64
Date: 2026-09-15T06:42:31Z

COMMAND LINE ARGUMENTS:
C:\Program Files\Unity\Hub\Editor\6000.5.0f1\Editor\Unity.exe
-adb2
-batchMode
-noUpm
-name
AssetImportWorkerHW2
-projectPath
C:/Users/tyler/Documents/GitHub/Game-Dev-III/My project
-logFile
Logs/AssetImportWorkerHW2.log
-srvPort
58281
-parentPid
19184
-analyticsCloudUserId
16768056786696
-analyticsCloudProjectId
655af935-c563-4d7e-a444-bc081339ca92
-analyticsLocalProjectId
f1b9c14d5627bcc44b85b92b47ef70cd
-licensingIpc
LicenseClient-tyler
-noDiagnosticSwitchPersistentStore
-job-worker-count
5
-background-job-worker-count
8
-asset-garbage-collectors
1
-force-d3d12
-name
AssetImport
Successfully changed project path to: C:/Users/tyler/Documents/GitHub/Game-Dev-III/My project
C:/Users/tyler/Documents/GitHub/Game-Dev-III/My project
[UnityMemory] Configuration Parameters - Can be set up in boot.config
    "memorysetup-temp-allocator-size-gi-baking-worker=262144"
    "memorysetup-temp-allocator-size-gi-baking-worker=262144"
    "memorysetup-temp-allocator-size-gi-baking-worker=262144"
    "memorysetup-temp-allocator-size-gi-baking-worker=262144"
    "memorysetup-temp-allocator-size-gi-baking-worker=262144"
    "memorysetup-temp-allocator-size-nav-mesh-worker=65536"
    "memorysetup-temp-allocator-size-audio-worker=65536"
    "memorysetup-temp-allocator-size-cloud-worker=32768"
    "memorysetup-temp-allocator-size-gfx=262144"
    "memorysetup-temp-allocator-size-preload-manager=33554432"
    "memorysetup-allocator-temp-initial-block-size-main=262144"
    "memorysetup-allocator-temp-initial-block-size-worker=262144"
    "memorysetup-temp-allocator-size-job-worker=262144"
    "memorysetup-temp-allocator-size-background-worker=32768"
    "memorysetup-bucket-allocator-granularity=16"
    "memorysetup-bucket-allocator-bucket-count=8"
    "memorysetup-bucket-allocator-block-size=33554432"
    "memorysetup-bucket-allocator-block-count=8"
    "memorysetup-main-allocator-block-size=16777216"
    "memorysetup-thread-allocator-block-size=16777216"
    "memorysetup-main-allocator-mimalloc-enabled=0"
    "memorysetup-gfx-main-allocator-block-size=16777216"
    "memorysetup-gfx-thread-allocator-block-size=16777216"
    "memorysetup-cache-allocator-block-size=4194304"
    "memorysetup-typetree-allocator-block-size=2097152"
    "memorysetup-profiler-bucket-allocator-granularity=16"
    "memorysetup-profiler-bucket-allocator-bucket-count=8"
    "memorysetup-profiler-bucket-allocator-block-size=33554432"
    "memorysetup-profiler-bucket-allocator-block-count=8"
    "memorysetup-profiler-allocator-block-size=16777216"
    "memorysetup-profiler-editor-allocator-block-size=1048576"
    "memorysetup-temp-allocator-size-main=16777216"
    "memorysetup-job-temp-allocator-block-size=2097152"
    "memorysetup-job-temp-allocator-block-size-background=1048576"
    "memorysetup-job-temp-allocator-reduction-small-platforms=262144"
Player connection [21380]  Target information:

Player connection [21380]  * "[IP] 192.168.1.254 [Port] 0 [Flags] 2 [Guid] 2850323817 [EditorId] 2850323817 [Version] 1048832 [Id] WindowsEditor(7,DESKTOP-ONOH9UU) [Debug] 1 [PackageName] WindowsEditor [ProjectName] Editor" 

Player connection [21380] Host joined multi-casting on [225.0.0.222:54997]...
Player connection [21380] Host joined alternative multi-casting on [225.0.0.222:34997]...
JobSystem: Creating JobQueue using job-worker-count value 5
Input System module state changed to: Initialized.
[Physics::Module] Initialized fallback backend.
[Physics::Module] Id: 0xdecafbad
Library Redirect Path: Library/
[Physics::Module] Selected backend.
[Physics::Module] Name: PhysX
[Physics::Module] Id: 0xf2b8ea05
[Physics::Module] SDK Version: 4.1.2
[Physics::Module] Integration Version: 1.0.0
[Physics::Module] Threading Mode: Multi-Threaded
Refreshing native plugins compatible for Editor in 10.12 ms, found 4 plugins.
Initialize engine version: 6000.5.0f1 (88b47c5e7076)
[Subsystems] Discovering subsystems at path C:/Program Files/Unity/Hub/Editor/6000.5.0f1/Editor/Data/Resources/UnitySubsystems
[Subsystems] Discovering subsystems at path C:/Users/tyler/Documents/GitHub/Game-Dev-III/My project/Assets
Forcing GfxDevice: Direct3D 12
GfxDevice: creating device client; kGfxThreadingModeNonThreaded
d3d12: failed to query info queue interface (0x80004002).
Direct3D:
    Version:         Direct3D 12 [level 12.1]
    Renderer:        NVIDIA GeForce GTX 1070 (ID=0x1b81)
    Vendor:          NVIDIA
    VRAM:            8067 MB
    App VRAM Budget: 7299 MB
    Driver:          32.0.15.8228
Initialize mono
Mono path[0] = 'C:/Program Files/Unity/Hub/Editor/6000.5.0f1/Editor/Data/Managed'
Mono path[1] = 'C:/Program Files/Unity/Hub/Editor/6000.5.0f1/Editor/Data/BCLExtensions/runtime/netstandard2.1'
Mono path[2] = 'C:/Program Files/Unity/Hub/Editor/6000.5.0f1/Editor/Data/MonoBleedingEdge/lib/mono/unityjit-win32'
Mono config path = 'C:/Program Files/Unity/Hub/Editor/6000.5.0f1/Editor/Data/MonoBleedingEdge/etc'
Using monoOptions --debugger-agent=transport=dt_socket,embedding=1,server=y,suspend=n,address=127.0.0.1:56308
CodeReloadManager initialized
Begin MonoManager ReloadAssembly
Registering precompiled unity dll's ...
Register platform support module: C:/Program Files/Unity/Hub/Editor/6000.5.0f1/Editor/Data/PlaybackEngines/WebGLSupport/UnityEditor.WebGL.Extensions.dll
Register platform support module: C:/Program Files/Unity/Hub/Editor/6000.5.0f1/Editor/Data/PlaybackEngines/WindowsStandaloneSupport/UnityEditor.WindowsStandalone.Extensions.dll
Registered in 0.004752 seconds.
[Licensing::Client] Error: HandshakeResponse reported an error:
	ResponseCode: 505
	ResponseStatus: Unsupported protocol version '1.18.1'.
[Licensing::Module] Error: Failed to handshake to channel: "LicenseClient-tyler"
[Licensing::IpcConnector] LicenseClient-tyler channel disconnected successfully.
[Licensing::IpcConnector] Successfully connected to: "LicenseClient-tyler-6000.5.0" at "2026-09-15T06:42:33.9043289Z"
[Licensing::Client] Code 10 while verifying Licensing Client signature (process Id: 20292, path: "C:/Program Files/Unity/Hub/Editor/6000.5.0f1/Editor/Data/Resources/Licensing/Client/Unity.Licensing.Client.exe")
[Licensing::Module] LicensingClient has failed validation; ignoring
[Licensing::Client] Handshaking with LicensingClient:
  Version:                 1.18.1+9fbee8e
  Session Id:              58df9f3e9e0c46ddae67c5bade77e746
  Correlation Id:          87dd3669e8ab8f25b3e8f9ceffa62187
  External correlation Id: 30407151945377508
  Machine Id:              QeWQyKUgr9slaz3hdB0ZBGZ27bw=
[Licensing::Module] Successfully connected to LicensingClient on channel: "LicenseClient-tyler-6000.5.0" (connect: 0.00s, validation: 0.00s, handshake: 0.01s)
[Licensing::IpcConnector] Successfully connected to: "LicenseClient-tyler-6000.5.0-notifications" at "2026-09-15T06:42:33.9206388Z"
[Licensing::Module] Licensing Background thread has ended after 2.79s
Native extension for WindowsStandalone target not found
Native extension for WebGL target not found
Package Manager log level set to [2]
[Package Manager] Failed to launch server process. Reason: Unity was launched with the -noUpm command-line argument
[Package Manager] Unable to send message (not connected to server process).
[Package Manager] Cannot connect to Unity Package Manager local server
ScheduleIndexationOnStartup MainProcess:False IndexOnStartup:True
Mono: successfully reloaded assembly
- Finished resetting the current domain, in  0.550 seconds
Domain Reload Profiling: 1764ms
	BeginReloadAssembly (334ms)
	RebuildCommonClasses (9ms)
	RebuildNativeTypeToScriptingClass (41ms)
	initialDomainReloadingComplete (136ms)
	LoadAllAssembliesAndSetupDomain (691ms)
		LoadAssemblies (326ms)
		AnalyzeDomain (561ms)
			TypeCache.Refresh (558ms)
				TypeCache.ScanAssembly (514ms)
	FinalizeReload (552ms)
		SetupLoadedEditorAssemblies (0ms)
			InitializePlatformSupportModulesInManaged (4ms)
			BeforeProcessingInitializeOnLoad (121ms)
			ProcessInitializeOnLoadAttributes (128ms)
			ProcessInitializeOnLoadMethodAttributes (177ms)
Initializing Unity extensions:
[Licensing::Client] Successfully resolved entitlement details
[Licensing::Module] License group:
  Id: 16768056786696-UnityPersXXXX
  Product: Unity Personal
  Type: Assigned
  Expiration: Unlimited
========================================================================
Worker process is ready to serve import requests
Import Worker Mode flag is 0x00
Begin MonoManager ReloadAssembly
Refreshing native plugins compatible for Editor in 2.27 ms, found 4 plugins.
Native extension for WindowsStandalone target not found
Native extension for WebGL target not found
[Package Manager] Failed to launch server process. Reason: Unity was launched with the -noUpm command-line argument
[Package Manager] Unable to send message (not connected to server process).
[Package Manager] Cannot connect to Unity Package Manager local server
Refreshing native plugins compatible for Editor in 2.31 ms, found 4 plugins.
[Package Manager] Failed to launch server process. Reason: Unity was launched with the -noUpm command-line argument
[Package Manager] Unable to send message (not connected to server process).
[Package Manager] Cannot connect to Unity Package Manager local server
ScheduleIndexationOnStartup MainProcess:False IndexOnStartup:True
Mono: successfully reloaded assembly
- Finished resetting the current domain, in  0.981 seconds
Domain Reload Profiling: 3214ms
	BeginReloadAssembly (464ms)
		DisableScriptedObjects (13ms)
		CreateAndSetChildDomain (93ms)
	RebuildCommonClasses (25ms)
	RebuildNativeTypeToScriptingClass (41ms)
	initialDomainReloadingComplete (160ms)
	LoadAllAssembliesAndSetupDomain (1542ms)
		LoadAssemblies (946ms)
		AnalyzeDomain (613ms)
			TypeCache.Refresh (427ms)
				TypeCache.ScanAssembly (384ms)
			BuildScriptInfoCaches (165ms)
			ResolveRequiredComponents (17ms)
	FinalizeReload (982ms)
		SetupLoadedEditorAssemblies (0ms)
			InitializePlatformSupportModulesInManaged (3ms)
			BeforeProcessingInitializeOnLoad (113ms)
			ProcessInitializeOnLoadAttributes (404ms)
			ProcessInitializeOnLoadMethodAttributes (135ms)
			AfterProcessingInitializeOnLoad (10ms)
		AwakeInstancesAfterBackupRestoration (3ms)
AcceleratorClientConnectionCallback - disconnected - :0
Launched and connected shader compiler UnityShaderCompiler.exe after 0.02 seconds
Unloading 22 Unused Serialized files (Serialized files now loaded: 0)
Curl error 3: URL rejected: Malformed input to a URL function
Unloading 6451 unused Assets / (6.7 MB). Loaded Objects now: 7287.
Memory consumption went from 318.7 MB to 312.0 MB.
Total: 12.286100 ms (FindLiveObjects: 1.151200 ms CreateObjectMapping: 3.006100 ms MarkObjects: 5.283300 ms  DeleteObjects: 2.842400 ms)

========================================================================
Received Prepare
AcceleratorClientConnectionCallback - disconnected - :0
Refreshing native plugins compatible for Editor in 2.88 ms, found 4 plugins.
Unloading 22 Unused Serialized files (Serialized files now loaded: 0)
Unloading 6443 unused Assets / (6.4 MB). Loaded Objects now: 7294.
Memory consumption went from 316.3 MB to 309.9 MB.
Total: 16.501400 ms (FindLiveObjects: 1.885600 ms CreateObjectMapping: 3.613200 ms MarkObjects: 6.119300 ms  DeleteObjects: 4.881000 ms)

Prepare: number of updated asset objects reloaded= 0
========================================================================
Received Import Request.
  Time of request: 2026-09-15T06:42:44.7504968Z
  Time since last request: 3870.64443789999996 seconds.
  importAddress: GUID: 93a6158113d02634ba4380a544664f75 - Path: Assets/Assets/Prototype 5/Assets/Prototype 5/Scripts - Importer: ScriptedImporter/UnityEditor.QuickSearchModule:UnityEditor.Search:ASIAI0B
Importing 'GUID: 93a6158113d02634ba4380a544664f75 - Path: Assets/Assets/Prototype 5/Assets/Prototype 5/Scripts - Importer: ScriptedImporter/UnityEditor.QuickSearchModule:UnityEditor.Search:ASIAI0B' with importer (ScriptedImporter : UnityEditor.QuickSearchModule:UnityEditor.Search:ASIAI0B)
Imported 'GUID: 93a6158113d02634ba4380a544664f75' -> (Import Result ID: 'b1fa3b6bffcf34a0d6fd3a0cd0c6400c') in 0.139 seconds [static and dynamic dependencies]. Details - ImportResultOutputID=e0f27b28d785f819045305a21301f37a DependenciesID=924e2edf55f80b236f9c10b771fc66dd StaticDependenciesID=c9f1a5a16e2a62c282ebfe9ae369a65b 
Number of updated asset objects reloaded before import = 0
Number of asset objects unloaded after import = 1
========================================================================
Received Import Request.
  Time of request: 2026-09-15T06:42:44.9054688Z
  Time since last request: 0.0001894 seconds.
  importAddress: GUID: b3249f41625063c4dbc7452e98e287d7 - Path: Assets/Assets/Prototype 5/Assets/Prototype 5/Scripts/P5Barrier.cs - Importer: ScriptedImporter/UnityEditor.QuickSearchModule:UnityEditor.Search:ASIAI0B
Importing 'GUID: b3249f41625063c4dbc7452e98e287d7 - Path: Assets/Assets/Prototype 5/Assets/Prototype 5/Scripts/P5Barrier.cs - Importer: ScriptedImporter/UnityEditor.QuickSearchModule:UnityEditor.Search:ASIAI0B' with importer (ScriptedImporter : UnityEditor.QuickSearchModule:UnityEditor.Search:ASIAI0B)
Imported 'GUID: b3249f41625063c4dbc7452e98e287d7' -> (Import Result ID: '4b98636a2dff320874f3958871890a3c') in 0.072 seconds [static and dynamic dependencies]. Details - ImportResultOutputID=e0962e54a2b82dedb4003083c2a1c5da DependenciesID=84e45862b86d2440db05d88b7b03f9e6 StaticDependenciesID=85c1bc8ad34c9b07a300639ad0fc84cf 
Number of updated asset objects reloaded before import = 0
Number of asset objects unloaded after import = 0
========================================================================
Received Prepare
AcceleratorClientConnectionCallback - disconnected - :0
Begin MonoManager ReloadAssembly
Native extension for WindowsStandalone target not found
Native extension for WebGL target not found
[Package Manager] Failed to launch server process. Reason: Unity was launched with the -noUpm command-line argument
[Package Manager] Unable to send message (not connected to server process).
[Package Manager] Cannot connect to Unity Package Manager local server
[Package Manager] Failed to launch server process. Reason: Unity was launched with the -noUpm command-line argument
[Package Manager] Unable to send message (not connected to server process).
[Package Manager] Cannot connect to Unity Package Manager local server
ScheduleIndexationOnStartup MainProcess:False IndexOnStartup:True
Mono: successfully reloaded assembly
- Finished resetting the current domain, in  1.054 seconds
Domain Reload Profiling: 2735ms
	BeginReloadAssembly (390ms)
		DisableScriptedObjects (13ms)
		CreateAndSetChildDomain (82ms)
	RebuildCommonClasses (12ms)
	RebuildNativeTypeToScriptingClass (23ms)
	initialDomainReloadingComplete (133ms)
	LoadAllAssembliesAndSetupDomain (1122ms)
		LoadAssemblies (805ms)
		AnalyzeDomain (334ms)
			TypeCache.Refresh (16ms)
			BuildScriptInfoCaches (305ms)
			ResolveRequiredComponents (11ms)
	FinalizeReload (1055ms)
		SetupLoadedEditorAssemblies (0ms)
			InitializePlatformSupportModulesInManaged (3ms)
			BeforeProcessingInitializeOnLoad (116ms)
			ProcessInitializeOnLoadAttributes (392ms)
			ProcessInitializeOnLoadMethodAttributes (147ms)
			AfterProcessingInitializeOnLoad (11ms)
		AwakeInstancesAfterBackupRestoration (19ms)
Refreshing native plugins compatible for Editor in 3.15 ms, found 4 plugins.
Unloading 22 Unused Serialized files (Serialized files now loaded: 0)
Unloading 6454 unused Assets / (6.4 MB). Loaded Objects now: 7342.
Memory consumption went from 330.5 MB to 324.1 MB.
Total: 15.910000 ms (FindLiveObjects: 1.140700 ms CreateObjectMapping: 2.888300 ms MarkObjects: 7.594500 ms  DeleteObjects: 4.285100 ms)

Prepare: number of updated asset objects reloaded= 0
========================================================================
Received Import Request.
  Time of request: 2026-09-15T06:42:57.666784Z
  Time since last request: 12.6705636 seconds.
  importAddress: GUID: f64d63876e9e5754caa37a34edede826 - Path: Assets/Assets/Prototype 5/Assets - Importer: PreviewImporter
Importing 'GUID: f64d63876e9e5754caa37a34edede826 - Path: Assets/Assets/Prototype 5/Assets - Importer: PreviewImporter' with importer (PreviewImporter)
Imported 'GUID: f64d63876e9e5754caa37a34edede826' -> (Import Result ID: '8de1fbc1da65b23246d8fc11c2fa8ae2') in 0.002 seconds [static and dynamic dependencies]. Details - ImportResultOutputID=fe9b2a2b386f7b8ca8843274f4305795 DependenciesID=b8f697340dfbce4119c1c7036fe13e06 StaticDependenciesID=e391883d675abc1e7467748309001408 
Number of updated asset objects reloaded before import = 0
Number of asset objects unloaded after import = 0
========================================================================
Received Import Request.
  Time of request: 2026-09-15T06:42:58.5593434Z
  Time since last request: 0.8764967 seconds.
  importAddress: GUID: c49f4def67925bd43895fba32ff9fa9a - Path: Assets/Assets/Prototype 5/Assets/Prototype 5 - Importer: PreviewImporter
Importing 'GUID: c49f4def67925bd43895fba32ff9fa9a - Path: Assets/Assets/Prototype 5/Assets/Prototype 5 - Importer: PreviewImporter' with importer (PreviewImporter)
Imported 'GUID: c49f4def67925bd43895fba32ff9fa9a' -> (Import Result ID: '68fac0c0b11400463f4d7b6071699034') in 0.002 seconds [static and dynamic dependencies]. Details - ImportResultOutputID=122d9eb4a029288464b8bca3481f567b DependenciesID=99f01805253f60f27b687ac071806ffb StaticDependenciesID=58f9c8c4cae3cea62da1d877b774ceb9 
Number of updated asset objects reloaded before import = 0
Number of asset objects unloaded after import = 0
========================================================================
Received Import Request.
  Time of request: 2026-09-15T06:42:59.3822052Z
  Time since last request: 0.8084062 seconds.
  importAddress: GUID: 93a6158113d02634ba4380a544664f75 - Path: Assets/Assets/Prototype 5/Assets/Prototype 5/Scripts - Importer: PreviewImporter
Importing 'GUID: 93a6158113d02634ba4380a544664f75 - Path: Assets/Assets/Prototype 5/Assets/Prototype 5/Scripts - Importer: PreviewImporter' with importer (PreviewImporter)
Imported 'GUID: 93a6158113d02634ba4380a544664f75' -> (Import Result ID: '5d57af2e91ef4b1fc987b02a9b1358f1') in 0.001 seconds [static and dynamic dependencies]. Details - ImportResultOutputID=f8cd2f42bca548324344322efa8103e5 DependenciesID=e73af3cb6ac6015fc5036fadb1663bb1 StaticDependenciesID=baf8155adb69ce4906a33dcdb9857d69 
Number of updated asset objects reloaded before import = 0
Number of asset objects unloaded after import = 0
========================================================================
Received Prepare
AcceleratorClientConnectionCallback - disconnected - :0
Refreshing native plugins compatible for Editor in 3.39 ms, found 4 plugins.
Unloading 22 Unused Serialized files (Serialized files now loaded: 0)
Unloading 22 unused Assets / (2.6 MB). Loaded Objects now: 7342.
Memory consumption went from 325.9 MB to 323.3 MB.
Total: 11.353500 ms (FindLiveObjects: 0.649000 ms CreateObjectMapping: 1.610900 ms MarkObjects: 7.851200 ms  DeleteObjects: 1.240500 ms)

Prepare: number of updated asset objects reloaded= 0
========================================================================
Received Import Request.
  Time of request: 2026-09-15T06:43:18.480557Z
  Time since last request: 19.0839446 seconds.
  importAddress: GUID: c06d1406f5eb97c44b6eca79be8453b7 - Path: Assets/Assets/Prototype 4 - Importer: PreviewImporter
Importing 'GUID: c06d1406f5eb97c44b6eca79be8453b7 - Path: Assets/Assets/Prototype 4 - Importer: PreviewImporter' with importer (PreviewImporter)
Imported 'GUID: c06d1406f5eb97c44b6eca79be8453b7' -> (Import Result ID: '2a3cdae8a2a1ae71b4d34bdca4921422') in 0.001 seconds [static and dynamic dependencies]. Details - ImportResultOutputID=cc78932d8f5d0dc75e5467752a8efe9e DependenciesID=18f025c67fd1110f3d0e2a709f7b9947 StaticDependenciesID=af3554ef44d2915858fec5d71a918201 
Number of updated asset objects reloaded before import = 1
Number of asset objects unloaded after import = 0
========================================================================
Received Import Request.
  Time of request: 2026-09-15T06:43:24.917132Z
  Time since last request: 6.4193718 seconds.
  importAddress: GUID: 052faaac586de48259a63d0c4782560b - Path: Assets/InputSystem_Actions.inputactions - Importer: PreviewImporter
Importing 'GUID: 052faaac586de48259a63d0c4782560b - Path: Assets/InputSystem_Actions.inputactions - Importer: PreviewImporter' with importer (PreviewImporter)
Imported 'GUID: 052faaac586de48259a63d0c4782560b' -> (Import Result ID: '3e50c2db51800bea531305dc24d7c6b5') in 0.028 seconds [static and dynamic dependencies]. Details - ImportResultOutputID=4e6866f0f84aa3519782f1e548f633af DependenciesID=67ae2e81357bfca53e5bfd0ffa6478b5 StaticDependenciesID=7ef29081a1265892f3ed3368384ddd70 
Number of updated asset objects reloaded before import = 0
Number of asset objects unloaded after import = 19
========================================================================
Received Import Request.
  Time of request: 2026-09-15T06:43:26.1633309Z
  Time since last request: 1.2049695 seconds.
  importAddress: GUID: 8e80db6c74ac2b944ba29ba6be8a9d76 - Path: Assets/Scenes - Importer: PreviewImporter
Importing 'GUID: 8e80db6c74ac2b944ba29ba6be8a9d76 - Path: Assets/Scenes - Importer: PreviewImporter' with importer (PreviewImporter)
Imported 'GUID: 8e80db6c74ac2b944ba29ba6be8a9d76' -> (Import Result ID: 'fcec35dc9267a66fb671c0185b98d2f5') in 0.001 seconds [static and dynamic dependencies]. Details - ImportResultOutputID=fd406898684f3603a05894bafd75ee67 DependenciesID=348d5c2b8b440d15335fa24a08fc8563 StaticDependenciesID=1f5dbc7ad24531733249ede1b87c7272 
Number of updated asset objects reloaded before import = 0
Number of asset objects unloaded after import = 0
========================================================================
Received Import Request.
  Time of request: 2026-09-15T06:43:27.3888064Z
  Time since last request: 1.212496 seconds.
  importAddress: GUID: be825ff7d64d9724e8cd3da5602b1318 - Path: Assets/Scenes/Prototype 4.unity - Importer: PreviewImporter
Importing 'GUID: be825ff7d64d9724e8cd3da5602b1318 - Path: Assets/Scenes/Prototype 4.unity - Importer: PreviewImporter' with importer (PreviewImporter)
Imported 'GUID: be825ff7d64d9724e8cd3da5602b1318' -> (Import Result ID: '86ea2f8bb211ddc4da83aed665eea6cc') in 0.001 seconds [static and dynamic dependencies]. Details - ImportResultOutputID=64a2b8bf8cf4bfdec490ecd4d0298b6a DependenciesID=3da0019a6a00124a8f873afd033b369b StaticDependenciesID=5f3fb94767b9b899c196b2c8468656f9 
Number of updated asset objects reloaded before import = 0
Number of asset objects unloaded after import = 0
========================================================================
Received Import Request.
  Time of request: 2026-09-15T06:43:31.5230949Z
  Time since last request: 4.1211887 seconds.
  importAddress: GUID: 79138d12dd2ea324e9b515ae333f95d8 - Path: Assets/Prototype 5 - Importer: PreviewImporter
Importing 'GUID: 79138d12dd2ea324e9b515ae333f95d8 - Path: Assets/Prototype 5 - Importer: PreviewImporter' with importer (PreviewImporter)
Imported 'GUID: 79138d12dd2ea324e9b515ae333f95d8' -> (Import Result ID: 'cfcf20bb5b65946bb0c26c9324ec20e0') in 0.001 seconds [static and dynamic dependencies]. Details - ImportResultOutputID=be6d94879f5c4559cb0c8bca33dedcfa DependenciesID=78f5da8e4f1184636c37c22d553c3a59 StaticDependenciesID=ed90532cb7756af5ec99053e70ee1fea 
Number of updated asset objects reloaded before import = 0
Number of asset objects unloaded after import = 0
========================================================================
Received Import Request.
  Time of request: 2026-09-15T06:43:32.3876225Z
  Time since last request: 0.8484333 seconds.
  importAddress: GUID: 365c86316cb270f40ac51ea0e217b9b1 - Path: Assets/Prototype 5/Scenes - Importer: PreviewImporter
Importing 'GUID: 365c86316cb270f40ac51ea0e217b9b1 - Path: Assets/Prototype 5/Scenes - Importer: PreviewImporter' with importer (PreviewImporter)
Imported 'GUID: 365c86316cb270f40ac51ea0e217b9b1' -> (Import Result ID: 'c06a630b8e7ed9d8f443c9fb8ce4cf44') in 0.001 seconds [static and dynamic dependencies]. Details - ImportResultOutputID=1c9d2df0ce0b179ebaf51118a717324c DependenciesID=039450baa1e51d5a6216df8cf507ad15 StaticDependenciesID=1fd64e71fc44d2d1734f4b16fde5ceb4 
Number of updated asset objects reloaded before import = 0
Number of asset objects unloaded after import = 0
========================================================================
Received Prepare
AcceleratorClientConnectionCallback - disconnected - :0
Refreshing native plugins compatible for Editor in 2.97 ms, found 4 plugins.
Unloading 22 Unused Serialized files (Serialized files now loaded: 0)
Unloading 22 unused Assets / (2.6 MB). Loaded Objects now: 7343.
Memory consumption went from 326.6 MB to 323.9 MB.
Total: 15.843800 ms (FindLiveObjects: 1.123700 ms CreateObjectMapping: 1.727700 ms MarkObjects: 12.136200 ms  DeleteObjects: 0.853200 ms)

Prepare: number of updated asset objects reloaded= 0
========================================================================
Received Import Request.
  Time of request: 2026-09-15T06:43:49.4744Z
  Time since last request: 17.0703419 seconds.
  importAddress: GUID: 365c86316cb270f40ac51ea0e217b9b1 - Path: Assets/Assets/Prototype 5/Assets/Prototype 5/Scenes - Importer: ScriptedImporter/UnityEditor.QuickSearchModule:UnityEditor.Search:ASIAI0B
Importing 'GUID: 365c86316cb270f40ac51ea0e217b9b1 - Path: Assets/Assets/Prototype 5/Assets/Prototype 5/Scenes - Importer: ScriptedImporter/UnityEditor.QuickSearchModule:UnityEditor.Search:ASIAI0B' with importer (ScriptedImporter : UnityEditor.QuickSearchModule:UnityEditor.Search:ASIAI0B)
Imported 'GUID: 365c86316cb270f40ac51ea0e217b9b1' -> (Import Result ID: '9c64f8ac847d49ce94253eeb860072bd') in 0.054 seconds [static and dynamic dependencies]. Details - ImportResultOutputID=1ee65a5c698be1b4c5296e552532571c DependenciesID=a1a841e0a9188f336eaba07891b5812d StaticDependenciesID=81ba535d00632a59c2db4ef85983ea70 
Number of updated asset objects reloaded before import = 0
Number of asset objects unloaded after import = 1
========================================================================
Received Import Request.
  Time of request: 2026-09-15T06:43:52.3157554Z
  Time since last request: 2.7750368 seconds.
  importAddress: GUID: 487844f7842cd6d41b607e751e002e42 - Path: Assets/Assets/Prototype 5/Assets/Prototype 5/Scenes/Prototype 5 - Signal Shift.unity - Importer: PreviewImporter
Importing 'GUID: 487844f7842cd6d41b607e751e002e42 - Path: Assets/Assets/Prototype 5/Assets/Prototype 5/Scenes/Prototype 5 - Signal Shift.unity - Importer: PreviewImporter' with importer (PreviewImporter)
Imported 'GUID: 487844f7842cd6d41b607e751e002e42' -> (Import Result ID: '95d41ddff6ce22c35db737b60d3dddc5') in 0.002 seconds [static and dynamic dependencies]. Details - ImportResultOutputID=8d6bbfe1726bccdea96c68daa01e8343 DependenciesID=a5eb63efd0143a5f3c08b91cb4fea090 StaticDependenciesID=873fe772b00ecc067d91dc4e4ac025e1 
Number of updated asset objects reloaded before import = 0
Number of asset objects unloaded after import = 0
========================================================================
Received Import Request.
  Time of request: 2026-09-15T06:43:54.5788263Z
  Time since last request: 2.2456112 seconds.
  importAddress: GUID: 39693e9ac46283f40bbb5a6a69c4b262 - Path: Assets/Assets/Prototype 5/Assets/Prototype 5/Editor/P5SceneInstaller.cs - Importer: PreviewImporter
Importing 'GUID: 39693e9ac46283f40bbb5a6a69c4b262 - Path: Assets/Assets/Prototype 5/Assets/Prototype 5/Editor/P5SceneInstaller.cs - Importer: PreviewImporter' with importer (PreviewImporter)
Imported 'GUID: 39693e9ac46283f40bbb5a6a69c4b262' -> (Import Result ID: 'aa2eaa73963e71cdb6d6aa022befbeb1') in 0.001 seconds [static and dynamic dependencies]. Details - ImportResultOutputID=1d8a9055eb561234852a6e9b98bb77e8 DependenciesID=60657231855e43f81af2c1464ce4c0bb StaticDependenciesID=0b5a932dd25a7a799b952098e5ef2008 
Number of updated asset objects reloaded before import = 0
Number of asset objects unloaded after import = 0
========================================================================
Received Import Request.
  Time of request: 2026-09-15T06:43:58.363754Z
  Time since last request: 3.77306 seconds.
  importAddress: GUID: 4aa6106fa49d3554c92c28aeda9ad03f - Path: Assets/Assets/Prototype 5/Assets/Prototype 5/Editor - Importer: PreviewImporter
Importing 'GUID: 4aa6106fa49d3554c92c28aeda9ad03f - Path: Assets/Assets/Prototype 5/Assets/Prototype 5/Editor - Importer: PreviewImporter' with importer (PreviewImporter)
Imported 'GUID: 4aa6106fa49d3554c92c28aeda9ad03f' -> (Import Result ID: 'a50af0ebcdf85404e98f3ce16c384a21') in 0.001 seconds [static and dynamic dependencies]. Details - ImportResultOutputID=7e43ff01a213053aeb7f4bb1c77132ab DependenciesID=952d6f2335b7f1ca6e79ff53940e2e13 StaticDependenciesID=83a90ba32b5504154d642149cb4bbb9d 
Number of updated asset objects reloaded before import = 0
Number of asset objects unloaded after import = 0
========================================================================
Received Prepare
AcceleratorClientConnectionCallback - disconnected - :0
Refreshing native plugins compatible for Editor in 2.04 ms, found 4 plugins.
Unloading 22 Unused Serialized files (Serialized files now loaded: 0)
Unloading 6442 unused Assets / (5.7 MB). Loaded Objects now: 7342.
Memory consumption went from 332.3 MB to 326.6 MB.
Total: 14.137000 ms (FindLiveObjects: 1.251300 ms CreateObjectMapping: 2.895600 ms MarkObjects: 6.202700 ms  DeleteObjects: 3.786500 ms)

Prepare: number of updated asset objects reloaded= 0
========================================================================
Received Prepare
AcceleratorClientConnectionCallback - disconnected - :0
[Licensing::Client] Successfully resolved entitlement details
Begin MonoManager ReloadAssembly
Refreshing native plugins compatible for Editor in 2.11 ms, found 4 plugins.
Native extension for WindowsStandalone target not found
Native extension for WebGL target not found
[Package Manager] Failed to launch server process. Reason: Unity was launched with the -noUpm command-line argument
[Package Manager] Unable to send message (not connected to server process).
[Package Manager] Cannot connect to Unity Package Manager local server
[Package Manager] Failed to launch server process. Reason: Unity was launched with the -noUpm command-line argument
[Package Manager] Unable to send message (not connected to server process).
[Package Manager] Cannot connect to Unity Package Manager local server
ScheduleIndexationOnStartup MainProcess:False IndexOnStartup:True
Mono: successfully reloaded assembly
- Finished resetting the current domain, in  0.882 seconds
Domain Reload Profiling: 2279ms
	BeginReloadAssembly (325ms)
		DisableScriptedObjects (9ms)
		CreateAndSetChildDomain (68ms)
	RebuildCommonClasses (13ms)
	RebuildNativeTypeToScriptingClass (22ms)
	initialDomainReloadingComplete (125ms)
	LoadAllAssembliesAndSetupDomain (911ms)
		LoadAssemblies (580ms)
		AnalyzeDomain (332ms)
			TypeCache.Refresh (19ms)
			BuildScriptInfoCaches (300ms)
			ResolveRequiredComponents (10ms)
	FinalizeReload (883ms)
		SetupLoadedEditorAssemblies (0ms)
			InitializePlatformSupportModulesInManaged (3ms)
			BeforeProcessingInitializeOnLoad (112ms)
			ProcessInitializeOnLoadAttributes (347ms)
			ProcessInitializeOnLoadMethodAttributes (137ms)
			AfterProcessingInitializeOnLoad (10ms)
		AwakeInstancesAfterBackupRestoration (27ms)
Unloading 22 Unused Serialized files (Serialized files now loaded: 0)
Unloading 6453 unused Assets / (5.9 MB). Loaded Objects now: 7345.
Memory consumption went from 332.4 MB to 326.5 MB.
Total: 12.266000 ms (FindLiveObjects: 0.812700 ms CreateObjectMapping: 2.280700 ms MarkObjects: 6.366100 ms  DeleteObjects: 2.805600 ms)

Prepare: number of updated asset objects reloaded= 0
========================================================================
Received Prepare
AcceleratorClientConnectionCallback - disconnected - :0
Refreshing native plugins compatible for Editor in 2.35 ms, found 4 plugins.
Unloading 22 Unused Serialized files (Serialized files now loaded: 0)
Unloading 22 unused Assets / (2.6 MB). Loaded Objects now: 7345.
Memory consumption went from 329.9 MB to 327.3 MB.
Total: 9.269300 ms (FindLiveObjects: 0.452400 ms CreateObjectMapping: 1.082700 ms MarkObjects: 7.056800 ms  DeleteObjects: 0.676100 ms)

Prepare: number of updated asset objects reloaded= 0
========================================================================
Received Import Request.
  Time of request: 2026-09-15T06:44:17.5530898Z
  Time since last request: 19.1756496 seconds.
  importAddress: GUID: 487844f7842cd6d41b607e751e002e42 - Path: Assets/Assets/Prototype 5/Assets/Prototype 5/Scenes/Signal Shift.unity - Importer: PreviewImporter
Importing 'GUID: 487844f7842cd6d41b607e751e002e42 - Path: Assets/Assets/Prototype 5/Assets/Prototype 5/Scenes/Signal Shift.unity - Importer: PreviewImporter' with importer (PreviewImporter)
Imported 'GUID: 487844f7842cd6d41b607e751e002e42' -> (Import Result ID: 'ea7b2d6b64c2c78acabb23975dc60b63') in 0.001 seconds [static and dynamic dependencies]. Details - ImportResultOutputID=8d6bbfe1726bccdea96c68daa01e8343 DependenciesID=aac94f9c4b9bf884fe572753079dc40e StaticDependenciesID=b6ece867aa6c97d881f3720e923ee529 
Number of updated asset objects reloaded before import = 0
Number of asset objects unloaded after import = 0
========================================================================
Received Import Request.
  Time of request: 2026-09-15T06:44:21.6503306Z
  Time since last request: 4.0820997 seconds.
  importAddress: GUID: b3249f41625063c4dbc7452e98e287d7 - Path: Assets/Assets/Prototype 5/Assets/Prototype 5/Scripts/P5Barrier.cs - Importer: PreviewImporter
Importing 'GUID: b3249f41625063c4dbc7452e98e287d7 - Path: Assets/Assets/Prototype 5/Assets/Prototype 5/Scripts/P5Barrier.cs - Importer: PreviewImporter' with importer (PreviewImporter)
Imported 'GUID: b3249f41625063c4dbc7452e98e287d7' -> (Import Result ID: 'd9aa35f91e29a4c9a4964923123a8429') in 0.004 seconds [static and dynamic dependencies]. Details - ImportResultOutputID=065d2a6f742e8869bda8dbc87a4ef52a DependenciesID=a818ee9cc726f743d86b0e7ff537fa9f StaticDependenciesID=6e7f1d59bf3161f22e884f73bfd0214a 
Number of updated asset objects reloaded before import = 0
Number of asset objects unloaded after import = 0
========================================================================
Received Import Request.
  Time of request: 2026-09-15T06:44:28.5198685Z
  Time since last request: 6.8546474 seconds.
  importAddress: GUID: 9b67e9c066a5d2642abf848157ecc25c - Path: Assets/Assets/Prototype 5/Assets/Prototype 5/Scripts/P5Core.cs - Importer: PreviewImporter
Importing 'GUID: 9b67e9c066a5d2642abf848157ecc25c - Path: Assets/Assets/Prototype 5/Assets/Prototype 5/Scripts/P5Core.cs - Importer: PreviewImporter' with importer (PreviewImporter)
Imported 'GUID: 9b67e9c066a5d2642abf848157ecc25c' -> (Import Result ID: '66dd682a9585dc64e4c37a8d8e26162a') in 0.001 seconds [static and dynamic dependencies]. Details - ImportResultOutputID=06cb56f711a5fae9c34cdfe26ca51158 DependenciesID=3d29363db6f5e0d140979c79768b8062 StaticDependenciesID=df2f1ace975bd62e68c3876975431981 
Number of updated asset objects reloaded before import = 0
Number of asset objects unloaded after import = 0
========================================================================
Received Import Request.
  Time of request: 2026-09-15T06:44:29.1278429Z
  Time since last request: 0.595382 seconds.
  importAddress: GUID: ad8da815ee12807498e56bfbc23a8757 - Path: Assets/Assets/Prototype 5/Assets/Prototype 5/Scripts/P5Exit.cs - Importer: PreviewImporter
Importing 'GUID: ad8da815ee12807498e56bfbc23a8757 - Path: Assets/Assets/Prototype 5/Assets/Prototype 5/Scripts/P5Exit.cs - Importer: PreviewImporter' with importer (PreviewImporter)
Imported 'GUID: ad8da815ee12807498e56bfbc23a8757' -> (Import Result ID: 'a414b8128c7801487fd9f6cfd661500b') in 0.001 seconds [static and dynamic dependencies]. Details - ImportResultOutputID=165d806df41a47ac2e552f9303b17d04 DependenciesID=cc59a352c03c9bcfd23889b7c9becc2a StaticDependenciesID=4edf8b5fddc8e82d627f95c737875a95 
Number of updated asset objects reloaded before import = 0
Number of asset objects unloaded after import = 0
========================================================================
Received Import Request.
  Time of request: 2026-09-15T06:44:29.5620251Z
  Time since last request: 0.4213026 seconds.
  importAddress: GUID: 7b31cba982192bd4d9814dfccc5ca421 - Path: Assets/Assets/Prototype 5/Assets/Prototype 5/Scripts/P5Game.cs - Importer: PreviewImporter
Importing 'GUID: 7b31cba982192bd4d9814dfccc5ca421 - Path: Assets/Assets/Prototype 5/Assets/Prototype 5/Scripts/P5Game.cs - Importer: PreviewImporter' with importer (PreviewImporter)
Imported 'GUID: 7b31cba982192bd4d9814dfccc5ca421' -> (Import Result ID: '6a341485fc04642d4a1528896bf85155') in 0.001 seconds [static and dynamic dependencies]. Details - ImportResultOutputID=4015c6346ed3ddef93bd1a38248c11b0 DependenciesID=03248dd3645941aca37eadd982e5eace StaticDependenciesID=708c5278a1be846c5b769cdbcf5dded8 
Number of updated asset objects reloaded before import = 0
Number of asset objects unloaded after import = 0
========================================================================
Received Import Request.
  Time of request: 2026-09-15T06:44:30.4054107Z
  Time since last request: 0.8306457 seconds.
  importAddress: GUID: 97c9d61dd8e95cc48bcf467df2821fce - Path: Assets/Assets/Prototype 5/Assets/Prototype 5/Scripts/P5Hazard.cs - Importer: PreviewImporter
Importing 'GUID: 97c9d61dd8e95cc48bcf467df2821fce - Path: Assets/Assets/Prototype 5/Assets/Prototype 5/Scripts/P5Hazard.cs - Importer: PreviewImporter' with importer (PreviewImporter)
Imported 'GUID: 97c9d61dd8e95cc48bcf467df2821fce' -> (Import Result ID: '62861f06614ce392d8ed046beea84247') in 0.001 seconds [static and dynamic dependencies]. Details - ImportResultOutputID=3f0871548084176bb88ba353fd1953a5 DependenciesID=91011af8b9540a2d69b96d932767d7e2 StaticDependenciesID=3bce92dfe348672a670d86a754002319 
Number of updated asset objects reloaded before import = 0
Number of asset objects unloaded after import = 0
========================================================================
Received Import Request.
  Time of request: 2026-09-15T06:44:31.5567685Z
  Time since last request: 1.1379443 seconds.
  importAddress: GUID: 9daacf539b9c20c42a53bfad4130d24f - Path: Assets/Assets/Prototype 5/Assets/Prototype 5/Scripts/P5Player.cs - Importer: PreviewImporter
Importing 'GUID: 9daacf539b9c20c42a53bfad4130d24f - Path: Assets/Assets/Prototype 5/Assets/Prototype 5/Scripts/P5Player.cs - Importer: PreviewImporter' with importer (PreviewImporter)
Imported 'GUID: 9daacf539b9c20c42a53bfad4130d24f' -> (Import Result ID: '21ed32d55ddc66a6fc9e6ff175a827a1') in 0.001 seconds [static and dynamic dependencies]. Details - ImportResultOutputID=23e1a64dfbac26186b8b905900e5a0df DependenciesID=f74e41889322a806a2054c8178e46e1c StaticDependenciesID=490574d1bb2d46ecf2a5050c99b2a1b7 
Number of updated asset objects reloaded before import = 0
Number of asset objects unloaded after import = 0
========================================================================
Received Prepare
AcceleratorClientConnectionCallback - disconnected - :0
Begin MonoManager ReloadAssembly
Refreshing native plugins compatible for Editor in 2.19 ms, found 4 plugins.
Native extension for WindowsStandalone target not found
Native extension for WebGL target not found
[Package Manager] Failed to launch server process. Reason: Unity was launched with the -noUpm command-line argument
[Package Manager] Unable to send message (not connected to server process).
[Package Manager] Cannot connect to Unity Package Manager local server
[Package Manager] Failed to launch server process. Reason: Unity was launched with the -noUpm command-line argument
[Package Manager] Unable to send message (not connected to server process).
[Package Manager] Cannot connect to Unity Package Manager local server
ScheduleIndexationOnStartup MainProcess:False IndexOnStartup:True
Mono: successfully reloaded assembly
- Finished resetting the current domain, in  1.107 seconds
Domain Reload Profiling: 2057ms
	BeginReloadAssembly (306ms)
		DisableScriptedObjects (10ms)
		CreateAndSetChildDomain (59ms)
	RebuildCommonClasses (12ms)
	RebuildNativeTypeToScriptingClass (23ms)
	initialDomainReloadingComplete (90ms)
	LoadAllAssembliesAndSetupDomain (518ms)
		LoadAssemblies (500ms)
		AnalyzeDomain (30ms)
			TypeCache.Refresh (13ms)
			ResolveRequiredComponents (11ms)
	FinalizeReload (1109ms)
		SetupLoadedEditorAssemblies (0ms)
			InitializePlatformSupportModulesInManaged (4ms)
			BeforeProcessingInitializeOnLoad (160ms)
			ProcessInitializeOnLoadAttributes (411ms)
			ProcessInitializeOnLoadMethodAttributes (181ms)
			AfterProcessingInitializeOnLoad (13ms)
		AwakeInstancesAfterBackupRestoration (30ms)
Refreshing native plugins compatible for Editor in 2.47 ms, found 4 plugins.
Unloading 22 Unused Serialized files (Serialized files now loaded: 0)
Unloading 6453 unused Assets / (6.0 MB). Loaded Objects now: 7348.
Memory consumption went from 330.2 MB to 324.2 MB.
Total: 20.036100 ms (FindLiveObjects: 1.773300 ms CreateObjectMapping: 3.897000 ms MarkObjects: 8.951600 ms  DeleteObjects: 5.412800 ms)

Prepare: number of updated asset objects reloaded= 0
========================================================================
Received Prepare
AcceleratorClientConnectionCallback - disconnected - :0
Refreshing native plugins compatible for Editor in 3.88 ms, found 4 plugins.
Unloading 22 Unused Serialized files (Serialized files now loaded: 0)
Unloading 22 unused Assets / (2.6 MB). Loaded Objects now: 7348.
Memory consumption went from 327.8 MB to 325.1 MB.
Total: 19.640800 ms (FindLiveObjects: 1.115900 ms CreateObjectMapping: 1.750000 ms MarkObjects: 15.620100 ms  DeleteObjects: 1.151900 ms)

Prepare: number of updated asset objects reloaded= 0
========================================================================
Received Prepare
AcceleratorClientConnectionCallback - disconnected - :0
[Licensing::Client] Successfully resolved entitlement details
Begin MonoManager ReloadAssembly
Refreshing native plugins compatible for Editor in 2.06 ms, found 4 plugins.
Native extension for WindowsStandalone target not found
Native extension for WebGL target not found
[Package Manager] Failed to launch server process. Reason: Unity was launched with the -noUpm command-line argument
[Package Manager] Unable to send message (not connected to server process).
[Package Manager] Cannot connect to Unity Package Manager local server
[Package Manager] Failed to launch server process. Reason: Unity was launched with the -noUpm command-line argument
[Package Manager] Unable to send message (not connected to server process).
[Package Manager] Cannot connect to Unity Package Manager local server
ScheduleIndexationOnStartup MainProcess:False IndexOnStartup:True
Mono: successfully reloaded assembly
- Finished resetting the current domain, in  1.015 seconds
Domain Reload Profiling: 1941ms
	BeginReloadAssembly (288ms)
		DisableScriptedObjects (9ms)
		CreateAndSetChildDomain (61ms)
	RebuildCommonClasses (11ms)
	RebuildNativeTypeToScriptingClass (21ms)
	initialDomainReloadingComplete (92ms)
	LoadAllAssembliesAndSetupDomain (512ms)
		LoadAssemblies (471ms)
		AnalyzeDomain (27ms)
			TypeCache.Refresh (11ms)
			ResolveRequiredComponents (10ms)
	FinalizeReload (1016ms)
		SetupLoadedEditorAssemblies (0ms)
			InitializePlatformSupportModulesInManaged (3ms)
			BeforeProcessingInitializeOnLoad (129ms)
			ProcessInitializeOnLoadAttributes (400ms)
			ProcessInitializeOnLoadMethodAttributes (181ms)
			AfterProcessingInitializeOnLoad (11ms)
		AwakeInstancesAfterBackupRestoration (31ms)
Refreshing native plugins compatible for Editor in 3.02 ms, found 4 plugins.
Unloading 22 Unused Serialized files (Serialized files now loaded: 0)
Unloading 6453 unused Assets / (5.9 MB). Loaded Objects now: 7351.
Memory consumption went from 334.6 MB to 328.7 MB.
Total: 17.229300 ms (FindLiveObjects: 1.015600 ms CreateObjectMapping: 3.720200 ms MarkObjects: 8.073500 ms  DeleteObjects: 4.418700 ms)

Prepare: number of updated asset objects reloaded= 0
Editor requested this worker to shutdown with reason: Editor is closing down
AcceleratorClientConnectionCallback - disconnected - :0
AssetImportWorker is now disconnected from the server
Process exiting
Exiting without the bug reporter. Application will terminate with return code 0