[Licensing::Module] Trying to connect to existing licensing client channel...
Built from '6000.5/staging' branch; Version is '6000.5.0f1 (88b47c5e7076) revision 8959100'; Using compiler version '194234433'; Build Type 'Release'
[Licensing::IpcConnector] Successfully connected to: "LicenseClient-tyler" at "2026-06-21T06:27:01.8551553Z"
OS: 'Windows 11  (10.0.26220) Core' Language: 'en' Physical Memory: 16299 MB
BatchMode: 1, IsHumanControllingUs: 0, StartBugReporterOnCrash: 0, Is64bit: 1
System  architecture: x64
Process architecture: x64
Date: 2026-06-21T06:27:01Z

COMMAND LINE ARGUMENTS:
C:\Program Files\Unity\Hub\Editor\6000.5.0f1\Editor\Unity.exe
-adb2
-batchMode
-noUpm
-name
AssetImportWorkerHW8
-projectPath
C:/Users/tyler/Documents/GitHub/Game-Dev-III/My project
-logFile
Logs/AssetImportWorkerHW8.log
-srvPort
65500
-parentPid
3256
-analyticsCloudUserId
16768056786696
-analyticsCloudProjectId
655af935-c563-4d7e-a444-bc081339ca92
-analyticsLocalProjectId
f1b9c14d5627bcc44b85b92b47ef70cd
-noDiagnosticSwitchPersistentStore
-job-worker-count
5
-background-job-worker-count
8
-asset-garbage-collectors
1
-force-d3d12
-name
AssetImport
Successfully changed project path to: C:/Users/tyler/Documents/GitHub/Game-Dev-III/My project
C:/Users/tyler/Documents/GitHub/Game-Dev-III/My project
[UnityMemory] Configuration Parameters - Can be set up in boot.config
    "memorysetup-temp-allocator-size-gi-baking-worker=262144"
    "memorysetup-temp-allocator-size-gi-baking-worker=262144"
    "memorysetup-temp-allocator-size-gi-baking-worker=262144"
    "memorysetup-temp-allocator-size-gi-baking-worker=262144"
    "memorysetup-temp-allocator-size-gi-baking-worker=262144"
    "memorysetup-temp-allocator-size-nav-mesh-worker=65536"
    "memorysetup-temp-allocator-size-audio-worker=65536"
    "memorysetup-temp-allocator-size-cloud-worker=32768"
    "memorysetup-temp-allocator-size-gfx=262144"
    "memorysetup-temp-allocator-size-preload-manager=33554432"
    "memorysetup-allocator-temp-initial-block-size-main=262144"
    "memorysetup-allocator-temp-initial-block-size-worker=262144"
    "memorysetup-temp-allocator-size-job-worker=262144"
    "memorysetup-temp-allocator-size-background-worker=32768"
    "memorysetup-bucket-allocator-granularity=16"
    "memorysetup-bucket-allocator-bucket-count=8"
    "memorysetup-bucket-allocator-block-size=33554432"
    "memorysetup-bucket-allocator-block-count=8"
    "memorysetup-main-allocator-block-size=16777216"
    "memorysetup-thread-allocator-block-size=16777216"
    "memorysetup-main-allocator-mimalloc-enabled=0"
    "memorysetup-gfx-main-allocator-block-size=16777216"
    "memorysetup-gfx-thread-allocator-block-size=16777216"
    "memorysetup-cache-allocator-block-size=4194304"
    "memorysetup-typetree-allocator-block-size=2097152"
    "memorysetup-profiler-bucket-allocator-granularity=16"
    "memorysetup-profiler-bucket-allocator-bucket-count=8"
    "memorysetup-profiler-bucket-allocator-block-size=33554432"
    "memorysetup-profiler-bucket-allocator-block-count=8"
    "memorysetup-profiler-allocator-block-size=16777216"
    "memorysetup-profiler-editor-allocator-block-size=1048576"
    "memorysetup-temp-allocator-size-main=16777216"
    "memorysetup-job-temp-allocator-block-size=2097152"
    "memorysetup-job-temp-allocator-block-size-background=1048576"
    "memorysetup-job-temp-allocator-reduction-small-platforms=262144"
Player connection [25412]  Target information:

Player connection [25412]  * "[IP] 172.20.10.4 [Port] 0 [Flags] 2 [Guid] 1507031729 [EditorId] 1507031729 [Version] 1048832 [Id] WindowsEditor(7,DESKTOP-ONOH9UU) [Debug] 1 [PackageName] WindowsEditor [ProjectName] Editor" 

Player connection [25412] Host joined multi-casting on [225.0.0.222:54997]...
Player connection [25412] Host joined alternative multi-casting on [225.0.0.222:34997]...
JobSystem: Creating JobQueue using job-worker-count value 5
Input System module state changed to: Initialized.
[Physics::Module] Initialized fallback backend.
[Physics::Module] Id: 0xdecafbad
Library Redirect Path: Library/
[Physics::Module] Selected backend.
[Physics::Module] Name: PhysX
[Physics::Module] Id: 0xf2b8ea05
[Physics::Module] SDK Version: 4.1.2
[Physics::Module] Integration Version: 1.0.0
[Physics::Module] Threading Mode: Multi-Threaded
Refreshing native plugins compatible for Editor in 9.39 ms, found 4 plugins.
Initialize engine version: 6000.5.0f1 (88b47c5e7076)
[Subsystems] Discovering subsystems at path C:/Program Files/Unity/Hub/Editor/6000.5.0f1/Editor/Data/Resources/UnitySubsystems
[Subsystems] Discovering subsystems at path C:/Users/tyler/Documents/GitHub/Game-Dev-III/My project/Assets
Forcing GfxDevice: Direct3D 12
GfxDevice: creating device client; kGfxThreadingModeNonThreaded
d3d12: failed to query info queue interface (0x80004002).
Direct3D:
    Version:         Direct3D 12 [level 12.1]
    Renderer:        NVIDIA GeForce GTX 1070 (ID=0x1b81)
    Vendor:          NVIDIA
    VRAM:            8067 MB
    App VRAM Budget: 7299 MB
    Driver:          32.0.15.8228
Initialize mono
Mono path[0] = 'C:/Program Files/Unity/Hub/Editor/6000.5.0f1/Editor/Data/Managed'
Mono path[1] = 'C:/Program Files/Unity/Hub/Editor/6000.5.0f1/Editor/Data/BCLExtensions/runtime/netstandard2.1'
Mono path[2] = 'C:/Program Files/Unity/Hub/Editor/6000.5.0f1/Editor/Data/MonoBleedingEdge/lib/mono/unityjit-win32'
Mono config path = 'C:/Program Files/Unity/Hub/Editor/6000.5.0f1/Editor/Data/MonoBleedingEdge/etc'
Using monoOptions --debugger-agent=transport=dt_socket,embedding=1,server=y,suspend=n,address=127.0.0.1:56408
CodeReloadManager initialized
Begin MonoManager ReloadAssembly
Registering precompiled unity dll's ...
Register platform support module: C:/Program Files/Unity/Hub/Editor/6000.5.0f1/Editor/Data/PlaybackEngines/WebGLSupport/UnityEditor.WebGL.Extensions.dll
Register platform support module: C:/Program Files/Unity/Hub/Editor/6000.5.0f1/Editor/Data/PlaybackEngines/WindowsStandaloneSupport/UnityEditor.WindowsStandalone.Extensions.dll
Registered in 0.002429 seconds.
[Licensing::Client] Error: HandshakeResponse reported an error:
	ResponseCode: 505
	ResponseStatus: Unsupported protocol version '1.18.1'.
[Licensing::Module] Error: Failed to handshake to channel: "LicenseClient-tyler"
[Licensing::IpcConnector] LicenseClient-tyler channel disconnected successfully.
[Licensing::IpcConnector] Successfully connected to: "LicenseClient-tyler-6000.5.0" at "2026-06-21T06:27:04.0337185Z"
[Licensing::Client] Code 10 while verifying Licensing Client signature (process Id: 3132, path: "C:/Program Files/Unity/Hub/Editor/6000.5.0f1/Editor/Data/Resources/Licensing/Client/Unity.Licensing.Client.exe")
[Licensing::Module] LicensingClient has failed validation; ignoring
[Licensing::Client] Handshaking with LicensingClient:
  Version:                 1.18.1+9fbee8e
  Session Id:              0b73cba83ec442a185e65d6175b2cbdc
  Correlation Id:          96b3fbc6361fbea4da6afb0858b9961b
  External correlation Id: 456823864595837557
  Machine Id:              B5zBSgBVrNKhZO/DEt1/zZ3MoTs=
[Licensing::Module] Successfully connected to LicensingClient on channel: "LicenseClient-tyler-6000.5.0" (connect: 0.00s, validation: 0.00s, handshake: 0.01s)
[Licensing::IpcConnector] Successfully connected to: "LicenseClient-tyler-6000.5.0-notifications" at "2026-06-21T06:27:04.04866Z"
[Licensing::Module] Licensing Background thread has ended after 2.19s
Native extension for WindowsStandalone target not found
Native extension for WebGL target not found
Package Manager log level set to [2]
[Package Manager] Failed to launch server process. Reason: Unity was launched with the -noUpm command-line argument
[Package Manager] Unable to send message (not connected to server process).
[Package Manager] Cannot connect to Unity Package Manager local server
ScheduleIndexationOnStartup MainProcess:False IndexOnStartup:True
Mono: successfully reloaded assembly
- Finished resetting the current domain, in  0.489 seconds
Domain Reload Profiling: 1236ms
	BeginReloadAssembly (211ms)
	RebuildCommonClasses (6ms)
	RebuildNativeTypeToScriptingClass (21ms)
	initialDomainReloadingComplete (89ms)
	LoadAllAssembliesAndSetupDomain (417ms)
		LoadAssemblies (205ms)
		AnalyzeDomain (316ms)
			TypeCache.Refresh (312ms)
				TypeCache.ScanAssembly (282ms)
	FinalizeReload (492ms)
		SetupLoadedEditorAssemblies (0ms)
			InitializePlatformSupportModulesInManaged (3ms)
			BeforeProcessingInitializeOnLoad (117ms)
			ProcessInitializeOnLoadAttributes (125ms)
			ProcessInitializeOnLoadMethodAttributes (147ms)
Initializing Unity extensions:
[Licensing::Client] Successfully resolved entitlement details
[Licensing::Module] License group:
  Id: 16768056786696-UnityPersXXXX
  Product: Unity Personal
  Type: Assigned
  Expiration: Unlimited
Curl error 3: URL rejected: Malformed input to a URL function
========================================================================
Worker process is ready to serve import requests
Import Worker Mode flag is 0x00
Begin MonoManager ReloadAssembly
Native extension for WindowsStandalone target not found
Native extension for WebGL target not found
[Package Manager] Failed to launch server process. Reason: Unity was launched with the -noUpm command-line argument
[Package Manager] Unable to send message (not connected to server process).
[Package Manager] Cannot connect to Unity Package Manager local server
Refreshing native plugins compatible for Editor in 2.11 ms, found 4 plugins.
[Package Manager] Failed to launch server process. Reason: Unity was launched with the -noUpm command-line argument
[Package Manager] Unable to send message (not connected to server process).
[Package Manager] Cannot connect to Unity Package Manager local server
ScheduleIndexationOnStartup MainProcess:False IndexOnStartup:True
Mono: successfully reloaded assembly
- Finished resetting the current domain, in  0.887 seconds
Domain Reload Profiling: 2079ms
	BeginReloadAssembly (251ms)
		DisableScriptedObjects (7ms)
		CreateAndSetChildDomain (37ms)
	RebuildCommonClasses (10ms)
	RebuildNativeTypeToScriptingClass (21ms)
	initialDomainReloadingComplete (85ms)
	LoadAllAssembliesAndSetupDomain (824ms)
		LoadAssemblies (463ms)
		AnalyzeDomain (352ms)
			TypeCache.Refresh (234ms)
				TypeCache.ScanAssembly (213ms)
			BuildScriptInfoCaches (106ms)
			ResolveRequiredComponents (9ms)
	FinalizeReload (888ms)
		SetupLoadedEditorAssemblies (0ms)
			InitializePlatformSupportModulesInManaged (3ms)
			BeforeProcessingInitializeOnLoad (114ms)
			ProcessInitializeOnLoadAttributes (360ms)
			ProcessInitializeOnLoadMethodAttributes (140ms)
			AfterProcessingInitializeOnLoad (8ms)
		AwakeInstancesAfterBackupRestoration (3ms)
AcceleratorClientConnectionCallback - disconnected - :0
Launched and connected shader compiler UnityShaderCompiler.exe after 0.02 seconds
Unloading 22 Unused Serialized files (Serialized files now loaded: 0)
Curl error 3: URL rejected: Malformed input to a URL function
Unloading 6434 unused Assets / (5.7 MB). Loaded Objects now: 7259.
Memory consumption went from 318.4 MB to 312.7 MB.
Total: 13.741400 ms (FindLiveObjects: 1.286000 ms CreateObjectMapping: 2.495400 ms MarkObjects: 6.305600 ms  DeleteObjects: 3.651800 ms)

========================================================================
Received Prepare
AcceleratorClientConnectionCallback - disconnected - :0
Refreshing native plugins compatible for Editor in 2.02 ms, found 4 plugins.
Unloading 22 Unused Serialized files (Serialized files now loaded: 0)
Unloading 6419 unused Assets / (6.3 MB). Loaded Objects now: 7259.
Memory consumption went from 316.0 MB to 309.7 MB.
Total: 22.505400 ms (FindLiveObjects: 1.310200 ms CreateObjectMapping: 3.699300 ms MarkObjects: 11.077500 ms  DeleteObjects: 6.416600 ms)

Prepare: number of updated asset objects reloaded= 0
========================================================================
Received Import Request.
  Time of request: 2026-06-21T06:27:22.6069959Z
  Time since last request: 10458.49695290000091 seconds.
  importAddress: GUID: 658d96199cc7d3b4880fa76714523436 - Path: Assets/Assets/Prototype 1/Tutorial/Course Library/_Source_Files/FBX/SI_RadiationIcon.fbx - Importer: ScriptedImporter/UnityEditor.QuickSearchModule:UnityEditor.Search:ASIAI0B
Importing 'GUID: 658d96199cc7d3b4880fa76714523436 - Path: Assets/Assets/Prototype 1/Tutorial/Course Library/_Source_Files/FBX/SI_RadiationIcon.fbx - Importer: ScriptedImporter/UnityEditor.QuickSearchModule:UnityEditor.Search:ASIAI0B' with importer (ScriptedImporter : UnityEditor.QuickSearchModule:UnityEditor.Search:ASIAI0B)
Imported 'GUID: 658d96199cc7d3b4880fa76714523436' -> (Import Result ID: 'd7f86b87bf98e51882a00222b5014e3c') in 0.843 seconds [static and dynamic dependencies]. Details - ImportResultOutputID=41240ba5fdf3a1043b526f85d73cb632 DependenciesID=0683bcf7e31526908e1ae8499de78b5f StaticDependenciesID=d2b079f7fd1c0b9092260d768efe9867 
Number of updated asset objects reloaded before import = 0
Number of asset objects unloaded after import = 7
========================================================================
Received Import Request.
  Time of request: 2026-06-21T06:27:23.4765415Z
  Time since last request: 0.0000646 seconds.
  importAddress: GUID: 9fb9a28e9debe493caa0fac03c12d2c2 - Path: Assets/Assets/Prototype 1/Tutorial/Course Library/Sky - Importer: ScriptedImporter/UnityEditor.QuickSearchModule:UnityEditor.Search:ASIAI0B
Importing 'GUID: 9fb9a28e9debe493caa0fac03c12d2c2 - Path: Assets/Assets/Prototype 1/Tutorial/Course Library/Sky - Importer: ScriptedImporter/UnityEditor.QuickSearchModule:UnityEditor.Search:ASIAI0B' with importer (ScriptedImporter : UnityEditor.QuickSearchModule:UnityEditor.Search:ASIAI0B)
Imported 'GUID: 9fb9a28e9debe493caa0fac03c12d2c2' -> (Import Result ID: 'bfd6e5a14714040f79317bc93a461b4a') in 0.043 seconds [static and dynamic dependencies]. Details - ImportResultOutputID=444c7bd692e57b02a28b4310a2574988 DependenciesID=df2bdbbb2ae875fd2fe74d70c7d173e7 StaticDependenciesID=3a1199d411e3825786b98a2c01316c6b 
Number of updated asset objects reloaded before import = 0
Number of asset objects unloaded after import = 1
========================================================================
Received Import Request.
  Time of request: 2026-06-21T06:27:23.591758Z
  Time since last request: 0.022672 seconds.
  importAddress: GUID: ceb1bef3d4abc9344b89436369737113 - Path: Assets/Assets/Prototype 1/Tutorial/Course Library/Pickups/MultiplierIcon.prefab - Importer: ScriptedImporter/UnityEditor.QuickSearchModule:UnityEditor.Search:ASIAI0B
Importing 'GUID: ceb1bef3d4abc9344b89436369737113 - Path: Assets/Assets/Prototype 1/Tutorial/Course Library/Pickups/MultiplierIcon.prefab - Importer: ScriptedImporter/UnityEditor.QuickSearchModule:UnityEditor.Search:ASIAI0B' with importer (ScriptedImporter : UnityEditor.QuickSearchModule:UnityEditor.Search:ASIAI0B)
Imported 'GUID: ceb1bef3d4abc9344b89436369737113' -> (Import Result ID: '11591e03fb2dcb8664766cc9c1183d67') in 0.070 seconds [static and dynamic dependencies]. Details - ImportResultOutputID=a8f48ebc3f7dddd1903426dd198228d1 DependenciesID=07e10aa8ae663118cd48499f024a2cb3 StaticDependenciesID=5704d4b9d9254adaa27a77c1dd7ef034 
Number of updated asset objects reloaded before import = 0
Number of asset objects unloaded after import = 8
========================================================================
Received Import Request.
  Time of request: 2026-06-21T06:27:23.7119427Z
  Time since last request: 0.0098994 seconds.
  importAddress: GUID: 6daf71e7a619b48adbeaaa274958dacf - Path: Assets/Assets/Prototype 1/Tutorial/Course Library/_Source_Files/_LICENSE.txt - Importer: ScriptedImporter/UnityEditor.QuickSearchModule:UnityEditor.Search:ASIAI0B
Importing 'GUID: 6daf71e7a619b48adbeaaa274958dacf - Path: Assets/Assets/Prototype 1/Tutorial/Course Library/_Source_Files/_LICENSE.txt - Importer: ScriptedImporter/UnityEditor.QuickSearchModule:UnityEditor.Search:ASIAI0B' with importer (ScriptedImporter : UnityEditor.QuickSearchModule:UnityEditor.Search:ASIAI0B)
Imported 'GUID: 6daf71e7a619b48adbeaaa274958dacf' -> (Import Result ID: '887a4b1caadbcf34ccd88005eef84038') in 0.167 seconds [static and dynamic dependencies]. Details - ImportResultOutputID=6f2462fbd9d347262c2e19d2bacd8e18 DependenciesID=332f62be0131bdda2a3f95e018a3c06e StaticDependenciesID=d8c9a6bfb4d23b57b88db50a05249595 
Number of updated asset objects reloaded before import = 0
Number of asset objects unloaded after import = 1
========================================================================
Received Import Request.
  Time of request: 2026-06-21T06:27:23.9238197Z
  Time since last request: 0.006221 seconds.
  importAddress: GUID: b78ca5330805c3f4c86357b73062eb0b - Path: Assets/Assets/Prototype 1/Tutorial/Scripts/PlayerController.cs - Importer: ScriptedImporter/UnityEditor.QuickSearchModule:UnityEditor.Search:ASIAI0B
Importing 'GUID: b78ca5330805c3f4c86357b73062eb0b - Path: Assets/Assets/Prototype 1/Tutorial/Scripts/PlayerController.cs - Importer: ScriptedImporter/UnityEditor.QuickSearchModule:UnityEditor.Search:ASIAI0B' with importer (ScriptedImporter : UnityEditor.QuickSearchModule:UnityEditor.Search:ASIAI0B)
Imported 'GUID: b78ca5330805c3f4c86357b73062eb0b' -> (Import Result ID: 'd7d800f58c77bca9c098b6fc668e77f1') in 0.076 seconds [static and dynamic dependencies]. Details - ImportResultOutputID=a9963737ffeb5440541988e183cb1f4f DependenciesID=44a6b5833f5b39c8fc64b1ec01db4b2f StaticDependenciesID=c2374dbd2f207dca1782fbf4c202816b 
Number of updated asset objects reloaded before import = 0
Number of asset objects unloaded after import = 0
========================================================================
Received Import Request.
  Time of request: 2026-06-21T06:27:24.0911704Z
  Time since last request: 0.0000588 seconds.
  importAddress: GUID: be7c60936173a2346ba800e91d8cff7e - Path: Assets/Assets/Prototype 1/Tutorial/Scripts/SpawnManager.cs - Importer: ScriptedImporter/UnityEditor.QuickSearchModule:UnityEditor.Search:ASIAI0B
Importing 'GUID: be7c60936173a2346ba800e91d8cff7e - Path: Assets/Assets/Prototype 1/Tutorial/Scripts/SpawnManager.cs - Importer: ScriptedImporter/UnityEditor.QuickSearchModule:UnityEditor.Search:ASIAI0B' with importer (ScriptedImporter : UnityEditor.QuickSearchModule:UnityEditor.Search:ASIAI0B)
Imported 'GUID: be7c60936173a2346ba800e91d8cff7e' -> (Import Result ID: '7bdd69134ef925e6a33db609201411ab') in 0.018 seconds [static and dynamic dependencies]. Details - ImportResultOutputID=fec781e44b9ca28502216fb189df15cb DependenciesID=2ae44c0fa4d43e0f48ca9d8e2a91d52b StaticDependenciesID=d61b5329d4c165e469988f34b2f9de7a 
Number of updated asset objects reloaded before import = 0
Number of asset objects unloaded after import = 0
========================================================================
Received Import Request.
  Time of request: 2026-06-21T06:27:24.1308876Z
  Time since last request: 0.0008979 seconds.
  importAddress: GUID: 2f3e352268bf84b45acf0d56b0b89518 - Path: Assets/Assets/Prototype 1/Tutorial/Course Library/Pickups/Potion_01.prefab - Importer: ScriptedImporter/UnityEditor.QuickSearchModule:UnityEditor.Search:ASIAI0B
Importing 'GUID: 2f3e352268bf84b45acf0d56b0b89518 - Path: Assets/Assets/Prototype 1/Tutorial/Course Library/Pickups/Potion_01.prefab - Importer: ScriptedImporter/UnityEditor.QuickSearchModule:UnityEditor.Search:ASIAI0B' with importer (ScriptedImporter : UnityEditor.QuickSearchModule:UnityEditor.Search:ASIAI0B)
Imported 'GUID: 2f3e352268bf84b45acf0d56b0b89518' -> (Import Result ID: '26f17766a7847874d4fddd4a89eb3446') in 0.052 seconds [static and dynamic dependencies]. Details - ImportResultOutputID=1afa9e233000dac28c0568ddec6bd57f DependenciesID=ec192a6aa972316325fd6f353ced6360 StaticDependenciesID=a912fcdc89bffa44cf93b63a58210ecf 
Number of updated asset objects reloaded before import = 0
Number of asset objects unloaded after import = 8
========================================================================
Received Import Request.
  Time of request: 2026-06-21T06:27:24.2151305Z
  Time since last request: 0.0000428 seconds.
  importAddress: GUID: 8a20a0973b78f514284ecfa23cdb2bc1 - Path: Assets/Assets/Prototype 1/Tutorial/Prototype 4 - Starter Files/__MACOSX/Prototype 4 - Starter Files/Prototype 4 - Starter Files_U6 - Importer: ScriptedImporter/UnityEditor.QuickSearchModule:UnityEditor.Search:ASIAI0B
Importing 'GUID: 8a20a0973b78f514284ecfa23cdb2bc1 - Path: Assets/Assets/Prototype 1/Tutorial/Prototype 4 - Starter Files/__MACOSX/Prototype 4 - Starter Files/Prototype 4 - Starter Files_U6 - Importer: ScriptedImporter/UnityEditor.QuickSearchModule:UnityEditor.Search:ASIAI0B' with importer (ScriptedImporter : UnityEditor.QuickSearchModule:UnityEditor.Search:ASIAI0B)
Imported 'GUID: 8a20a0973b78f514284ecfa23cdb2bc1' -> (Import Result ID: '913ff2e580bdcc5827e8307f4910c8e0') in 0.035 seconds [static and dynamic dependencies]. Details - ImportResultOutputID=e3654de11e77910dafe2c8ddf4d18f69 DependenciesID=3cb0ddb8daf0e9b69495741d1209800b StaticDependenciesID=54c05d9ee693892fdd412ccc15f341c0 
Number of updated asset objects reloaded before import = 0
Number of asset objects unloaded after import = 1
========================================================================
Received Import Request.
  Time of request: 2026-06-21T06:27:24.3306144Z
  Time since last request: 0.0313366 seconds.
  importAddress: GUID: 3d6b592f14dafe34c86b57060d33f7d2 - Path: Assets/Assets/Prototype 1/Tutorial/Course Library/_Source_Files/FBX/SM_Icon_SelectionRing_06.fbx - Importer: ScriptedImporter/UnityEditor.QuickSearchModule:UnityEditor.Search:ASIAI0B
Importing 'GUID: 3d6b592f14dafe34c86b57060d33f7d2 - Path: Assets/Assets/Prototype 1/Tutorial/Course Library/_Source_Files/FBX/SM_Icon_SelectionRing_06.fbx - Importer: ScriptedImporter/UnityEditor.QuickSearchModule:UnityEditor.Search:ASIAI0B' with importer (ScriptedImporter : UnityEditor.QuickSearchModule:UnityEditor.Search:ASIAI0B)
Imported 'GUID: 3d6b592f14dafe34c86b57060d33f7d2' -> (Import Result ID: '6ce6215c3e6a4a1af481167a57a23224') in 0.025 seconds [static and dynamic dependencies]. Details - ImportResultOutputID=63bacb10cb52a103a638212eccb2698f DependenciesID=1abf2526342a7cd39ad73df9f42cfcaf StaticDependenciesID=f5e353a7fe9e5b9f412c3dae788e4191 
Number of updated asset objects reloaded before import = 0
Number of asset objects unloaded after import = 7
========================================================================
Received Import Request.
  Time of request: 2026-06-21T06:27:24.3850525Z
  Time since last request: 0.0007636 seconds.
  importAddress: GUID: 0782c4fdae5f1624ba26300a1dc7a0a7 - Path: Assets/Assets/Prototype 1/Tutorial/Course Library/Pickups/PowerIcon.prefab - Importer: ScriptedImporter/UnityEditor.QuickSearchModule:UnityEditor.Search:ASIAI0B
Importing 'GUID: 0782c4fdae5f1624ba26300a1dc7a0a7 - Path: Assets/Assets/Prototype 1/Tutorial/Course Library/Pickups/PowerIcon.prefab - Importer: ScriptedImporter/UnityEditor.QuickSearchModule:UnityEditor.Search:ASIAI0B' with importer (ScriptedImporter : UnityEditor.QuickSearchModule:UnityEditor.Search:ASIAI0B)
Imported 'GUID: 0782c4fdae5f1624ba26300a1dc7a0a7' -> (Import Result ID: '1cef37a0c36d96bc98a7b503ef0bacd0') in 0.045 seconds [static and dynamic dependencies]. Details - ImportResultOutputID=a0640eed2f7da43a59f455e23daa4f3f DependenciesID=b25156deba27e37045a0fdc2cbb25f4c StaticDependenciesID=951ebf104403273efccab2166b89f243 
Number of updated asset objects reloaded before import = 0
Number of asset objects unloaded after import = 8
========================================================================
Received Import Request.
  Time of request: 2026-06-21T06:27:24.4607617Z
  Time since last request: 0.0050453 seconds.
  importAddress: GUID: 9e928de923724f54ea836e735efdd8b6 - Path: Assets/Assets/Prototype 1/Tutorial/Course Library/Pickups/Gem_01.prefab - Importer: ScriptedImporter/UnityEditor.QuickSearchModule:UnityEditor.Search:ASIAI0B
Importing 'GUID: 9e928de923724f54ea836e735efdd8b6 - Path: Assets/Assets/Prototype 1/Tutorial/Course Library/Pickups/Gem_01.prefab - Importer: ScriptedImporter/UnityEditor.QuickSearchModule:UnityEditor.Search:ASIAI0B' with importer (ScriptedImporter : UnityEditor.QuickSearchModule:UnityEditor.Search:ASIAI0B)
Imported 'GUID: 9e928de923724f54ea836e735efdd8b6' -> (Import Result ID: '704d0f30cf8570a9a1be4acf9dfff8d6') in 0.058 seconds [static and dynamic dependencies]. Details - ImportResultOutputID=95c5d4837b8cb60973e60a60c28135b4 DependenciesID=962908edc71e5ebe59945bf2af137d39 StaticDependenciesID=592fb1638dec15c9c46c24cdc24083ba 
Number of updated asset objects reloaded before import = 0
Number of asset objects unloaded after import = 8
========================================================================
Received Import Request.
  Time of request: 2026-06-21T06:27:24.5490427Z
  Time since last request: 0.0115032 seconds.
  importAddress: GUID: 9a99be6bae8ed9b4e93c3f899a5e4b1e - Path: Assets/Assets/Prototype 1/Tutorial/Scripts/RotateCamera.cs - Importer: ScriptedImporter/UnityEditor.QuickSearchModule:UnityEditor.Search:ASIAI0B
Importing 'GUID: 9a99be6bae8ed9b4e93c3f899a5e4b1e - Path: Assets/Assets/Prototype 1/Tutorial/Scripts/RotateCamera.cs - Importer: ScriptedImporter/UnityEditor.QuickSearchModule:UnityEditor.Search:ASIAI0B' with importer (ScriptedImporter : UnityEditor.QuickSearchModule:UnityEditor.Search:ASIAI0B)
Imported 'GUID: 9a99be6bae8ed9b4e93c3f899a5e4b1e' -> (Import Result ID: 'ad3b77eead6f7122bf7810b7350df26a') in 0.027 seconds [static and dynamic dependencies]. Details - ImportResultOutputID=5a57ebf2b05928cb9e1b1619b572c9eb DependenciesID=d8cb56cf2da4076025187396c94e4b86 StaticDependenciesID=e14836185cac50ba34a10a358ea0ca8e 
Number of updated asset objects reloaded before import = 0
Number of asset objects unloaded after import = 0
========================================================================
Received Import Request.
  Time of request: 2026-06-21T06:27:24.611795Z
  Time since last request: 0.0035574 seconds.
  importAddress: GUID: 5e5b016a0cd771740aae0b664476d77d - Path: Assets/Assets/Prototype 1/Tutorial/Course Library/Powerup Indicators/Balloon_01.prefab - Importer: ScriptedImporter/UnityEditor.QuickSearchModule:UnityEditor.Search:ASIAI0B
Importing 'GUID: 5e5b016a0cd771740aae0b664476d77d - Path: Assets/Assets/Prototype 1/Tutorial/Course Library/Powerup Indicators/Balloon_01.prefab - Importer: ScriptedImporter/UnityEditor.QuickSearchModule:UnityEditor.Search:ASIAI0B' with importer (ScriptedImporter : UnityEditor.QuickSearchModule:UnityEditor.Search:ASIAI0B)
Imported 'GUID: 5e5b016a0cd771740aae0b664476d77d' -> (Import Result ID: 'c75f3c26262ca1e21870c8d28587cdd5') in 0.053 seconds [static and dynamic dependencies]. Details - ImportResultOutputID=640bb1adb29e23dbb1296c1d685f794a DependenciesID=b8184c22a5e12bb9f32b925579e5e85c StaticDependenciesID=b85b5da76e5e9ee5c206d526c3910fbb 
Number of updated asset objects reloaded before import = 0
Number of asset objects unloaded after import = 8
========================================================================
Received Import Request.
  Time of request: 2026-06-21T06:27:24.697953Z
  Time since last request: 0.0012819 seconds.
  importAddress: GUID: 65bf252a1d0243b40a63ee08ad703289 - Path: Assets/Assets/Prototype 1/Tutorial/Course Library/_Source_Files/Textures/PolygonMinis_Texture_01.png - Importer: ScriptedImporter/UnityEditor.QuickSearchModule:UnityEditor.Search:ASIAI0B
Importing 'GUID: 65bf252a1d0243b40a63ee08ad703289 - Path: Assets/Assets/Prototype 1/Tutorial/Course Library/_Source_Files/Textures/PolygonMinis_Texture_01.png - Importer: ScriptedImporter/UnityEditor.QuickSearchModule:UnityEditor.Search:ASIAI0B' with importer (ScriptedImporter : UnityEditor.QuickSearchModule:UnityEditor.Search:ASIAI0B)
Imported 'GUID: 65bf252a1d0243b40a63ee08ad703289' -> (Import Result ID: '3d2c1cd2d6c5c6920766cb545a878e00') in 0.135 seconds [static and dynamic dependencies]. Details - ImportResultOutputID=74f2efa451b6306a14f43d04ee0c58d3 DependenciesID=71147dd6951c248e58dece6dc862484c StaticDependenciesID=e660787705fdef7df10f007083b2513d 
Number of updated asset objects reloaded before import = 0
Number of asset objects unloaded after import = 1
========================================================================
Received Prepare
AcceleratorClientConnectionCallback - disconnected - :0
Begin MonoManager ReloadAssembly
Refreshing native plugins compatible for Editor in 2.32 ms, found 4 plugins.
Native extension for WindowsStandalone target not found
Native extension for WebGL target not found
[Package Manager] Failed to launch server process. Reason: Unity was launched with the -noUpm command-line argument
[Package Manager] Unable to send message (not connected to server process).
[Package Manager] Cannot connect to Unity Package Manager local server
[Package Manager] Failed to launch server process. Reason: Unity was launched with the -noUpm command-line argument
[Package Manager] Unable to send message (not connected to server process).
[Package Manager] Cannot connect to Unity Package Manager local server
ScheduleIndexationOnStartup MainProcess:False IndexOnStartup:True
Mono: successfully reloaded assembly
- Finished resetting the current domain, in  1.716 seconds
Domain Reload Profiling: 4398ms
	BeginReloadAssembly (537ms)
		DisableScriptedObjects (9ms)
		CreateAndSetChildDomain (126ms)
	RebuildCommonClasses (20ms)
	RebuildNativeTypeToScriptingClass (38ms)
	initialDomainReloadingComplete (358ms)
	LoadAllAssembliesAndSetupDomain (1728ms)
		LoadAssemblies (1247ms)
		AnalyzeDomain (563ms)
			TypeCache.Refresh (75ms)
				TypeCache.ScanAssembly (3ms)
			BuildScriptInfoCaches (466ms)
			ResolveRequiredComponents (19ms)
	FinalizeReload (1718ms)
		SetupLoadedEditorAssemblies (0ms)
			InitializePlatformSupportModulesInManaged (28ms)
			BeforeProcessingInitializeOnLoad (235ms)
			ProcessInitializeOnLoadAttributes (482ms)
			ProcessInitializeOnLoadMethodAttributes (297ms)
			AfterProcessingInitializeOnLoad (13ms)
		AwakeInstancesAfterBackupRestoration (29ms)
Refreshing native plugins compatible for Editor in 10.23 ms, found 4 plugins.
Unloading 22 Unused Serialized files (Serialized files now loaded: 0)
Unloading 6430 unused Assets / (7.0 MB). Loaded Objects now: 7306.
Memory consumption went from 327.4 MB to 320.5 MB.
Total: 48.398900 ms (FindLiveObjects: 3.351400 ms CreateObjectMapping: 4.898000 ms MarkObjects: 24.838600 ms  DeleteObjects: 15.308100 ms)

Prepare: number of updated asset objects reloaded= 0
========================================================================
Received Prepare
AcceleratorClientConnectionCallback - disconnected - :0
Refreshing native plugins compatible for Editor in 3.45 ms, found 4 plugins.
Unloading 22 Unused Serialized files (Serialized files now loaded: 0)
Unloading 6419 unused Assets / (6.1 MB). Loaded Objects now: 7306.
Memory consumption went from 329.6 MB to 323.4 MB.
Total: 43.262400 ms (FindLiveObjects: 4.527900 ms CreateObjectMapping: 7.205200 ms MarkObjects: 16.441300 ms  DeleteObjects: 15.083500 ms)

Prepare: number of updated asset objects reloaded= 0
========================================================================
Received Prepare
AcceleratorClientConnectionCallback - disconnected - :0
Begin MonoManager ReloadAssembly
Native extension for WindowsStandalone target not found
Native extension for WebGL target not found
[Package Manager] Failed to launch server process. Reason: Unity was launched with the -noUpm command-line argument
[Package Manager] Unable to send message (not connected to server process).
[Package Manager] Cannot connect to Unity Package Manager local server
[Package Manager] Failed to launch server process. Reason: Unity was launched with the -noUpm command-line argument
[Package Manager] Unable to send message (not connected to server process).
[Package Manager] Cannot connect to Unity Package Manager local server
ScheduleIndexationOnStartup MainProcess:False IndexOnStartup:True
Mono: successfully reloaded assembly
- Finished resetting the current domain, in  1.175 seconds
Domain Reload Profiling: 3193ms
	BeginReloadAssembly (464ms)
		DisableScriptedObjects (10ms)
		CreateAndSetChildDomain (130ms)
	RebuildCommonClasses (17ms)
	RebuildNativeTypeToScriptingClass (36ms)
	initialDomainReloadingComplete (131ms)
	LoadAllAssembliesAndSetupDomain (1368ms)
		LoadAssemblies (951ms)
		AnalyzeDomain (408ms)
			TypeCache.Refresh (52ms)
			BuildScriptInfoCaches (343ms)
			ResolveRequiredComponents (10ms)
	FinalizeReload (1177ms)
		SetupLoadedEditorAssemblies (0ms)
			InitializePlatformSupportModulesInManaged (4ms)
			BeforeProcessingInitializeOnLoad (152ms)
			ProcessInitializeOnLoadAttributes (434ms)
			ProcessInitializeOnLoadMethodAttributes (211ms)
			AfterProcessingInitializeOnLoad (12ms)
		AwakeInstancesAfterBackupRestoration (33ms)
Refreshing native plugins compatible for Editor in 3.08 ms, found 4 plugins.
Unloading 22 Unused Serialized files (Serialized files now loaded: 0)
Unloading 6430 unused Assets / (6.7 MB). Loaded Objects now: 7309.
Memory consumption went from 329.2 MB to 322.5 MB.
Total: 17.219700 ms (FindLiveObjects: 1.006000 ms CreateObjectMapping: 3.007300 ms MarkObjects: 6.734500 ms  DeleteObjects: 6.469900 ms)

Prepare: number of updated asset objects reloaded= 0
========================================================================
Received Prepare
AcceleratorClientConnectionCallback - disconnected - :0
Refreshing native plugins compatible for Editor in 3.04 ms, found 4 plugins.
Unloading 22 Unused Serialized files (Serialized files now loaded: 0)
Unloading 6419 unused Assets / (4.5 MB). Loaded Objects now: 7309.
Memory consumption went from 331.4 MB to 326.9 MB.
Total: 29.442100 ms (FindLiveObjects: 2.560300 ms CreateObjectMapping: 5.434600 ms MarkObjects: 13.064000 ms  DeleteObjects: 8.379500 ms)

Prepare: number of updated asset objects reloaded= 0
========================================================================
Received Prepare
AcceleratorClientConnectionCallback - disconnected - :0
Begin MonoManager ReloadAssembly
Refreshing native plugins compatible for Editor in 2.90 ms, found 4 plugins.
Native extension for WindowsStandalone target not found
Native extension for WebGL target not found
[Package Manager] Failed to launch server process. Reason: Unity was launched with the -noUpm command-line argument
[Package Manager] Unable to send message (not connected to server process).
[Package Manager] Cannot connect to Unity Package Manager local server
[Package Manager] Failed to launch server process. Reason: Unity was launched with the -noUpm command-line argument
[Package Manager] Unable to send message (not connected to server process).
[Package Manager] Cannot connect to Unity Package Manager local server
ScheduleIndexationOnStartup MainProcess:False IndexOnStartup:True
Mono: successfully reloaded assembly
- Finished resetting the current domain, in  1.144 seconds
Domain Reload Profiling: 3005ms
	BeginReloadAssembly (450ms)
		DisableScriptedObjects (22ms)
		CreateAndSetChildDomain (102ms)
	RebuildCommonClasses (12ms)
	RebuildNativeTypeToScriptingClass (26ms)
	initialDomainReloadingComplete (134ms)
	LoadAllAssembliesAndSetupDomain (1237ms)
		LoadAssemblies (787ms)
		AnalyzeDomain (467ms)
			TypeCache.Refresh (57ms)
			BuildScriptInfoCaches (398ms)
			ResolveRequiredComponents (10ms)
	FinalizeReload (1146ms)
		SetupLoadedEditorAssemblies (0ms)
			InitializePlatformSupportModulesInManaged (3ms)
			BeforeProcessingInitializeOnLoad (142ms)
			ProcessInitializeOnLoadAttributes (405ms)
			ProcessInitializeOnLoadMethodAttributes (174ms)
			AfterProcessingInitializeOnLoad (13ms)
		AwakeInstancesAfterBackupRestoration (38ms)
Unloading 22 Unused Serialized files (Serialized files now loaded: 0)
Unloading 6430 unused Assets / (5.8 MB). Loaded Objects now: 7312.
Memory consumption went from 333.3 MB to 327.6 MB.
Total: 16.604900 ms (FindLiveObjects: 1.255400 ms CreateObjectMapping: 3.050900 ms MarkObjects: 6.891600 ms  DeleteObjects: 5.405600 ms)

Prepare: number of updated asset objects reloaded= 0
========================================================================
Received Prepare
AcceleratorClientConnectionCallback - disconnected - :0
[Licensing::Client] Successfully resolved entitlement details
Begin MonoManager ReloadAssembly
Refreshing native plugins compatible for Editor in 2.82 ms, found 4 plugins.
Native extension for WindowsStandalone target not found
Native extension for WebGL target not found
[Package Manager] Failed to launch server process. Reason: Unity was launched with the -noUpm command-line argument
[Package Manager] Unable to send message (not connected to server process).
[Package Manager] Cannot connect to Unity Package Manager local server
[Package Manager] Failed to launch server process. Reason: Unity was launched with the -noUpm command-line argument
[Package Manager] Unable to send message (not connected to server process).
[Package Manager] Cannot connect to Unity Package Manager local server
ScheduleIndexationOnStartup MainProcess:False IndexOnStartup:True
Mono: successfully reloaded assembly
- Finished resetting the current domain, in  1.189 seconds
Domain Reload Profiling: 2503ms
	BeginReloadAssembly (411ms)
		DisableScriptedObjects (17ms)
		CreateAndSetChildDomain (101ms)
	RebuildCommonClasses (15ms)
	RebuildNativeTypeToScriptingClass (27ms)
	initialDomainReloadingComplete (130ms)
	LoadAllAssembliesAndSetupDomain (730ms)
		LoadAssemblies (690ms)
		AnalyzeDomain (54ms)
			TypeCache.Refresh (27ms)
			ResolveRequiredComponents (19ms)
	FinalizeReload (1191ms)
		SetupLoadedEditorAssemblies (0ms)
			InitializePlatformSupportModulesInManaged (3ms)
			BeforeProcessingInitializeOnLoad (136ms)
			ProcessInitializeOnLoadAttributes (434ms)
			ProcessInitializeOnLoadMethodAttributes (221ms)
			AfterProcessingInitializeOnLoad (16ms)
		AwakeInstancesAfterBackupRestoration (47ms)
Refreshing native plugins compatible for Editor in 3.10 ms, found 4 plugins.
Unloading 22 Unused Serialized files (Serialized files now loaded: 0)
Unloading 6430 unused Assets / (6.0 MB). Loaded Objects now: 7315.
Memory consumption went from 335.2 MB to 329.2 MB.
Total: 25.483900 ms (FindLiveObjects: 1.504400 ms CreateObjectMapping: 5.030800 ms MarkObjects: 10.296700 ms  DeleteObjects: 8.650600 ms)

Prepare: number of updated asset objects reloaded= 0
Editor requested this worker to shutdown with reason: Scaling down because of idle timeout
AcceleratorClientConnectionCallback - disconnected - :0
AssetImportWorker is now disconnected from the server
Process exiting
Exiting without the bug reporter. Application will terminate with return code 0