[Licensing::Module] Trying to connect to existing licensing client channel...
Built from '6000.5/staging' branch; Version is '6000.5.0f1 (88b47c5e7076) revision 8959100'; Using compiler version '194234433'; Build Type 'Release'
[Licensing::IpcConnector] Successfully connected to: "LicenseClient-tyler" at "2026-06-21T06:22:31.0998546Z"
OS: 'Windows 11  (10.0.26220) Core' Language: 'en' Physical Memory: 16299 MB
BatchMode: 1, IsHumanControllingUs: 0, StartBugReporterOnCrash: 0, Is64bit: 1
System  architecture: x64
Process architecture: x64
Date: 2026-06-21T06:22:31Z

COMMAND LINE ARGUMENTS:
C:\Program Files\Unity\Hub\Editor\6000.5.0f1\Editor\Unity.exe
-adb2
-batchMode
-noUpm
-name
AssetImportWorkerHW5
-projectPath
C:/Users/tyler/Documents/GitHub/Game-Dev-III/My project
-logFile
Logs/AssetImportWorkerHW5.log
-srvPort
65500
-parentPid
3256
-analyticsCloudUserId
16768056786696
-analyticsCloudProjectId
655af935-c563-4d7e-a444-bc081339ca92
-analyticsLocalProjectId
f1b9c14d5627bcc44b85b92b47ef70cd
-noDiagnosticSwitchPersistentStore
-job-worker-count
5
-background-job-worker-count
8
-asset-garbage-collectors
1
-force-d3d12
-name
AssetImport
Successfully changed project path to: C:/Users/tyler/Documents/GitHub/Game-Dev-III/My project
C:/Users/tyler/Documents/GitHub/Game-Dev-III/My project
[UnityMemory] Configuration Parameters - Can be set up in boot.config
    "memorysetup-temp-allocator-size-gi-baking-worker=262144"
    "memorysetup-temp-allocator-size-gi-baking-worker=262144"
    "memorysetup-temp-allocator-size-gi-baking-worker=262144"
    "memorysetup-temp-allocator-size-gi-baking-worker=262144"
    "memorysetup-temp-allocator-size-gi-baking-worker=262144"
    "memorysetup-temp-allocator-size-nav-mesh-worker=65536"
    "memorysetup-temp-allocator-size-audio-worker=65536"
    "memorysetup-temp-allocator-size-cloud-worker=32768"
    "memorysetup-temp-allocator-size-gfx=262144"
    "memorysetup-temp-allocator-size-preload-manager=33554432"
    "memorysetup-allocator-temp-initial-block-size-main=262144"
    "memorysetup-allocator-temp-initial-block-size-worker=262144"
    "memorysetup-temp-allocator-size-job-worker=262144"
    "memorysetup-temp-allocator-size-background-worker=32768"
    "memorysetup-bucket-allocator-granularity=16"
    "memorysetup-bucket-allocator-bucket-count=8"
    "memorysetup-bucket-allocator-block-size=33554432"
    "memorysetup-bucket-allocator-block-count=8"
    "memorysetup-main-allocator-block-size=16777216"
    "memorysetup-thread-allocator-block-size=16777216"
    "memorysetup-main-allocator-mimalloc-enabled=0"
    "memorysetup-gfx-main-allocator-block-size=16777216"
    "memorysetup-gfx-thread-allocator-block-size=16777216"
    "memorysetup-cache-allocator-block-size=4194304"
    "memorysetup-typetree-allocator-block-size=2097152"
    "memorysetup-profiler-bucket-allocator-granularity=16"
    "memorysetup-profiler-bucket-allocator-bucket-count=8"
    "memorysetup-profiler-bucket-allocator-block-size=33554432"
    "memorysetup-profiler-bucket-allocator-block-count=8"
    "memorysetup-profiler-allocator-block-size=16777216"
    "memorysetup-profiler-editor-allocator-block-size=1048576"
    "memorysetup-temp-allocator-size-main=16777216"
    "memorysetup-job-temp-allocator-block-size=2097152"
    "memorysetup-job-temp-allocator-block-size-background=1048576"
    "memorysetup-job-temp-allocator-reduction-small-platforms=262144"
Player connection [19696]  Target information:

Player connection [19696]  * "[IP] 172.20.10.4 [Port] 0 [Flags] 2 [Guid] 1441558418 [EditorId] 1441558418 [Version] 1048832 [Id] WindowsEditor(7,DESKTOP-ONOH9UU) [Debug] 1 [PackageName] WindowsEditor [ProjectName] Editor" 

Player connection [19696] Host joined multi-casting on [225.0.0.222:54997]...
Player connection [19696] Host joined alternative multi-casting on [225.0.0.222:34997]...
JobSystem: Creating JobQueue using job-worker-count value 5
Input System module state changed to: Initialized.
[Physics::Module] Initialized fallback backend.
[Physics::Module] Id: 0xdecafbad
Library Redirect Path: Library/
[Physics::Module] Selected backend.
[Physics::Module] Name: PhysX
[Physics::Module] Id: 0xf2b8ea05
[Physics::Module] SDK Version: 4.1.2
[Physics::Module] Integration Version: 1.0.0
[Physics::Module] Threading Mode: Multi-Threaded
Refreshing native plugins compatible for Editor in 4.29 ms, found 4 plugins.
Initialize engine version: 6000.5.0f1 (88b47c5e7076)
[Subsystems] Discovering subsystems at path C:/Program Files/Unity/Hub/Editor/6000.5.0f1/Editor/Data/Resources/UnitySubsystems
[Subsystems] Discovering subsystems at path C:/Users/tyler/Documents/GitHub/Game-Dev-III/My project/Assets
Forcing GfxDevice: Direct3D 12
GfxDevice: creating device client; kGfxThreadingModeNonThreaded
d3d12: failed to query info queue interface (0x80004002).
Direct3D:
    Version:         Direct3D 12 [level 12.1]
    Renderer:        NVIDIA GeForce GTX 1070 (ID=0x1b81)
    Vendor:          NVIDIA
    VRAM:            8067 MB
    App VRAM Budget: 7299 MB
    Driver:          32.0.15.8228
Initialize mono
Mono path[0] = 'C:/Program Files/Unity/Hub/Editor/6000.5.0f1/Editor/Data/Managed'
Mono path[1] = 'C:/Program Files/Unity/Hub/Editor/6000.5.0f1/Editor/Data/BCLExtensions/runtime/netstandard2.1'
Mono path[2] = 'C:/Program Files/Unity/Hub/Editor/6000.5.0f1/Editor/Data/MonoBleedingEdge/lib/mono/unityjit-win32'
Mono config path = 'C:/Program Files/Unity/Hub/Editor/6000.5.0f1/Editor/Data/MonoBleedingEdge/etc'
Using monoOptions --debugger-agent=transport=dt_socket,embedding=1,server=y,suspend=n,address=127.0.0.1:56320
CodeReloadManager initialized
Begin MonoManager ReloadAssembly
Registering precompiled unity dll's ...
Register platform support module: C:/Program Files/Unity/Hub/Editor/6000.5.0f1/Editor/Data/PlaybackEngines/WebGLSupport/UnityEditor.WebGL.Extensions.dll
Register platform support module: C:/Program Files/Unity/Hub/Editor/6000.5.0f1/Editor/Data/PlaybackEngines/WindowsStandaloneSupport/UnityEditor.WindowsStandalone.Extensions.dll
Registered in 0.002433 seconds.
[Licensing::Client] Error: HandshakeResponse reported an error:
	ResponseCode: 505
	ResponseStatus: Unsupported protocol version '1.18.1'.
[Licensing::Module] Error: Failed to handshake to channel: "LicenseClient-tyler"
[Licensing::IpcConnector] LicenseClient-tyler channel disconnected successfully.
[Licensing::IpcConnector] Successfully connected to: "LicenseClient-tyler-6000.5.0" at "2026-06-21T06:22:32.6351797Z"
[Licensing::Client] Code 10 while verifying Licensing Client signature (process Id: 3132, path: "C:/Program Files/Unity/Hub/Editor/6000.5.0f1/Editor/Data/Resources/Licensing/Client/Unity.Licensing.Client.exe")
[Licensing::Module] LicensingClient has failed validation; ignoring
[Licensing::Client] Handshaking with LicensingClient:
  Version:                 1.18.1+9fbee8e
  Session Id:              5c351e7e83924c15bfba9f1ba3104101
  Correlation Id:          96b3fbc6361fbea4da6afb0858b9961b
  External correlation Id: 6509573700119482699
  Machine Id:              B5zBSgBVrNKhZO/DEt1/zZ3MoTs=
[Licensing::Module] Successfully connected to LicensingClient on channel: "LicenseClient-tyler-6000.5.0" (connect: 0.00s, validation: 0.00s, handshake: 0.01s)
[Licensing::IpcConnector] Successfully connected to: "LicenseClient-tyler-6000.5.0-notifications" at "2026-06-21T06:22:32.6458297Z"
[Licensing::Module] Licensing Background thread has ended after 1.55s
Native extension for WindowsStandalone target not found
Native extension for WebGL target not found
Package Manager log level set to [2]
[Package Manager] Failed to launch server process. Reason: Unity was launched with the -noUpm command-line argument
[Package Manager] Unable to send message (not connected to server process).
[Package Manager] Cannot connect to Unity Package Manager local server
ScheduleIndexationOnStartup MainProcess:False IndexOnStartup:True
Mono: successfully reloaded assembly
- Finished resetting the current domain, in  0.550 seconds
Domain Reload Profiling: 1208ms
	BeginReloadAssembly (174ms)
	RebuildCommonClasses (6ms)
	RebuildNativeTypeToScriptingClass (24ms)
	initialDomainReloadingComplete (80ms)
	LoadAllAssembliesAndSetupDomain (372ms)
		LoadAssemblies (170ms)
		AnalyzeDomain (282ms)
			TypeCache.Refresh (280ms)
				TypeCache.ScanAssembly (262ms)
	FinalizeReload (552ms)
		SetupLoadedEditorAssemblies (0ms)
			InitializePlatformSupportModulesInManaged (3ms)
			BeforeProcessingInitializeOnLoad (111ms)
			ProcessInitializeOnLoadAttributes (133ms)
			ProcessInitializeOnLoadMethodAttributes (211ms)
Initializing Unity extensions:
[Licensing::Client] Successfully resolved entitlement details
[Licensing::Module] License group:
  Id: 16768056786696-UnityPersXXXX
  Product: Unity Personal
  Type: Assigned
  Expiration: Unlimited
Curl error 3: URL rejected: Malformed input to a URL function
========================================================================
Worker process is ready to serve import requests
Import Worker Mode flag is 0x00
Begin MonoManager ReloadAssembly
Native extension for WindowsStandalone target not found
Native extension for WebGL target not found
[Package Manager] Failed to launch server process. Reason: Unity was launched with the -noUpm command-line argument
[Package Manager] Unable to send message (not connected to server process).
[Package Manager] Cannot connect to Unity Package Manager local server
[Package Manager] Failed to launch server process. Reason: Unity was launched with the -noUpm command-line argument
[Package Manager] Unable to send message (not connected to server process).
[Package Manager] Cannot connect to Unity Package Manager local server
ScheduleIndexationOnStartup MainProcess:False IndexOnStartup:True
Mono: successfully reloaded assembly
- Finished resetting the current domain, in  0.986 seconds
Domain Reload Profiling: 2102ms
	BeginReloadAssembly (217ms)
		DisableScriptedObjects (7ms)
		CreateAndSetChildDomain (34ms)
	RebuildCommonClasses (10ms)
	RebuildNativeTypeToScriptingClass (21ms)
	initialDomainReloadingComplete (77ms)
	LoadAllAssembliesAndSetupDomain (789ms)
		LoadAssemblies (429ms)
		AnalyzeDomain (335ms)
			TypeCache.Refresh (214ms)
				TypeCache.ScanAssembly (195ms)
			BuildScriptInfoCaches (110ms)
			ResolveRequiredComponents (9ms)
	FinalizeReload (987ms)
		SetupLoadedEditorAssemblies (0ms)
			InitializePlatformSupportModulesInManaged (3ms)
			BeforeProcessingInitializeOnLoad (108ms)
			ProcessInitializeOnLoadAttributes (341ms)
			ProcessInitializeOnLoadMethodAttributes (184ms)
			AfterProcessingInitializeOnLoad (10ms)
		AwakeInstancesAfterBackupRestoration (4ms)
AcceleratorClientConnectionCallback - disconnected - :0
Launched and connected shader compiler UnityShaderCompiler.exe after 0.02 seconds
Unloading 22 Unused Serialized files (Serialized files now loaded: 0)
Curl error 3: URL rejected: Malformed input to a URL function
Unloading 6430 unused Assets / (5.6 MB). Loaded Objects now: 7254.
Memory consumption went from 318.4 MB to 312.8 MB.
Total: 11.333200 ms (FindLiveObjects: 0.958400 ms CreateObjectMapping: 2.217700 ms MarkObjects: 5.127600 ms  DeleteObjects: 3.027000 ms)

========================================================================
Received Prepare
AcceleratorClientConnectionCallback - disconnected - :0
Unloading 22 Unused Serialized files (Serialized files now loaded: 0)
Unloading 22 unused Assets / (2.6 MB). Loaded Objects now: 7254.
Memory consumption went from 311.3 MB to 308.7 MB.
Total: 6.604700 ms (FindLiveObjects: 0.410900 ms CreateObjectMapping: 0.844400 ms MarkObjects: 4.938300 ms  DeleteObjects: 0.410200 ms)

Prepare: number of updated asset objects reloaded= 0
========================================================================
Received Prepare
AcceleratorClientConnectionCallback - disconnected - :0
Refreshing native plugins compatible for Editor in 2.08 ms, found 4 plugins.
Unloading 22 Unused Serialized files (Serialized files now loaded: 0)
Unloading 22 unused Assets / (2.6 MB). Loaded Objects now: 7254.
Memory consumption went from 313.2 MB to 310.6 MB.
Total: 10.472100 ms (FindLiveObjects: 0.560900 ms CreateObjectMapping: 1.072500 ms MarkObjects: 8.206100 ms  DeleteObjects: 0.631200 ms)

Prepare: number of updated asset objects reloaded= 0
========================================================================
Received Import Request.
  Time of request: 2026-06-21T06:23:32.6583801Z
  Time since last request: 10228.54833759999929 seconds.
  importAddress: GUID: 658d96199cc7d3b4880fa76714523436 - Path: Assets/Assets/Prototype 1/Course Library/_Source_Files/FBX/SI_RadiationIcon.fbx - Importer: ScriptedImporter/UnityEditor.QuickSearchModule:UnityEditor.Search:ASIAI0B
Importing 'GUID: 658d96199cc7d3b4880fa76714523436 - Path: Assets/Assets/Prototype 1/Course Library/_Source_Files/FBX/SI_RadiationIcon.fbx - Importer: ScriptedImporter/UnityEditor.QuickSearchModule:UnityEditor.Search:ASIAI0B' with importer (ScriptedImporter : UnityEditor.QuickSearchModule:UnityEditor.Search:ASIAI0B)
Imported 'GUID: 658d96199cc7d3b4880fa76714523436' -> (Import Result ID: 'd7c379078089b4c86cdcc7e8517443fe') in 0.388 seconds [static and dynamic dependencies]. Details - ImportResultOutputID=c7eaab1404e54c081229cc586b0a790c DependenciesID=71d3e6be80c68b9d914ec18ed669f054 StaticDependenciesID=d2b079f7fd1c0b9092260d768efe9867 
Number of updated asset objects reloaded before import = 0
Number of asset objects unloaded after import = 7
========================================================================
Received Import Request.
  Time of request: 2026-06-21T06:23:33.0660345Z
  Time since last request: 0.0003475 seconds.
  importAddress: GUID: f422e7a7e563f38429548e0b5a070cc8 - Path: Assets/Assets/Prototype 1/Course Library/_Source_Files/Textures - Importer: ScriptedImporter/UnityEditor.QuickSearchModule:UnityEditor.Search:ASIAI0B
Importing 'GUID: f422e7a7e563f38429548e0b5a070cc8 - Path: Assets/Assets/Prototype 1/Course Library/_Source_Files/Textures - Importer: ScriptedImporter/UnityEditor.QuickSearchModule:UnityEditor.Search:ASIAI0B' with importer (ScriptedImporter : UnityEditor.QuickSearchModule:UnityEditor.Search:ASIAI0B)
Imported 'GUID: f422e7a7e563f38429548e0b5a070cc8' -> (Import Result ID: '41928620357378c1de755cfce8e42b2c') in 0.016 seconds [static and dynamic dependencies]. Details - ImportResultOutputID=9fd09e69c91b0231d9a8afdb1e87da8d DependenciesID=2eee7d734dc542fe6daba1cdf42aa42f StaticDependenciesID=ba5c8113a5762fbde28fce7387061572 
Number of updated asset objects reloaded before import = 0
Number of asset objects unloaded after import = 1
========================================================================
Received Import Request.
  Time of request: 2026-06-21T06:23:33.1135717Z
  Time since last request: 0.0093268 seconds.
  importAddress: GUID: 8878a37eb67ddac4ead51890a31d6a18 - Path: Assets/Assets/Prototype 1/Course Library/_Source_Files/FBX/SM_Tile_Hex_FloatingIsland_01.fbx - Importer: ScriptedImporter/UnityEditor.QuickSearchModule:UnityEditor.Search:ASIAI0B
Importing 'GUID: 8878a37eb67ddac4ead51890a31d6a18 - Path: Assets/Assets/Prototype 1/Course Library/_Source_Files/FBX/SM_Tile_Hex_FloatingIsland_01.fbx - Importer: ScriptedImporter/UnityEditor.QuickSearchModule:UnityEditor.Search:ASIAI0B' with importer (ScriptedImporter : UnityEditor.QuickSearchModule:UnityEditor.Search:ASIAI0B)
Imported 'GUID: 8878a37eb67ddac4ead51890a31d6a18' -> (Import Result ID: 'ab850e58553b07897d6b42dfaccd7668') in 0.026 seconds [static and dynamic dependencies]. Details - ImportResultOutputID=6aa232864beb4c872ca569b50f454c8e DependenciesID=5c4eee8c2762c9344b0dbe5164a3a64f StaticDependenciesID=d18e9051272adf010da9af9a0f730ccb 
Number of updated asset objects reloaded before import = 0
Number of asset objects unloaded after import = 7
========================================================================
Received Import Request.
  Time of request: 2026-06-21T06:23:33.172106Z
  Time since last request: 0.0012152 seconds.
  importAddress: GUID: c18b0566c0ca32548acca53d337698db - Path: Assets/Assets/Prototype 1/Course Library/Ground/Ground_Tile_Cube_FloatingIsland_01.prefab - Importer: ScriptedImporter/UnityEditor.QuickSearchModule:UnityEditor.Search:ASIAI0B
Importing 'GUID: c18b0566c0ca32548acca53d337698db - Path: Assets/Assets/Prototype 1/Course Library/Ground/Ground_Tile_Cube_FloatingIsland_01.prefab - Importer: ScriptedImporter/UnityEditor.QuickSearchModule:UnityEditor.Search:ASIAI0B' with importer (ScriptedImporter : UnityEditor.QuickSearchModule:UnityEditor.Search:ASIAI0B)
Imported 'GUID: c18b0566c0ca32548acca53d337698db' -> (Import Result ID: '33a9ae88d7335d4fa6c7af7dd0fa7fe2') in 0.018 seconds [static and dynamic dependencies]. Details - ImportResultOutputID=d39f39411319ea9ef35907c2225503cd DependenciesID=717dfc20ffb8e2b1a5d4051be49022c7 StaticDependenciesID=b96300e0f24d37d2f9c1d1e4829d3ec5 
Number of updated asset objects reloaded before import = 0
Number of asset objects unloaded after import = 8
========================================================================
Received Import Request.
  Time of request: 2026-06-21T06:23:33.2159887Z
  Time since last request: 0.0013881 seconds.
  importAddress: GUID: e68f77e240a7f8643b5cc4253dc37516 - Path: Assets/Assets/Prototype 1/Course Library/_Source_Files/Materials/SimpleSky.mat - Importer: ScriptedImporter/UnityEditor.QuickSearchModule:UnityEditor.Search:ASIAI0B
Importing 'GUID: e68f77e240a7f8643b5cc4253dc37516 - Path: Assets/Assets/Prototype 1/Course Library/_Source_Files/Materials/SimpleSky.mat - Importer: ScriptedImporter/UnityEditor.QuickSearchModule:UnityEditor.Search:ASIAI0B' with importer (ScriptedImporter : UnityEditor.QuickSearchModule:UnityEditor.Search:ASIAI0B)
Imported 'GUID: e68f77e240a7f8643b5cc4253dc37516' -> (Import Result ID: 'ce319ca690ce14c95d81339d07f3c908') in 0.035 seconds [static and dynamic dependencies]. Details - ImportResultOutputID=b433d65c8403fb2cc1ae7357faa909ec DependenciesID=78fd16283c3c0c054a384da01496e128 StaticDependenciesID=8deb2cdafd0ee6da7727343b469014f5 
Number of updated asset objects reloaded before import = 0
Number of asset objects unloaded after import = 2
========================================================================
Received Import Request.
  Time of request: 2026-06-21T06:23:33.2735285Z
  Time since last request: 0.0013646 seconds.
  importAddress: GUID: c7c5239ae4b2ace4d8774918a50a940a - Path: Assets/Assets/Prototype 1/Course Library/Textures/PolygonPrototype_Texture_Grid_04.png - Importer: ScriptedImporter/UnityEditor.QuickSearchModule:UnityEditor.Search:ASIAI0B
Importing 'GUID: c7c5239ae4b2ace4d8774918a50a940a - Path: Assets/Assets/Prototype 1/Course Library/Textures/PolygonPrototype_Texture_Grid_04.png - Importer: ScriptedImporter/UnityEditor.QuickSearchModule:UnityEditor.Search:ASIAI0B' with importer (ScriptedImporter : UnityEditor.QuickSearchModule:UnityEditor.Search:ASIAI0B)
Imported 'GUID: c7c5239ae4b2ace4d8774918a50a940a' -> (Import Result ID: '18931e95a2b34ce60997217c6ba7e77d') in 0.138 seconds [static and dynamic dependencies]. Details - ImportResultOutputID=4f773ec1b19876e4ddeebf57f216489f DependenciesID=6f495ee756009005e13deffac392df07 StaticDependenciesID=2dfde2c7d4bf96cfa2d6ee1c58b8534e 
Number of updated asset objects reloaded before import = 0
Number of asset objects unloaded after import = 1
========================================================================
Received Import Request.
  Time of request: 2026-06-21T06:23:33.4351569Z
  Time since last request: 0.0012 seconds.
  importAddress: GUID: 2a09470ada0c47849ad79d26363f8e4a - Path: Assets/Assets/Prototype 1/Course Library/Textures/PolygonPrototype_Texture_Grid_01.png - Importer: ScriptedImporter/UnityEditor.QuickSearchModule:UnityEditor.Search:ASIAI0B
Importing 'GUID: 2a09470ada0c47849ad79d26363f8e4a - Path: Assets/Assets/Prototype 1/Course Library/Textures/PolygonPrototype_Texture_Grid_01.png - Importer: ScriptedImporter/UnityEditor.QuickSearchModule:UnityEditor.Search:ASIAI0B' with importer (ScriptedImporter : UnityEditor.QuickSearchModule:UnityEditor.Search:ASIAI0B)
Imported 'GUID: 2a09470ada0c47849ad79d26363f8e4a' -> (Import Result ID: '07fe4cbd38c2f5ca8c8278c38bb85cb4') in 0.017 seconds [static and dynamic dependencies]. Details - ImportResultOutputID=e55f9f82e01be0d11de9124836831d98 DependenciesID=11049875a39920158e9440aadb29044d StaticDependenciesID=ea9ad69e8f0ee32371fcf21a396e12e2 
Number of updated asset objects reloaded before import = 0
Number of asset objects unloaded after import = 1
========================================================================
Received Import Request.
  Time of request: 2026-06-21T06:23:33.4722203Z
  Time since last request: 0.0016778 seconds.
  importAddress: GUID: ceb1bef3d4abc9344b89436369737113 - Path: Assets/Assets/Prototype 1/Course Library/Pickups/MultiplierIcon.prefab - Importer: ScriptedImporter/UnityEditor.QuickSearchModule:UnityEditor.Search:ASIAI0B
Importing 'GUID: ceb1bef3d4abc9344b89436369737113 - Path: Assets/Assets/Prototype 1/Course Library/Pickups/MultiplierIcon.prefab - Importer: ScriptedImporter/UnityEditor.QuickSearchModule:UnityEditor.Search:ASIAI0B' with importer (ScriptedImporter : UnityEditor.QuickSearchModule:UnityEditor.Search:ASIAI0B)
Imported 'GUID: ceb1bef3d4abc9344b89436369737113' -> (Import Result ID: '29ad42c08657a5d82be222b2c491e64a') in 0.019 seconds [static and dynamic dependencies]. Details - ImportResultOutputID=dedfff47eeea17fbb31e6c543fc93bc0 DependenciesID=0653d4dd9f79b332c428f1cfa68f3508 StaticDependenciesID=5704d4b9d9254adaa27a77c1dd7ef034 
Number of updated asset objects reloaded before import = 0
Number of asset objects unloaded after import = 8
========================================================================
Received Import Request.
  Time of request: 2026-06-21T06:23:33.510036Z
  Time since last request: 0.0008771 seconds.
  importAddress: GUID: 44cb397c8b73c2f40bfa05c2199ffa2b - Path: Assets/Assets/Prototype 1/Course Library/_Source_Files/FBX/SI_PowerIcon.fbx - Importer: ScriptedImporter/UnityEditor.QuickSearchModule:UnityEditor.Search:ASIAI0B
Importing 'GUID: 44cb397c8b73c2f40bfa05c2199ffa2b - Path: Assets/Assets/Prototype 1/Course Library/_Source_Files/FBX/SI_PowerIcon.fbx - Importer: ScriptedImporter/UnityEditor.QuickSearchModule:UnityEditor.Search:ASIAI0B' with importer (ScriptedImporter : UnityEditor.QuickSearchModule:UnityEditor.Search:ASIAI0B)
Imported 'GUID: 44cb397c8b73c2f40bfa05c2199ffa2b' -> (Import Result ID: 'df2dc78c6e0931717ffb93ede6b4be3f') in 0.023 seconds [static and dynamic dependencies]. Details - ImportResultOutputID=62d94692ebec673302df03321c3855a5 DependenciesID=a0bba817b379b97d03893b54686ada1b StaticDependenciesID=397656de2740fbdaf4f89e483b2797a1 
Number of updated asset objects reloaded before import = 0
Number of asset objects unloaded after import = 7
========================================================================
Received Import Request.
  Time of request: 2026-06-21T06:23:33.5532063Z
  Time since last request: 0.0003435 seconds.
  importAddress: GUID: 6daf71e7a619b48adbeaaa274958dacf - Path: Assets/Assets/Prototype 1/Course Library/_Source_Files/_LICENSE.txt - Importer: ScriptedImporter/UnityEditor.QuickSearchModule:UnityEditor.Search:ASIAI0B
Importing 'GUID: 6daf71e7a619b48adbeaaa274958dacf - Path: Assets/Assets/Prototype 1/Course Library/_Source_Files/_LICENSE.txt - Importer: ScriptedImporter/UnityEditor.QuickSearchModule:UnityEditor.Search:ASIAI0B' with importer (ScriptedImporter : UnityEditor.QuickSearchModule:UnityEditor.Search:ASIAI0B)
Imported 'GUID: 6daf71e7a619b48adbeaaa274958dacf' -> (Import Result ID: '7e479f2fb18bf837fb379ecc96526ab9') in 0.021 seconds [static and dynamic dependencies]. Details - ImportResultOutputID=ca9c866359041f50bfe10617f3f9665f DependenciesID=f06c78177ebff07e63e2cd2a78c50332 StaticDependenciesID=d8c9a6bfb4d23b57b88db50a05249595 
Number of updated asset objects reloaded before import = 0
Number of asset objects unloaded after import = 1
========================================================================
Received Import Request.
  Time of request: 2026-06-21T06:23:33.5947562Z
  Time since last request: 0.0010289 seconds.
  importAddress: GUID: 510349479745aac4b9209e9326e42601 - Path: Assets/Assets/Prototype 1/Course Library/Pickups/RepairIcon.prefab - Importer: ScriptedImporter/UnityEditor.QuickSearchModule:UnityEditor.Search:ASIAI0B
Importing 'GUID: 510349479745aac4b9209e9326e42601 - Path: Assets/Assets/Prototype 1/Course Library/Pickups/RepairIcon.prefab - Importer: ScriptedImporter/UnityEditor.QuickSearchModule:UnityEditor.Search:ASIAI0B' with importer (ScriptedImporter : UnityEditor.QuickSearchModule:UnityEditor.Search:ASIAI0B)
Imported 'GUID: 510349479745aac4b9209e9326e42601' -> (Import Result ID: 'bc38c14315e57f7bc3bba7dea8b64ccb') in 0.016 seconds [static and dynamic dependencies]. Details - ImportResultOutputID=2e2d1a4279aee6e9d6f8f4d1647b6e14 DependenciesID=f6ea992925296db410c7671b14cf0082 StaticDependenciesID=4ba565ef582789b6bb89a4aa29fcbc89 
Number of updated asset objects reloaded before import = 0
Number of asset objects unloaded after import = 8
========================================================================
Received Import Request.
  Time of request: 2026-06-21T06:23:33.6368015Z
  Time since last request: 0.0007625 seconds.
  importAddress: GUID: 18d064e59e399ac4ebf74eada94947af - Path: Assets/Assets/Prototype 1/Course Library/Pickups/FireIcon.prefab - Importer: ScriptedImporter/UnityEditor.QuickSearchModule:UnityEditor.Search:ASIAI0B
Importing 'GUID: 18d064e59e399ac4ebf74eada94947af - Path: Assets/Assets/Prototype 1/Course Library/Pickups/FireIcon.prefab - Importer: ScriptedImporter/UnityEditor.QuickSearchModule:UnityEditor.Search:ASIAI0B' with importer (ScriptedImporter : UnityEditor.QuickSearchModule:UnityEditor.Search:ASIAI0B)
Imported 'GUID: 18d064e59e399ac4ebf74eada94947af' -> (Import Result ID: '5e8005ba1a13f48fa2e95af3c805b991') in 0.021 seconds [static and dynamic dependencies]. Details - ImportResultOutputID=5e97d1a854c02573112636f17541491a DependenciesID=14281f0bf71bc417135afd8390404d8c StaticDependenciesID=dec554566b405e5f4ba6db7394002c87 
Number of updated asset objects reloaded before import = 0
Number of asset objects unloaded after import = 8
========================================================================
Received Import Request.
  Time of request: 2026-06-21T06:23:33.6827752Z
  Time since last request: 0.0005512 seconds.
  importAddress: GUID: 923deea38dc6a8843b15db7638919c1e - Path: Assets/Assets/Prototype 1/Course Library/Powerup Indicators/SelectionRing_02.prefab - Importer: ScriptedImporter/UnityEditor.QuickSearchModule:UnityEditor.Search:ASIAI0B
Importing 'GUID: 923deea38dc6a8843b15db7638919c1e - Path: Assets/Assets/Prototype 1/Course Library/Powerup Indicators/SelectionRing_02.prefab - Importer: ScriptedImporter/UnityEditor.QuickSearchModule:UnityEditor.Search:ASIAI0B' with importer (ScriptedImporter : UnityEditor.QuickSearchModule:UnityEditor.Search:ASIAI0B)
Imported 'GUID: 923deea38dc6a8843b15db7638919c1e' -> (Import Result ID: '80d776c5360d4db4eb1fecda0d6d51b8') in 0.023 seconds [static and dynamic dependencies]. Details - ImportResultOutputID=f56dbcad39319aa38e56da2ececac03c DependenciesID=7d0f43cc7fd50d9ebace302e2f1e8e93 StaticDependenciesID=235a162c71793e4a9582e76de9558700 
Number of updated asset objects reloaded before import = 0
Number of asset objects unloaded after import = 8
========================================================================
Received Import Request.
  Time of request: 2026-06-21T06:23:33.7340139Z
  Time since last request: 0.0007323 seconds.
  importAddress: GUID: 41680dad0f0243748b4e228f49a2e3c4 - Path: Assets/Assets/Prototype 1/Course Library/_Source_Files/Materials/PolygonPrototype_Texture_01.mat - Importer: ScriptedImporter/UnityEditor.QuickSearchModule:UnityEditor.Search:ASIAI0B
Importing 'GUID: 41680dad0f0243748b4e228f49a2e3c4 - Path: Assets/Assets/Prototype 1/Course Library/_Source_Files/Materials/PolygonPrototype_Texture_01.mat - Importer: ScriptedImporter/UnityEditor.QuickSearchModule:UnityEditor.Search:ASIAI0B' with importer (ScriptedImporter : UnityEditor.QuickSearchModule:UnityEditor.Search:ASIAI0B)
Imported 'GUID: 41680dad0f0243748b4e228f49a2e3c4' -> (Import Result ID: 'f2c518eca711dc89021804fab23a687c') in 0.066 seconds [static and dynamic dependencies]. Details - ImportResultOutputID=b369986643a03792d8bb50959528c8e1 DependenciesID=5470edcd0f46d39eb927c9a9af15e6f0 StaticDependenciesID=12e41e9a77f3d22019be239635694cda 
Number of updated asset objects reloaded before import = 0
Number of asset objects unloaded after import = 3
========================================================================
Received Import Request.
  Time of request: 2026-06-21T06:23:33.8244525Z
  Time since last request: 0.0005067 seconds.
  importAddress: GUID: be825ff7d64d9724e8cd3da5602b1318 - Path: Assets/Scenes/Prototype 4.unity - Importer: ScriptedImporter/UnityEditor.QuickSearchModule:UnityEditor.Search:ASIAI0B
Importing 'GUID: be825ff7d64d9724e8cd3da5602b1318 - Path: Assets/Scenes/Prototype 4.unity - Importer: ScriptedImporter/UnityEditor.QuickSearchModule:UnityEditor.Search:ASIAI0B' with importer (ScriptedImporter : UnityEditor.QuickSearchModule:UnityEditor.Search:ASIAI0B)
Imported 'GUID: be825ff7d64d9724e8cd3da5602b1318' -> (Import Result ID: '1886c88e29a4611906fa43d31372e0e7') in 0.020 seconds [static and dynamic dependencies]. Details - ImportResultOutputID=617d6a3c2cfa9fd9876ec58b6578ad31 DependenciesID=f100b21602603c4a538d3032d656fb67 StaticDependenciesID=ee830da0360c578fcca2b77cefb15224 
Number of updated asset objects reloaded before import = 0
Number of asset objects unloaded after import = 1
========================================================================
Received Import Request.
  Time of request: 2026-06-21T06:23:33.8974523Z
  Time since last request: 0.0014745 seconds.
  importAddress: GUID: 2b1600b8b48e3ac4c87e5d81a4153ab7 - Path: Assets/Assets/Prototype 1/Course Library/_Source_Files/FBX/SM_Icon_Balloon_01.fbx - Importer: ScriptedImporter/UnityEditor.QuickSearchModule:UnityEditor.Search:ASIAI0B
Importing 'GUID: 2b1600b8b48e3ac4c87e5d81a4153ab7 - Path: Assets/Assets/Prototype 1/Course Library/_Source_Files/FBX/SM_Icon_Balloon_01.fbx - Importer: ScriptedImporter/UnityEditor.QuickSearchModule:UnityEditor.Search:ASIAI0B' with importer (ScriptedImporter : UnityEditor.QuickSearchModule:UnityEditor.Search:ASIAI0B)
Imported 'GUID: 2b1600b8b48e3ac4c87e5d81a4153ab7' -> (Import Result ID: '86a0fd850e54760adffe40c84c287c46') in 0.027 seconds [static and dynamic dependencies]. Details - ImportResultOutputID=b03adf681c90a3e9959f7a58c73dc04c DependenciesID=c10d25e043bd5638a8ea8317d3bf587d StaticDependenciesID=9111a9c80a5ba232ff52c1d9b453f414 
Number of updated asset objects reloaded before import = 0
Number of asset objects unloaded after import = 7
========================================================================
Received Import Request.
  Time of request: 2026-06-21T06:23:33.9603577Z
  Time since last request: 0.0047314 seconds.
  importAddress: GUID: 2f3e352268bf84b45acf0d56b0b89518 - Path: Assets/Assets/Prototype 1/Course Library/Pickups/Potion_01.prefab - Importer: ScriptedImporter/UnityEditor.QuickSearchModule:UnityEditor.Search:ASIAI0B
Importing 'GUID: 2f3e352268bf84b45acf0d56b0b89518 - Path: Assets/Assets/Prototype 1/Course Library/Pickups/Potion_01.prefab - Importer: ScriptedImporter/UnityEditor.QuickSearchModule:UnityEditor.Search:ASIAI0B' with importer (ScriptedImporter : UnityEditor.QuickSearchModule:UnityEditor.Search:ASIAI0B)
Imported 'GUID: 2f3e352268bf84b45acf0d56b0b89518' -> (Import Result ID: 'fb31dca5dbeb2bce8c2bffdb6c3fb7f3') in 0.027 seconds [static and dynamic dependencies]. Details - ImportResultOutputID=dd39490d12cb6e41bce99d3355a7ac37 DependenciesID=f47a3cd4246c08ba28fea04fcd4c673e StaticDependenciesID=a912fcdc89bffa44cf93b63a58210ecf 
Number of updated asset objects reloaded before import = 0
Number of asset objects unloaded after import = 8
========================================================================
Received Import Request.
  Time of request: 2026-06-21T06:23:34.0248561Z
  Time since last request: 0.000654 seconds.
  importAddress: GUID: 3e3e7739c37f6df4a9ac958352bdd251 - Path: Assets/Assets/Prototype 1/Course Library/_Source_Files/Textures/SimpleIcons_Texture.png - Importer: ScriptedImporter/UnityEditor.QuickSearchModule:UnityEditor.Search:ASIAI0B
Importing 'GUID: 3e3e7739c37f6df4a9ac958352bdd251 - Path: Assets/Assets/Prototype 1/Course Library/_Source_Files/Textures/SimpleIcons_Texture.png - Importer: ScriptedImporter/UnityEditor.QuickSearchModule:UnityEditor.Search:ASIAI0B' with importer (ScriptedImporter : UnityEditor.QuickSearchModule:UnityEditor.Search:ASIAI0B)
Imported 'GUID: 3e3e7739c37f6df4a9ac958352bdd251' -> (Import Result ID: '410b35e42fffb767cb05d3069ef33a6b') in 0.031 seconds [static and dynamic dependencies]. Details - ImportResultOutputID=94647359771ce471b0c710b188bc909d DependenciesID=44a52e88b1c447e51becbd01f85d027e StaticDependenciesID=fc0aa0c380a1f37f3440ad7498ddffa2 
Number of updated asset objects reloaded before import = 0
Number of asset objects unloaded after import = 1
========================================================================
Received Import Request.
  Time of request: 2026-06-21T06:23:34.0991827Z
  Time since last request: 0.0012214 seconds.
  importAddress: GUID: 86cb957541c7c8542a6306ffb82e6833 - Path: Assets/Assets/Prototype 1/Course Library/_Source_Files/Textures/PolygonPrototype_Texture_01.png - Importer: ScriptedImporter/UnityEditor.QuickSearchModule:UnityEditor.Search:ASIAI0B
Importing 'GUID: 86cb957541c7c8542a6306ffb82e6833 - Path: Assets/Assets/Prototype 1/Course Library/_Source_Files/Textures/PolygonPrototype_Texture_01.png - Importer: ScriptedImporter/UnityEditor.QuickSearchModule:UnityEditor.Search:ASIAI0B' with importer (ScriptedImporter : UnityEditor.QuickSearchModule:UnityEditor.Search:ASIAI0B)
Imported 'GUID: 86cb957541c7c8542a6306ffb82e6833' -> (Import Result ID: '21df2a253613da69b26f758ea3d84b7b') in 0.037 seconds [static and dynamic dependencies]. Details - ImportResultOutputID=b299baa8ff8663bcfbbc302eb17d2010 DependenciesID=d0a83ddec0144e2b0fce73ce91ad3f96 StaticDependenciesID=7b918800066c0166f71ecd0d8b087294 
Number of updated asset objects reloaded before import = 0
Number of asset objects unloaded after import = 1
========================================================================
Received Import Request.
  Time of request: 2026-06-21T06:23:34.2069064Z
  Time since last request: 0.0441905 seconds.
  importAddress: GUID: 6f3d65a695e7abd46bde807842983d4a - Path: Assets/Assets/Prototype 1/Course Library/Pickups/RadiationIcon.prefab - Importer: ScriptedImporter/UnityEditor.QuickSearchModule:UnityEditor.Search:ASIAI0B
Importing 'GUID: 6f3d65a695e7abd46bde807842983d4a - Path: Assets/Assets/Prototype 1/Course Library/Pickups/RadiationIcon.prefab - Importer: ScriptedImporter/UnityEditor.QuickSearchModule:UnityEditor.Search:ASIAI0B' with importer (ScriptedImporter : UnityEditor.QuickSearchModule:UnityEditor.Search:ASIAI0B)
Imported 'GUID: 6f3d65a695e7abd46bde807842983d4a' -> (Import Result ID: 'f7d36ad6ff600f7bc5fd605960f5e481') in 0.019 seconds [static and dynamic dependencies]. Details - ImportResultOutputID=50e597461b02bde85e78e625f0f1277f DependenciesID=8e1fd9292b5c78af6e2b3636a7f93dfc StaticDependenciesID=4f92e798d94d5136d99678d45b738768 
Number of updated asset objects reloaded before import = 0
Number of asset objects unloaded after import = 8
Editor requested this worker to shutdown with reason: Scaling down because of idle timeout
AcceleratorClientConnectionCallback - disconnected - :0
AssetImportWorker is now disconnected from the server
Process exiting
Exiting without the bug reporter. Application will terminate with return code 0