[Licensing::Module] Trying to connect to existing licensing client channel...
Built from '6000.3/respin/6000.3.6f1-732c1ec89f18' branch; Version is '6000.3.6f1 (bbb010bdb8a3) revision 12300304'; Using compiler version '194234433'; Build Type 'Release'
OS: 'Windows 11  (10.0.26100) Enterprise' Language: 'en' Physical Memory: 63080 MB
BatchMode: 1, IsHumanControllingUs: 0, StartBugReporterOnCrash: 0, Is64bit: 1
[Licensing::IpcConnector] Successfully connected to: "LicenseClient-brismedia" at "2026-06-02T07:51:32.826952Z"
System  architecture: x64
Process architecture: x64
Date: 2026-06-02T07:51:32Z

COMMAND LINE ARGUMENTS:
C:\Program Files\Unity\Hub\Editor\6000.3.6f1\Editor\Unity.exe
-adb2
-batchMode
-noUpm
-name
AssetImportWorker2
-projectPath
C:/Users/brismedia/Downloads/T.S. Game Dev III/Game Dev III/My project
-logFile
Logs/AssetImportWorker2.log
-srvPort
64028
-licensingIpc
LicenseClient-brismedia
-job-worker-count
11
-background-job-worker-count
8
-gc-helper-count
1
-name
AssetImport
Successfully changed project path to: C:/Users/brismedia/Downloads/T.S. Game Dev III/Game Dev III/My project
C:/Users/brismedia/Downloads/T.S. Game Dev III/Game Dev III/My project
[UnityMemory] Configuration Parameters - Can be set up in boot.config
    "memorysetup-temp-allocator-size-nav-mesh-worker=65536"
    "memorysetup-temp-allocator-size-audio-worker=65536"
    "memorysetup-temp-allocator-size-gfx=262144"
    "memorysetup-allocator-temp-initial-block-size-main=262144"
    "memorysetup-allocator-temp-initial-block-size-worker=262144"
    "memorysetup-temp-allocator-size-background-worker=32768"
    "memorysetup-temp-allocator-size-job-worker=262144"
    "memorysetup-temp-allocator-size-preload-manager=33554432"
    "memorysetup-temp-allocator-size-gi-baking-worker=262144"
    "memorysetup-temp-allocator-size-gi-baking-worker=262144"
    "memorysetup-temp-allocator-size-gi-baking-worker=262144"
    "memorysetup-temp-allocator-size-gi-baking-worker=262144"
    "memorysetup-temp-allocator-size-gi-baking-worker=262144"
    "memorysetup-bucket-allocator-granularity=16"
    "memorysetup-bucket-allocator-bucket-count=8"
    "memorysetup-bucket-allocator-block-size=33554432"
    "memorysetup-bucket-allocator-block-count=8"
    "memorysetup-main-allocator-block-size=16777216"
    "memorysetup-thread-allocator-block-size=16777216"
    "memorysetup-gfx-main-allocator-block-size=16777216"
    "memorysetup-gfx-thread-allocator-block-size=16777216"
    "memorysetup-cache-allocator-block-size=4194304"
    "memorysetup-typetree-allocator-block-size=2097152"
    "memorysetup-profiler-bucket-allocator-granularity=16"
    "memorysetup-profiler-bucket-allocator-bucket-count=8"
    "memorysetup-profiler-bucket-allocator-block-size=33554432"
    "memorysetup-profiler-bucket-allocator-block-count=8"
    "memorysetup-profiler-allocator-block-size=16777216"
    "memorysetup-profiler-editor-allocator-block-size=1048576"
    "memorysetup-temp-allocator-size-main=16777216"
    "memorysetup-job-temp-allocator-block-size=2097152"
    "memorysetup-job-temp-allocator-block-size-background=1048576"
    "memorysetup-job-temp-allocator-reduction-small-platforms=262144"
    "memorysetup-temp-allocator-size-cloud-worker=32768"
Player connection [17256]  Target information:

Player connection [17256]  * "[IP] 10.105.4.32 [Port] 0 [Flags] 2 [Guid] 4043261842 [EditorId] 4043261842 [Version] 1048832 [Id] WindowsEditor(7,JMC-BNE-1C09) [Debug] 1 [PackageName] WindowsEditor [ProjectName] Editor" 

Player connection [17256] Host joined multi-casting on [225.0.0.222:54997]...
Player connection [17256] Host joined alternative multi-casting on [225.0.0.222:34997]...
JobSystem: Creating JobQueue using job-worker-count value 11
Input System module state changed to: Initialized.
[Physics::Module] Initialized fallback backend.
[Physics::Module] Id: 0xdecafbad
Library Redirect Path: Library/
[Physics::Module] Selected backend.
[Physics::Module] Name: PhysX
[Physics::Module] Id: 0xf2b8ea05
[Physics::Module] SDK Version: 4.1.2
[Physics::Module] Integration Version: 1.0.0
[Physics::Module] Threading Mode: Multi-Threaded
Refreshing native plugins compatible for Editor in 0.00 ms, found 0 plugins.
Preloading 0 native plugins for Editor in 0.00 ms.
Initialize engine version: 6000.3.6f1 (bbb010bdb8a3)
[Subsystems] Discovering subsystems at path C:/Program Files/Unity/Hub/Editor/6000.3.6f1/Editor/Data/Resources/UnitySubsystems
[Subsystems] Discovering subsystems at path C:/Users/brismedia/Downloads/T.S. Game Dev III/Game Dev III/My project/Assets
GfxDevice: creating device client; kGfxThreadingModeNonThreaded
Direct3D:
    Version:  Direct3D 11.0 [level 11.1]
    Renderer: NVIDIA GeForce RTX 4080 SUPER (ID=0x2702)
    Vendor:   NVIDIA
    VRAM:     16047 MB
    Driver:   32.0.15.6636
Initialize mono
Mono path[0] = 'C:/Program Files/Unity/Hub/Editor/6000.3.6f1/Editor/Data/Managed'
Mono path[1] = 'C:/Program Files/Unity/Hub/Editor/6000.3.6f1/Editor/Data/MonoBleedingEdge/lib/mono/unityjit-win32'
Mono config path = 'C:/Program Files/Unity/Hub/Editor/6000.3.6f1/Editor/Data/MonoBleedingEdge/etc'
Using monoOptions --debugger-agent=transport=dt_socket,embedding=1,server=y,suspend=n,address=127.0.0.1:56252
Begin MonoManager ReloadAssembly
Registering precompiled unity dll's ...
Register platform support module: C:/Program Files/Unity/Hub/Editor/6000.3.6f1/Editor/Data/PlaybackEngines/WindowsStandaloneSupport/UnityEditor.WindowsStandalone.Extensions.dll
Registered in 0.001376 seconds.
- Loaded All Assemblies, in  0.218 seconds
Native extension for WindowsStandalone target not found
ScheduleIndexationOnStartup MainProcess:False IndexOnStartup:True
Mono: successfully reloaded assembly
- Finished resetting the current domain, in  0.209 seconds
Domain Reload Profiling: 424ms
	BeginReloadAssembly (71ms)
		ExecutionOrderSort (0ms)
		DisableScriptedObjects (0ms)
		BackupInstance (0ms)
		ReleaseScriptingObjects (0ms)
		CreateAndSetChildDomain (0ms)
	RebuildCommonClasses (21ms)
	RebuildNativeTypeToScriptingClass (8ms)
	initialDomainReloadingComplete (27ms)
	LoadAllAssembliesAndSetupDomain (89ms)
		LoadAssemblies (68ms)
		RebuildTransferFunctionScriptingTraits (0ms)
		AnalyzeDomain (88ms)
			TypeCache.Refresh (87ms)
				TypeCache.ScanAssembly (79ms)
			BuildScriptInfoCaches (0ms)
			ResolveRequiredComponents (0ms)
	FinalizeReload (209ms)
		ReleaseScriptCaches (0ms)
		RebuildScriptCaches (0ms)
		SetupLoadedEditorAssemblies (189ms)
			LogAssemblyErrors (0ms)
			InitializePlatformSupportModulesInManaged (26ms)
			SetLoadedEditorAssemblies (2ms)
			BeforeProcessingInitializeOnLoad (42ms)
			ProcessInitializeOnLoadAttributes (78ms)
			ProcessInitializeOnLoadMethodAttributes (42ms)
			AfterProcessingInitializeOnLoad (0ms)
			EditorAssembliesLoaded (0ms)
		ExecutionOrderSort2 (0ms)
		AwakeInstancesAfterBackupRestoration (0ms)
========================================================================
Worker process is ready to serve import requests
Import Worker Mode flag is 0x00
Begin MonoManager ReloadAssembly
[Licensing::Module] Licensing is not yet initialized.
[Licensing::Client] Error: HandshakeResponse reported an error:
	ResponseCode: 505
	ResponseStatus: Unsupported protocol version '1.17.4'.
[Licensing::Module] Error: Failed to handshake to channel: "LicenseClient-brismedia"
[Licensing::IpcConnector] LicenseClient-brismedia channel disconnected successfully.
[Licensing::IpcConnector] Successfully connected to: "LicenseClient-brismedia-6000.3.6" at "2026-06-02T07:51:34.2772541Z"
[Licensing::Client] Handshaking with LicensingClient:
  Version:                 1.17.4+4293ba1
  Session Id:              7dafa7d84840433db008126235597d61
  Correlation Id:          0fc93bcedd5a8dcd468e3f532fe96480
  External correlation Id: 570162782521573013
  Machine Id:              Tpp1gjPaWC1BKU9rEpjXHcsRsYE=
[Licensing::Module] Successfully connected to LicensingClient on channel: "LicenseClient-brismedia-6000.3.6" (connect: 0.00s, validation: 0.00s, handshake: 1.37s)
[Licensing::IpcConnector] Successfully connected to: "LicenseClient-brismedia-6000.3.6-notifications" at "2026-06-02T07:51:35.6439322Z"
[Licensing::Module] Licensing Background thread has ended after 2.82s
[Licensing::Module] Licensing is initialized (took 1.98s).
[Licensing::Client] Successfully resolved entitlement details
[Licensing::Module] License group:
  Id: 16768372793362-UnityPersXXXX
  Product: Unity Personal
  Type: Assigned
  Expiration: Unlimited
- Loaded All Assemblies, in  2.126 seconds
Refreshing native plugins compatible for Editor in 0.00 ms, found 0 plugins.
Native extension for WindowsStandalone target not found
ScheduleIndexationOnStartup MainProcess:False IndexOnStartup:True
Mono: successfully reloaded assembly
- Finished resetting the current domain, in  0.185 seconds
Domain Reload Profiling: 2309ms
	BeginReloadAssembly (2080ms)
		ExecutionOrderSort (0ms)
		DisableScriptedObjects (3ms)
		BackupInstance (0ms)
		ReleaseScriptingObjects (0ms)
		CreateAndSetChildDomain (20ms)
	RebuildCommonClasses (21ms)
	RebuildNativeTypeToScriptingClass (7ms)
	initialDomainReloadingComplete (12ms)
	LoadAllAssembliesAndSetupDomain (5ms)
		LoadAssemblies (55ms)
		RebuildTransferFunctionScriptingTraits (0ms)
		AnalyzeDomain (3ms)
			TypeCache.Refresh (2ms)
				TypeCache.ScanAssembly (0ms)
			BuildScriptInfoCaches (0ms)
			ResolveRequiredComponents (0ms)
	FinalizeReload (186ms)
		ReleaseScriptCaches (0ms)
		RebuildScriptCaches (0ms)
		SetupLoadedEditorAssemblies (132ms)
			LogAssemblyErrors (0ms)
			InitializePlatformSupportModulesInManaged (1ms)
			SetLoadedEditorAssemblies (1ms)
			BeforeProcessingInitializeOnLoad (46ms)
			ProcessInitializeOnLoadAttributes (62ms)
			ProcessInitializeOnLoadMethodAttributes (18ms)
			AfterProcessingInitializeOnLoad (4ms)
			EditorAssembliesLoaded (0ms)
		ExecutionOrderSort2 (0ms)
		AwakeInstancesAfterBackupRestoration (7ms)
Launched and connected shader compiler UnityShaderCompiler.exe after 0.01 seconds
Refreshing native plugins compatible for Editor in 0.00 ms, found 0 plugins.
Preloading 0 native plugins for Editor in 0.00 ms.
Unloading 0 Unused Serialized files (Serialized files now loaded: 0)
Unloading 2 unused Assets / (27.4 KB). Loaded Objects now: 595.
Memory consumption went from 64.5 MB to 64.5 MB.
Total: 2.470700 ms (FindLiveObjects: 0.028800 ms CreateObjectMapping: 0.003600 ms MarkObjects: 2.398600 ms  DeleteObjects: 0.038900 ms)

========================================================================
Received Import Request.
  Time since last request: 6566.918731 seconds.
  path: Assets/Assets/Universal
  artifactKey: Guid(c9c5932018e28aa44bd314371778a5d1) Importer(815301076,1909f56bfc062723c751e8b465ee728b)
Start importing Assets/Assets/Universal using Guid(c9c5932018e28aa44bd314371778a5d1) Importer(815301076,1909f56bfc062723c751e8b465ee728b) (PreviewImporter) -> (artifact id: '97c117020e182bd0f0d4273b31dedc26') in 0.0036006 seconds
Number of updated asset objects reloaded before import = 0Number of asset objects unloaded after import = 0

========================================================================
Received Import Request.
  Time since last request: 0.980960 seconds.
  path: Assets/Assets/Universal
  artifactKey: Guid(c9c5932018e28aa44bd314371778a5d1) Importer(2089858483,b0f066a214c2f5e87bad3c948f4d605d)
Start importing Assets/Assets/Universal using Guid(c9c5932018e28aa44bd314371778a5d1) Importer(2089858483,b0f066a214c2f5e87bad3c948f4d605d) (ScriptedImporter) -> (artifact id: '7acf5ea66c4f9dbdff35f6f19dcf0374') in 0.0428584 seconds
Number of updated asset objects reloaded before import = 0Number of asset objects unloaded after import = 1

========================================================================
Received Import Request.
  Time since last request: 29.850505 seconds.
  path: Assets/Assets/Prototype 1/Scripts
  artifactKey: Guid(870c63e37979f3f4a8b4468b4b3b9e87) Importer(815301076,1909f56bfc062723c751e8b465ee728b)
Start importing Assets/Assets/Prototype 1/Scripts using Guid(870c63e37979f3f4a8b4468b4b3b9e87) Importer(815301076,1909f56bfc062723c751e8b465ee728b) (PreviewImporter) -> (artifact id: '90ac122977be4c1e55a51b9d8b2717ae') in 0.0007755 seconds
Number of updated asset objects reloaded before import = 0Number of asset objects unloaded after import = 0

========================================================================
Received Import Request.
  Time since last request: 0.984200 seconds.
  path: Assets/Assets/Prototype 1/Scripts
  artifactKey: Guid(870c63e37979f3f4a8b4468b4b3b9e87) Importer(2089858483,b0f066a214c2f5e87bad3c948f4d605d)
Start importing Assets/Assets/Prototype 1/Scripts using Guid(870c63e37979f3f4a8b4468b4b3b9e87) Importer(2089858483,b0f066a214c2f5e87bad3c948f4d605d) (ScriptedImporter) -> (artifact id: '07ddf5b65ec7571775b11a2b474d87d8') in 0.0027919 seconds
Number of updated asset objects reloaded before import = 0Number of asset objects unloaded after import = 1

========================================================================
Received Import Request.
  Time since last request: 23.806998 seconds.
  path: Assets/Assets/Prototype 2/Scripts
  artifactKey: Guid(9496f86605483954a811def4f3ed5440) Importer(2089858483,b0f066a214c2f5e87bad3c948f4d605d)
Start importing Assets/Assets/Prototype 2/Scripts using Guid(9496f86605483954a811def4f3ed5440) Importer(2089858483,b0f066a214c2f5e87bad3c948f4d605d) (ScriptedImporter) -> (artifact id: '285a770fa393859b72befc9e718d4150') in 0.0022155 seconds
Number of updated asset objects reloaded before import = 0Number of asset objects unloaded after import = 1

========================================================================
Received Import Request.
  Time since last request: 3.267638 seconds.
  path: Assets/Assets/Prototype 3/Scripts
  artifactKey: Guid(a0598332366aded4da6adb89e4190c98) Importer(2089858483,b0f066a214c2f5e87bad3c948f4d605d)
Start importing Assets/Assets/Prototype 3/Scripts using Guid(a0598332366aded4da6adb89e4190c98) Importer(2089858483,b0f066a214c2f5e87bad3c948f4d605d) (ScriptedImporter) -> (artifact id: '9c8db9c6abe7a6779d3cdc158125e39d') in 0.0026161 seconds
Number of updated asset objects reloaded before import = 0Number of asset objects unloaded after import = 1

========================================================================
Received Import Request.
  Time since last request: 4.093042 seconds.
  path: Assets/Assets/Prototype 4/Scripts
  artifactKey: Guid(cbe2f47734318474c92827afce13eec5) Importer(2089858483,b0f066a214c2f5e87bad3c948f4d605d)
Start importing Assets/Assets/Prototype 4/Scripts using Guid(cbe2f47734318474c92827afce13eec5) Importer(2089858483,b0f066a214c2f5e87bad3c948f4d605d) (ScriptedImporter) -> (artifact id: 'faedfb9ebd5b8e020e0064ed7c5cad4d') in 0.0023677 seconds
Number of updated asset objects reloaded before import = 0Number of asset objects unloaded after import = 1

========================================================================
Received Import Request.
  Time since last request: 3.694177 seconds.
  path: Assets/Assets/Prototype 5/Scripts
  artifactKey: Guid(75112564e788a224ea29039c9211400c) Importer(2089858483,b0f066a214c2f5e87bad3c948f4d605d)
Start importing Assets/Assets/Prototype 5/Scripts using Guid(75112564e788a224ea29039c9211400c) Importer(2089858483,b0f066a214c2f5e87bad3c948f4d605d) (ScriptedImporter) -> (artifact id: '015cb9be2e4c163dfae7a2b917617c13') in 0.00221 seconds
Number of updated asset objects reloaded before import = 0Number of asset objects unloaded after import = 1

========================================================================
Received Import Request.
  Time since last request: 2.634779 seconds.
  path: Assets/Assets/Universal/Scripts
  artifactKey: Guid(a74b51cbf9940a7458afb0ce779f9902) Importer(2089858483,b0f066a214c2f5e87bad3c948f4d605d)
Start importing Assets/Assets/Universal/Scripts using Guid(a74b51cbf9940a7458afb0ce779f9902) Importer(2089858483,b0f066a214c2f5e87bad3c948f4d605d) (ScriptedImporter) -> (artifact id: 'fe09b337518ec2138a0655a8e93228f4') in 0.0020522 seconds
Number of updated asset objects reloaded before import = 0Number of asset objects unloaded after import = 1

========================================================================
Received Import Request.
  Time since last request: 32.403438 seconds.
  path: Assets/Assets/Prototype 1/Prefabs
  artifactKey: Guid(33cc9a0febf9f2843a09bca056745a07) Importer(815301076,1909f56bfc062723c751e8b465ee728b)
Start importing Assets/Assets/Prototype 1/Prefabs using Guid(33cc9a0febf9f2843a09bca056745a07) Importer(815301076,1909f56bfc062723c751e8b465ee728b) (PreviewImporter) -> (artifact id: 'd4af8a7d389997afab900767d2f72dcb') in 0.0006653 seconds
Number of updated asset objects reloaded before import = 0Number of asset objects unloaded after import = 0

========================================================================
Received Import Request.
  Time since last request: 0.982670 seconds.
  path: Assets/Assets/Prototype 1/Prefabs
  artifactKey: Guid(33cc9a0febf9f2843a09bca056745a07) Importer(2089858483,b0f066a214c2f5e87bad3c948f4d605d)
Start importing Assets/Assets/Prototype 1/Prefabs using Guid(33cc9a0febf9f2843a09bca056745a07) Importer(2089858483,b0f066a214c2f5e87bad3c948f4d605d) (ScriptedImporter) -> (artifact id: '1d850948386623e68dbea34164ad927b') in 0.0025995 seconds
Number of updated asset objects reloaded before import = 0Number of asset objects unloaded after import = 1

========================================================================
Received Import Request.
  Time since last request: 8.566793 seconds.
  path: Assets/Assets/Prototype 2/Prefabs
  artifactKey: Guid(9d29abee4b7c2944b8d61b037a13fd08) Importer(2089858483,b0f066a214c2f5e87bad3c948f4d605d)
Start importing Assets/Assets/Prototype 2/Prefabs using Guid(9d29abee4b7c2944b8d61b037a13fd08) Importer(2089858483,b0f066a214c2f5e87bad3c948f4d605d) (ScriptedImporter) -> (artifact id: 'ad607079a4f9c92f377af28242cf9e7b') in 0.0027958 seconds
Number of updated asset objects reloaded before import = 0Number of asset objects unloaded after import = 1

========================================================================
Received Import Request.
  Time since last request: 2.349251 seconds.
  path: Assets/Assets/Prototype 3/Prefabs
  artifactKey: Guid(cf4a38d199cb3e34ea8215a7d8279d24) Importer(2089858483,b0f066a214c2f5e87bad3c948f4d605d)
Start importing Assets/Assets/Prototype 3/Prefabs using Guid(cf4a38d199cb3e34ea8215a7d8279d24) Importer(2089858483,b0f066a214c2f5e87bad3c948f4d605d) (ScriptedImporter) -> (artifact id: '8aa3ada0d9a6121d18034d634c8f7c02') in 0.0021148 seconds
Number of updated asset objects reloaded before import = 0Number of asset objects unloaded after import = 1

========================================================================
Received Import Request.
  Time since last request: 1.956626 seconds.
  path: Assets/Assets/Prototype 4/Prefabs
  artifactKey: Guid(d611efb3e9ad5a8449be8375edcf1a00) Importer(2089858483,b0f066a214c2f5e87bad3c948f4d605d)
Start importing Assets/Assets/Prototype 4/Prefabs using Guid(d611efb3e9ad5a8449be8375edcf1a00) Importer(2089858483,b0f066a214c2f5e87bad3c948f4d605d) (ScriptedImporter) -> (artifact id: '4bbb5e5c164c879e47a84b994c296c33') in 0.0021349 seconds
Number of updated asset objects reloaded before import = 0Number of asset objects unloaded after import = 1

========================================================================
Received Import Request.
  Time since last request: 2.453778 seconds.
  path: Assets/Assets/Prototype 5/Prefabs
  artifactKey: Guid(94f5ba4adf24e6347a85301e52a0195e) Importer(2089858483,b0f066a214c2f5e87bad3c948f4d605d)
Start importing Assets/Assets/Prototype 5/Prefabs using Guid(94f5ba4adf24e6347a85301e52a0195e) Importer(2089858483,b0f066a214c2f5e87bad3c948f4d605d) (ScriptedImporter) -> (artifact id: 'db81cad37d83b02323b1455365a67824') in 0.0022051 seconds
Number of updated asset objects reloaded before import = 0Number of asset objects unloaded after import = 1

========================================================================
Received Import Request.
  Time since last request: 2.317694 seconds.
  path: Assets/Assets/Universal/Prefabs
  artifactKey: Guid(aba6ec39785084944a27de05fa3750b5) Importer(2089858483,b0f066a214c2f5e87bad3c948f4d605d)
Start importing Assets/Assets/Universal/Prefabs using Guid(aba6ec39785084944a27de05fa3750b5) Importer(2089858483,b0f066a214c2f5e87bad3c948f4d605d) (ScriptedImporter) -> (artifact id: 'ef53928f076b922aa40e54d11e78685f') in 0.0021287 seconds
Number of updated asset objects reloaded before import = 0Number of asset objects unloaded after import = 1

========================================================================
Received Import Request.
  Time since last request: 17.824564 seconds.
  path: Assets/Assets/Universal/Scripts
  artifactKey: Guid(a74b51cbf9940a7458afb0ce779f9902) Importer(815301076,1909f56bfc062723c751e8b465ee728b)
Start importing Assets/Assets/Universal/Scripts using Guid(a74b51cbf9940a7458afb0ce779f9902) Importer(815301076,1909f56bfc062723c751e8b465ee728b) (PreviewImporter) -> (artifact id: '6c2e38a492d5394faf8e9790b098250c') in 0.0004988 seconds
Number of updated asset objects reloaded before import = 0Number of asset objects unloaded after import = 0

========================================================================
Received Prepare
Refreshing native plugins compatible for Editor in 0.00 ms, found 0 plugins.
Preloading 0 native plugins for Editor in 0.00 ms.
Unloading 0 Unused Serialized files (Serialized files now loaded: 0)
Unloading 1 unused Assets / (0 B). Loaded Objects now: 598.
Memory consumption went from 65.3 MB to 65.3 MB.
Total: 2.675100 ms (FindLiveObjects: 0.035800 ms CreateObjectMapping: 0.001900 ms MarkObjects: 2.627700 ms  DeleteObjects: 0.009200 ms)

Prepare: number of updated asset objects reloaded= 0
========================================================================
Received Import Request.
  Time since last request: 10.641898 seconds.
  path: Assets/Assets/Universal/Scripts/GameManager.cs
  artifactKey: Guid(622534281a780fe438d9da8ff626a36f) Importer(815301076,1909f56bfc062723c751e8b465ee728b)
Start importing Assets/Assets/Universal/Scripts/GameManager.cs using Guid(622534281a780fe438d9da8ff626a36f) Importer(815301076,1909f56bfc062723c751e8b465ee728b) (PreviewImporter) -> (artifact id: '8835db868c7c99173dbc0be16bb82164') in 0.0009221 seconds
Number of updated asset objects reloaded before import = 0Number of asset objects unloaded after import = 0

========================================================================
Received Import Request.
  Time since last request: 0.968222 seconds.
  path: Assets/Assets/Universal/Scripts/GameManager.cs
  artifactKey: Guid(622534281a780fe438d9da8ff626a36f) Importer(2089858483,b0f066a214c2f5e87bad3c948f4d605d)
Start importing Assets/Assets/Universal/Scripts/GameManager.cs using Guid(622534281a780fe438d9da8ff626a36f) Importer(2089858483,b0f066a214c2f5e87bad3c948f4d605d) (ScriptedImporter) -> (artifact id: '7320090e676b4f6d497890afc2e43378') in 0.0907339 seconds
Number of updated asset objects reloaded before import = 0Number of asset objects unloaded after import = 0

========================================================================
Received Prepare
Begin MonoManager ReloadAssembly
[Licensing::Client] Successfully resolved entitlement details
- Loaded All Assemblies, in  0.164 seconds
Refreshing native plugins compatible for Editor in 0.00 ms, found 0 plugins.
Native extension for WindowsStandalone target not found
ScheduleIndexationOnStartup MainProcess:False IndexOnStartup:True
Mono: successfully reloaded assembly
- Finished resetting the current domain, in  0.209 seconds
Domain Reload Profiling: 370ms
	BeginReloadAssembly (113ms)
		ExecutionOrderSort (0ms)
		DisableScriptedObjects (3ms)
		BackupInstance (0ms)
		ReleaseScriptingObjects (0ms)
		CreateAndSetChildDomain (19ms)
	RebuildCommonClasses (22ms)
	RebuildNativeTypeToScriptingClass (7ms)
	initialDomainReloadingComplete (13ms)
	LoadAllAssembliesAndSetupDomain (6ms)
		LoadAssemblies (62ms)
		RebuildTransferFunctionScriptingTraits (0ms)
		AnalyzeDomain (4ms)
			TypeCache.Refresh (3ms)
				TypeCache.ScanAssembly (0ms)
			BuildScriptInfoCaches (0ms)
			ResolveRequiredComponents (0ms)
	FinalizeReload (209ms)
		ReleaseScriptCaches (0ms)
		RebuildScriptCaches (0ms)
		SetupLoadedEditorAssemblies (150ms)
			LogAssemblyErrors (0ms)
			InitializePlatformSupportModulesInManaged (1ms)
			SetLoadedEditorAssemblies (1ms)
			BeforeProcessingInitializeOnLoad (54ms)
			ProcessInitializeOnLoadAttributes (70ms)
			ProcessInitializeOnLoadMethodAttributes (19ms)
			AfterProcessingInitializeOnLoad (4ms)
			EditorAssembliesLoaded (0ms)
		ExecutionOrderSort2 (0ms)
		AwakeInstancesAfterBackupRestoration (8ms)
Refreshing native plugins compatible for Editor in 0.00 ms, found 0 plugins.
Preloading 0 native plugins for Editor in 0.00 ms.
Unloading 0 Unused Serialized files (Serialized files now loaded: 0)
Unloading 1 unused Assets / (0 B). Loaded Objects now: 598.
Memory consumption went from 64.9 MB to 64.9 MB.
Total: 2.700100 ms (FindLiveObjects: 0.026600 ms CreateObjectMapping: 0.002000 ms MarkObjects: 2.661800 ms  DeleteObjects: 0.009000 ms)

Prepare: number of updated asset objects reloaded= 0
========================================================================
Received Import Request.
  Time since last request: 2.087871 seconds.
  path: Assets/Assets/Universal/Scripts/GameManager.cs
  artifactKey: Guid(622534281a780fe438d9da8ff626a36f) Importer(815301076,1909f56bfc062723c751e8b465ee728b)
Start importing Assets/Assets/Universal/Scripts/GameManager.cs using Guid(622534281a780fe438d9da8ff626a36f) Importer(815301076,1909f56bfc062723c751e8b465ee728b) (PreviewImporter) -> (artifact id: 'bfcf8872ca07e6a61457d9c20a823213') in 0.0015575 seconds
Number of updated asset objects reloaded before import = 0Number of asset objects unloaded after import = 0

