[2026-08-09T11:47:39.542Z][INFO] Command-line: 'C:\\Program Files\\Unity\\Hub\\Editor\\6000.5.0f1\\Editor\\Data\\Resources\\PackageManager\\Server\\UnityPackageManager.exe' server -s 2012 --ipc-path Unity-Upm-2012 -l 2 --log-file 'C:\\Users\\tyler\\Documents\\GitHub\\Game-Dev-III\\My project/Logs/upm.log'
[2026-08-09T11:47:39.612Z][INFO] IPC server started (IPC path=Unity-Upm-2012).
[2026-08-09T11:47:39.612Z][INFO] Hint: To connect to this UPM instance, launch Unity with the command-line parameter -upmIpcPath Upm-2012.
[2026-08-09T11:47:43.581Z][INFO] project:list-packages <-- Request received
params: {}
[2026-08-09T11:47:43.761Z][INFO] config:project:get-registries <-- Request received
params: {}
[2026-08-09T11:47:43.775Z][INFO] project:list-packages <-- Request received
params: {}
[2026-08-09T11:47:43.915Z][INFO] project:resolve-packages <-- Request received
params: {}
[2026-08-09T11:47:43.967Z][INFO] config:project:get-registries --> 200 (206 ms)
[2026-08-09T11:47:44.419Z][INFO] project:list-packages --> 200 (644 ms)
[2026-08-09T11:47:44.423Z][INFO] project:list-packages --> 200 (842 ms)
[2026-08-09T11:48:06.484Z][WARN] Requested version [4.9.3] for package [com.unity.searcher] overridden by minimum version [4.9.4].
[2026-08-09T11:48:06.484Z][WARN] Requested version [1.8.14] for package [com.unity.burst] overridden by minimum version [1.8.29].
[2026-08-09T11:48:06.484Z][WARN] Requested version [3.2.0] for package [com.unity.test-framework.performance] overridden by minimum version [3.5.0].
[2026-08-09T11:48:06.488Z][INFO] project:resolve-packages --> 200 (22572 ms)
[2026-08-09T11:49:18.594Z][INFO] project:list-packages <-- Request received
params: {}
[2026-08-09T11:49:18.629Z][INFO] project:list-packages <-- Request received
params: {}
[2026-08-09T11:49:18.879Z][INFO] project:list-packages --> 200 (285 ms)
[2026-08-09T11:49:18.907Z][INFO] project:list-packages --> 200 (278 ms)
[2026-08-09T11:49:19.593Z][INFO] project:list-packages <-- Request received
params: {}
[2026-08-09T11:49:19.797Z][INFO] project:list-packages --> 200 (204 ms)
[2026-08-09T11:49:19.831Z][INFO] config:project:get-registries <-- Request received
params: {}
[2026-08-09T11:49:19.835Z][INFO] config:project:get-registries --> 200 (4 ms)
[2026-08-09T11:50:17.292Z][INFO] project:list-packages <-- Request received
params: {}
[2026-08-09T11:50:17.464Z][INFO] project:list-packages --> 200 (172 ms)
[2026-08-09T12:16:18.357Z][INFO] project:list-packages <-- Request received
params: {}
[2026-08-09T12:16:18.495Z][INFO] project:list-packages --> 200 (138 ms)
[2026-08-09T12:16:18.683Z][INFO] project:list-packages <-- Request received
params: {}
[2026-08-09T12:16:18.836Z][INFO] project:list-packages --> 200 (153 ms)
[2026-08-09T12:16:18.844Z][INFO] config:project:get-registries <-- Request received
params: {}
[2026-08-09T12:16:18.847Z][INFO] config:project:get-registries --> 200 (3 ms)
[2026-08-09T12:17:40.419Z][INFO] project:list-packages <-- Request received
params: {}
[2026-08-09T12:17:40.545Z][INFO] project:list-packages --> 200 (126 ms)
[2026-08-09T12:17:40.726Z][INFO] project:list-packages <-- Request received
params: {}
[2026-08-09T12:17:40.855Z][INFO] project:list-packages --> 200 (129 ms)
[2026-08-09T12:17:40.896Z][INFO] config:project:get-registries <-- Request received
params: {}
[2026-08-09T12:17:40.901Z][INFO] config:project:get-registries --> 200 (5 ms)
[2026-08-09T12:18:20.436Z][INFO] project:list-packages <-- Request received
params: {}
[2026-08-09T12:18:20.592Z][INFO] project:list-packages --> 200 (156 ms)
[2026-08-09T12:18:20.761Z][INFO] project:list-packages <-- Request received
params: {}
[2026-08-09T12:18:20.923Z][INFO] project:list-packages --> 200 (162 ms)
[2026-08-09T12:18:20.941Z][INFO] config:project:get-registries <-- Request received
params: {}
[2026-08-09T12:18:20.945Z][INFO] config:project:get-registries --> 200 (4 ms)
[2026-08-09T12:19:01.002Z][INFO] project:list-packages <-- Request received
params: {}
[2026-08-09T12:19:01.126Z][INFO] project:list-packages --> 200 (124 ms)
[2026-08-09T12:19:01.312Z][INFO] project:list-packages <-- Request received
params: {}
[2026-08-09T12:19:01.443Z][INFO] project:list-packages --> 200 (131 ms)
[2026-08-09T12:19:01.476Z][INFO] config:project:get-registries <-- Request received
params: {}
[2026-08-09T12:19:01.481Z][INFO] config:project:get-registries --> 200 (5 ms)
[2026-08-09T12:19:08.639Z][INFO] project:list-packages <-- Request received
params: {}
[2026-08-09T12:19:08.752Z][INFO] project:list-packages --> 200 (113 ms)
[2026-08-09T12:19:08.975Z][INFO] project:list-packages <-- Request received
params: {}
[2026-08-09T12:19:09.116Z][INFO] project:list-packages --> 200 (141 ms)
[2026-08-09T12:19:09.146Z][INFO] config:project:get-registries <-- Request received
params: {}
[2026-08-09T12:19:09.149Z][INFO] config:project:get-registries --> 200 (3 ms)
[2026-08-09T12:20:24.831Z][INFO] project:list-packages <-- Request received
params: {}
[2026-08-09T12:20:24.983Z][INFO] project:list-packages --> 200 (152 ms)
[2026-08-09T12:20:25.169Z][INFO] project:list-packages <-- Request received
params: {}
[2026-08-09T12:20:25.318Z][INFO] project:list-packages --> 200 (149 ms)
[2026-08-09T12:20:25.335Z][INFO] config:project:get-registries <-- Request received
params: {}
[2026-08-09T12:20:25.338Z][INFO] config:project:get-registries --> 200 (3 ms)
[2026-08-09T12:20:41.075Z][INFO] project:list-packages <-- Request received
params: {}
[2026-08-09T12:20:41.191Z][INFO] project:list-packages --> 200 (116 ms)
[2026-08-09T12:20:41.415Z][INFO] project:list-packages <-- Request received
params: {}
[2026-08-09T12:20:41.561Z][INFO] project:list-packages --> 200 (146 ms)
[2026-08-09T12:20:41.569Z][INFO] config:project:get-registries <-- Request received
params: {}
[2026-08-09T12:20:41.574Z][INFO] config:project:get-registries --> 200 (6 ms)
[2026-08-09T12:38:22.638Z][INFO] project:list-packages <-- Request received
params: {}
[2026-08-09T12:38:23.046Z][INFO] project:list-packages <-- Request received
params: {}
[2026-08-09T12:38:23.275Z][INFO] config:project:get-registries <-- Request received
params: {}
[2026-08-09T12:38:23.302Z][INFO] config:project:get-registries --> 200 (27 ms)
[2026-08-09T12:38:23.392Z][INFO] project:list-packages --> 200 (346 ms)
[2026-08-09T12:38:23.392Z][INFO] project:list-packages --> 200 (754 ms)
[2026-08-09T12:38:37.182Z][INFO] project:list-packages <-- Request received
params: {}
[2026-08-09T12:38:37.321Z][INFO] project:list-packages --> 200 (139 ms)
[2026-08-09T12:38:37.537Z][INFO] project:list-packages <-- Request received
params: {}
[2026-08-09T12:38:37.683Z][INFO] project:list-packages --> 200 (146 ms)
[2026-08-09T12:38:37.692Z][INFO] config:project:get-registries <-- Request received
params: {}
[2026-08-09T12:38:37.695Z][INFO] config:project:get-registries --> 200 (3 ms)
[2026-08-09T12:44:44.147Z][INFO] project:list-packages <-- Request received
params: {}
[2026-08-09T12:44:44.298Z][INFO] project:list-packages --> 200 (151 ms)
[2026-08-09T12:44:44.498Z][INFO] project:list-packages <-- Request received
params: {}
[2026-08-09T12:44:44.672Z][INFO] project:list-packages --> 200 (174 ms)
[2026-08-09T12:44:44.693Z][INFO] config:project:get-registries <-- Request received
params: {}
[2026-08-09T12:44:44.697Z][INFO] config:project:get-registries --> 200 (4 ms)
[2026-08-09T12:45:00.421Z][INFO] project:list-packages <-- Request received
params: {}
[2026-08-09T12:45:00.566Z][INFO] project:list-packages --> 200 (145 ms)
[2026-08-09T12:45:00.788Z][INFO] project:list-packages <-- Request received
params: {}
[2026-08-09T12:45:00.982Z][INFO] project:list-packages --> 200 (194 ms)
[2026-08-09T12:45:01.008Z][INFO] config:project:get-registries <-- Request received
params: {}
[2026-08-09T12:45:01.015Z][INFO] config:project:get-registries --> 200 (7 ms)
[2026-08-09T12:45:50.320Z][INFO] project:list-packages <-- Request received
params: {}
[2026-08-09T12:45:50.452Z][INFO] project:list-packages --> 200 (132 ms)
[2026-08-09T12:45:50.653Z][INFO] project:list-packages <-- Request received
params: {}
[2026-08-09T12:45:50.821Z][INFO] project:list-packages --> 200 (168 ms)
[2026-08-09T12:45:50.853Z][INFO] config:project:get-registries <-- Request received
params: {}
[2026-08-09T12:45:50.857Z][INFO] config:project:get-registries --> 200 (4 ms)
[2026-08-09T12:46:14.846Z][INFO] project:list-packages <-- Request received
params: {}
[2026-08-09T12:46:14.978Z][INFO] project:list-packages --> 200 (132 ms)
[2026-08-09T12:46:15.165Z][INFO] project:list-packages <-- Request received
params: {}
[2026-08-09T12:46:15.305Z][INFO] project:list-packages --> 200 (140 ms)
[2026-08-09T12:46:15.339Z][INFO] config:project:get-registries <-- Request received
params: {}
[2026-08-09T12:46:15.344Z][INFO] config:project:get-registries --> 200 (5 ms)
[2026-08-09T12:46:24.191Z][INFO] project:list-packages <-- Request received
params: {}
[2026-08-09T12:46:24.332Z][INFO] project:list-packages --> 200 (141 ms)
[2026-08-09T12:46:24.532Z][INFO] project:list-packages <-- Request received
params: {}
[2026-08-09T12:46:24.654Z][INFO] project:list-packages --> 200 (122 ms)
[2026-08-09T12:46:24.698Z][INFO] config:project:get-registries <-- Request received
params: {}
[2026-08-09T12:46:24.701Z][INFO] config:project:get-registries --> 200 (3 ms)
[2026-08-09T12:46:49.477Z][INFO] project:list-packages <-- Request received
params: {}
[2026-08-09T12:46:49.596Z][INFO] project:list-packages --> 200 (119 ms)
[2026-08-09T12:46:49.810Z][INFO] project:list-packages <-- Request received
params: {}
[2026-08-09T12:46:49.933Z][INFO] project:list-packages --> 200 (123 ms)
[2026-08-09T12:46:49.977Z][INFO] config:project:get-registries <-- Request received
params: {}
[2026-08-09T12:46:49.981Z][INFO] config:project:get-registries --> 200 (4 ms)
[2026-08-09T12:47:29.372Z][INFO] project:list-packages <-- Request received
params: {}
[2026-08-09T12:47:29.485Z][INFO] project:list-packages --> 200 (113 ms)
[2026-08-09T12:47:29.694Z][INFO] project:list-packages <-- Request received
params: {}
[2026-08-09T12:47:29.831Z][INFO] project:list-packages --> 200 (137 ms)
[2026-08-09T12:47:29.871Z][INFO] config:project:get-registries <-- Request received
params: {}
[2026-08-09T12:47:29.874Z][INFO] config:project:get-registries --> 200 (3 ms)
[2026-08-09T12:48:48.664Z][INFO] project:list-packages <-- Request received
params: {}
[2026-08-09T12:48:48.778Z][INFO] project:list-packages --> 200 (114 ms)
[2026-08-09T12:48:49.028Z][INFO] project:list-packages <-- Request received
params: {}
[2026-08-09T12:48:49.174Z][INFO] project:list-packages --> 200 (146 ms)
[2026-08-09T12:48:49.217Z][INFO] config:project:get-registries <-- Request received
params: {}
[2026-08-09T12:48:49.220Z][INFO] config:project:get-registries --> 200 (3 ms)
[2026-08-09T12:51:25.700Z][INFO] project:list-packages <-- Request received
params: {}
[2026-08-09T12:51:25.817Z][INFO] project:list-packages --> 200 (117 ms)
[2026-08-09T12:51:26.025Z][INFO] project:list-packages <-- Request received
params: {}
[2026-08-09T12:51:26.166Z][INFO] project:list-packages --> 200 (141 ms)
[2026-08-09T12:51:26.199Z][INFO] config:project:get-registries <-- Request received
params: {}
[2026-08-09T12:51:26.203Z][INFO] config:project:get-registries --> 200 (4 ms)
[2026-08-09T12:52:06.893Z][INFO] project:list-packages <-- Request received
params: {}
[2026-08-09T12:52:07.018Z][INFO] project:list-packages --> 200 (125 ms)
[2026-08-09T12:52:07.218Z][INFO] project:list-packages <-- Request received
params: {}
[2026-08-09T12:52:07.348Z][INFO] project:list-packages --> 200 (130 ms)
[2026-08-09T12:52:07.389Z][INFO] config:project:get-registries <-- Request received
params: {}
[2026-08-09T12:52:07.394Z][INFO] config:project:get-registries --> 200 (5 ms)
[2026-08-09T12:52:21.680Z][INFO] project:list-packages <-- Request received
params: {}
[2026-08-09T12:52:21.792Z][INFO] project:list-packages --> 200 (112 ms)
[2026-08-09T12:52:22.021Z][INFO] project:list-packages <-- Request received
params: {}
[2026-08-09T12:52:22.147Z][INFO] project:list-packages --> 200 (126 ms)
[2026-08-09T12:52:22.195Z][INFO] config:project:get-registries <-- Request received
params: {}
[2026-08-09T12:52:22.198Z][INFO] config:project:get-registries --> 200 (3 ms)
[2026-08-09T12:53:48.449Z][INFO] project:list-packages <-- Request received
params: {}
[2026-08-09T12:53:48.584Z][INFO] project:list-packages --> 200 (135 ms)
[2026-08-09T12:53:48.804Z][INFO] project:list-packages <-- Request received
params: {}
[2026-08-09T12:53:48.976Z][INFO] project:list-packages --> 200 (172 ms)
[2026-08-09T12:53:49.017Z][INFO] config:project:get-registries <-- Request received
params: {}
[2026-08-09T12:53:49.021Z][INFO] config:project:get-registries --> 200 (4 ms)
[2026-08-09T12:54:17.023Z][INFO] project:list-packages <-- Request received
params: {}
[2026-08-09T12:54:17.134Z][INFO] project:list-packages --> 200 (111 ms)
[2026-08-09T12:54:17.375Z][INFO] project:list-packages <-- Request received
params: {}
[2026-08-09T12:54:17.500Z][INFO] project:list-packages --> 200 (125 ms)
[2026-08-09T12:54:17.538Z][INFO] config:project:get-registries <-- Request received
params: {}
[2026-08-09T12:54:17.541Z][INFO] config:project:get-registries --> 200 (3 ms)
[2026-08-09T12:54:47.801Z][INFO] project:list-packages <-- Request received
params: {}
[2026-08-09T12:54:47.917Z][INFO] project:list-packages --> 200 (116 ms)
[2026-08-09T12:54:48.146Z][INFO] project:list-packages <-- Request received
params: {}
[2026-08-09T12:54:48.294Z][INFO] project:list-packages --> 200 (148 ms)
[2026-08-09T12:54:48.316Z][INFO] config:project:get-registries <-- Request received
params: {}
[2026-08-09T12:54:48.319Z][INFO] config:project:get-registries --> 200 (3 ms)
[2026-08-09T12:57:53.221Z][INFO] project:list-packages <-- Request received
params: {}
[2026-08-09T12:57:53.373Z][INFO] project:list-packages --> 200 (152 ms)
[2026-08-09T12:57:53.562Z][INFO] project:list-packages <-- Request received
params: {}
[2026-08-09T12:57:53.696Z][INFO] project:list-packages --> 200 (134 ms)
[2026-08-09T12:57:53.744Z][INFO] config:project:get-registries <-- Request received
params: {}
[2026-08-09T12:57:53.748Z][INFO] config:project:get-registries --> 200 (4 ms)
[2026-08-09T12:58:18.205Z][INFO] project:list-packages <-- Request received
params: {}
[2026-08-09T12:58:18.326Z][INFO] project:list-packages --> 200 (121 ms)
[2026-08-09T12:58:18.532Z][INFO] project:list-packages <-- Request received
params: {}
[2026-08-09T12:58:18.660Z][INFO] project:list-packages --> 200 (128 ms)
[2026-08-09T12:58:18.698Z][INFO] config:project:get-registries <-- Request received
params: {}
[2026-08-09T12:58:18.702Z][INFO] config:project:get-registries --> 200 (4 ms)
[2026-08-09T12:58:40.574Z][INFO] project:list-packages <-- Request received
params: {}
[2026-08-09T12:58:40.692Z][INFO] project:list-packages --> 200 (118 ms)
[2026-08-09T12:58:40.952Z][INFO] project:list-packages <-- Request received
params: {}
[2026-08-09T12:58:41.101Z][INFO] project:list-packages --> 200 (149 ms)
[2026-08-09T12:58:41.114Z][INFO] config:project:get-registries <-- Request received
params: {}
[2026-08-09T12:58:41.118Z][INFO] config:project:get-registries --> 200 (4 ms)
[2026-08-09T13:00:32.263Z][INFO] project:list-packages <-- Request received
params: {}
[2026-08-09T13:00:32.389Z][INFO] project:list-packages --> 200 (126 ms)
[2026-08-09T13:00:32.602Z][INFO] project:list-packages <-- Request received
params: {}
[2026-08-09T13:00:32.744Z][INFO] project:list-packages --> 200 (142 ms)
[2026-08-09T13:00:32.784Z][INFO] config:project:get-registries <-- Request received
params: {}
[2026-08-09T13:00:32.788Z][INFO] config:project:get-registries --> 200 (4 ms)
[2026-08-09T13:00:58.101Z][INFO] project:list-packages <-- Request received
params: {}
[2026-08-09T13:00:58.222Z][INFO] project:list-packages --> 200 (121 ms)
[2026-08-09T13:00:58.451Z][INFO] project:list-packages <-- Request received
params: {}
[2026-08-09T13:00:58.577Z][INFO] project:list-packages --> 200 (126 ms)
[2026-08-09T13:00:58.621Z][INFO] config:project:get-registries <-- Request received
params: {}
[2026-08-09T13:00:58.625Z][INFO] config:project:get-registries --> 200 (4 ms)
[2026-08-09T13:02:05.148Z][INFO] project:list-packages <-- Request received
params: {}
[2026-08-09T13:02:05.272Z][INFO] project:list-packages --> 200 (124 ms)
[2026-08-09T13:02:05.491Z][INFO] project:list-packages <-- Request received
params: {}
[2026-08-09T13:02:05.620Z][INFO] project:list-packages --> 200 (129 ms)
[2026-08-09T13:02:05.663Z][INFO] config:project:get-registries <-- Request received
params: {}
[2026-08-09T13:02:05.666Z][INFO] config:project:get-registries --> 200 (3 ms)
[2026-08-09T13:02:41.185Z][INFO] project:list-packages <-- Request received
params: {}
[2026-08-09T13:02:41.302Z][INFO] project:list-packages --> 200 (117 ms)
[2026-08-09T13:02:41.550Z][INFO] project:list-packages <-- Request received
params: {}
[2026-08-09T13:02:41.677Z][INFO] project:list-packages --> 200 (127 ms)
[2026-08-09T13:02:41.711Z][INFO] config:project:get-registries <-- Request received
params: {}
[2026-08-09T13:02:41.715Z][INFO] config:project:get-registries --> 200 (4 ms)
[2026-08-09T13:04:41.079Z][INFO] project:list-packages <-- Request received
params: {}
[2026-08-09T13:04:41.201Z][INFO] project:list-packages --> 200 (122 ms)
[2026-08-09T13:04:41.434Z][INFO] project:list-packages <-- Request received
params: {}
[2026-08-09T13:04:41.572Z][INFO] project:list-packages --> 200 (138 ms)
[2026-08-09T13:04:41.608Z][INFO] config:project:get-registries <-- Request received
params: {}
[2026-08-09T13:04:41.612Z][INFO] config:project:get-registries --> 200 (4 ms)
[2026-08-09T13:05:05.068Z][INFO] project:list-packages <-- Request received
params: {}
[2026-08-09T13:05:05.200Z][INFO] project:list-packages --> 200 (132 ms)
[2026-08-09T13:05:05.425Z][INFO] project:list-packages <-- Request received
params: {}
[2026-08-09T13:05:05.564Z][INFO] project:list-packages --> 200 (139 ms)
[2026-08-09T13:05:05.601Z][INFO] config:project:get-registries <-- Request received
params: {}
[2026-08-09T13:05:05.604Z][INFO] config:project:get-registries --> 200 (3 ms)
[2026-08-09T13:06:07.012Z][INFO] project:list-packages <-- Request received
params: {}
[2026-08-09T13:06:07.125Z][INFO] project:list-packages --> 200 (113 ms)
[2026-08-09T13:06:07.365Z][INFO] project:list-packages <-- Request received
params: {}
[2026-08-09T13:06:07.496Z][INFO] project:list-packages --> 200 (131 ms)
[2026-08-09T13:06:07.531Z][INFO] config:project:get-registries <-- Request received
params: {}
[2026-08-09T13:06:07.535Z][INFO] config:project:get-registries --> 200 (4 ms)
[2026-08-09T13:07:15.248Z][INFO] project:list-packages <-- Request received
params: {}
[2026-08-09T13:07:15.356Z][INFO] project:list-packages --> 200 (108 ms)
[2026-08-09T13:07:15.597Z][INFO] project:list-packages <-- Request received
params: {}
[2026-08-09T13:07:15.725Z][INFO] project:list-packages --> 200 (128 ms)
[2026-08-09T13:07:15.770Z][INFO] config:project:get-registries <-- Request received
params: {}
[2026-08-09T13:07:15.775Z][INFO] config:project:get-registries --> 200 (5 ms)
[2026-08-09T13:16:05.301Z][INFO] project:list-packages <-- Request received
params: {}
[2026-08-09T13:16:05.421Z][INFO] project:list-packages --> 200 (119 ms)
[2026-08-09T13:16:05.662Z][INFO] project:list-packages <-- Request received
params: {}
[2026-08-09T13:16:05.785Z][INFO] project:list-packages --> 200 (123 ms)
[2026-08-09T13:16:05.832Z][INFO] config:project:get-registries <-- Request received
params: {}
[2026-08-09T13:16:05.835Z][INFO] config:project:get-registries --> 200 (3 ms)
